2025-07-20T00:30:54.2569394Z Current runner version: '2.326.0'
2025-07-20T00:30:54.2591678Z ##[group]Runner Image Provisioner
2025-07-20T00:30:54.2592515Z Hosted Compute Agent
2025-07-20T00:30:54.2593183Z Version: 20250711.363
2025-07-20T00:30:54.2593744Z Commit: 6785254374ce925a23743850c1cb91912ce5c14c
2025-07-20T00:30:54.2594591Z Build Date: 2025-07-11T20:04:25Z
2025-07-20T00:30:54.2595214Z ##[endgroup]
2025-07-20T00:30:54.2595803Z ##[group]Operating System
2025-07-20T00:30:54.2596400Z Ubuntu
2025-07-20T00:30:54.2596941Z 24.04.2
2025-07-20T00:30:54.2597471Z LTS
2025-07-20T00:30:54.2597943Z ##[endgroup]
2025-07-20T00:30:54.2598481Z ##[group]Runner Image
2025-07-20T00:30:54.2599061Z Image: ubuntu-24.04
2025-07-20T00:30:54.2599569Z Version: 20250710.1.0
2025-07-20T00:30:54.2600521Z Included Software: https://github.com/actions/runner-images/blob/ubuntu24/20250710.1/images/ubuntu/Ubuntu2404-Readme.md
2025-07-20T00:30:54.2602157Z Image Release: https://github.com/actions/runner-images/releases/tag/ubuntu24%2F20250710.1
2025-07-20T00:30:54.2603155Z ##[endgroup]
2025-07-20T00:30:54.2604563Z ##[group]GITHUB_TOKEN Permissions
2025-07-20T00:30:54.2606398Z Contents: read
2025-07-20T00:30:54.2607058Z Metadata: read
2025-07-20T00:30:54.2607608Z Packages: read
2025-07-20T00:30:54.2608099Z ##[endgroup]
2025-07-20T00:30:54.2610180Z Secret source: Actions
2025-07-20T00:30:54.2610919Z Prepare workflow directory
2025-07-20T00:30:54.3116052Z Prepare all required actions
2025-07-20T00:30:54.3152439Z Getting action download info
2025-07-20T00:30:54.6890230Z ##[group]Download immutable action package 'actions/checkout@v4'
2025-07-20T00:30:54.6891355Z Version: 4.2.2
2025-07-20T00:30:54.6892450Z Digest: sha256:ccb2698953eaebd21c7bf6268a94f9c26518a7e38e27e0b83c1fe1ad049819b1
2025-07-20T00:30:54.6893621Z Source commit SHA: 11bd71901bbe5b1630ceea73d27597364c9af683
2025-07-20T00:30:54.6894546Z ##[endgroup]
2025-07-20T00:30:54.7785579Z ##[group]Download immutable action package 'docker/setup-buildx-action@v3'
2025-07-20T00:30:54.7786451Z Version: 3.11.1
2025-07-20T00:30:54.7787285Z Digest: sha256:b58e632d2d812e161c8abeba6def9f56b420aa9ae41d825a8408241bcad0f303
2025-07-20T00:30:54.7788291Z Source commit SHA: e468171a9de216ec08956ac3ada2f0791b6bd435
2025-07-20T00:30:54.7788978Z ##[endgroup]
2025-07-20T00:30:55.3059977Z Complete job name: Build Test
2025-07-20T00:30:55.3647649Z ##[group]Run actions/checkout@v4
2025-07-20T00:30:55.3648456Z with:
2025-07-20T00:30:55.3648870Z   repository: patrg444/Cygni
2025-07-20T00:30:55.3649484Z   token: ***
2025-07-20T00:30:55.3649870Z   ssh-strict: true
2025-07-20T00:30:55.3650267Z   ssh-user: git
2025-07-20T00:30:55.3650665Z   persist-credentials: true
2025-07-20T00:30:55.3651107Z   clean: true
2025-07-20T00:30:55.3651509Z   sparse-checkout-cone-mode: true
2025-07-20T00:30:55.3651979Z   fetch-depth: 1
2025-07-20T00:30:55.3652364Z   fetch-tags: false
2025-07-20T00:30:55.3652756Z   show-progress: true
2025-07-20T00:30:55.3653173Z   lfs: false
2025-07-20T00:30:55.3653540Z   submodules: false
2025-07-20T00:30:55.3653946Z   set-safe-directory: true
2025-07-20T00:30:55.3654883Z env:
2025-07-20T00:30:55.3655270Z   REGISTRY: ghcr.io
2025-07-20T00:30:55.3655677Z   IMAGE_NAME: patrg444/Cygni
2025-07-20T00:30:55.3656126Z ##[endgroup]
2025-07-20T00:30:55.4719817Z Syncing repository: patrg444/Cygni
2025-07-20T00:30:55.4721619Z ##[group]Getting Git version info
2025-07-20T00:30:55.4722263Z Working directory is '/home/runner/work/Cygni/Cygni'
2025-07-20T00:30:55.4723188Z [command]/usr/bin/git version
2025-07-20T00:30:55.4762105Z git version 2.50.1
2025-07-20T00:30:55.4788237Z ##[endgroup]
2025-07-20T00:30:55.4802065Z Temporarily overriding HOME='/home/runner/work/_temp/183f5c98-d4e4-46e9-b8d8-dee8c2c42fc3' before making global git config changes
2025-07-20T00:30:55.4804389Z Adding repository directory to the temporary git global config as a safe directory
2025-07-20T00:30:55.4814913Z [command]/usr/bin/git config --global --add safe.directory /home/runner/work/Cygni/Cygni
2025-07-20T00:30:55.4848480Z Deleting the contents of '/home/runner/work/Cygni/Cygni'
2025-07-20T00:30:55.4852119Z ##[group]Initializing the repository
2025-07-20T00:30:55.4855951Z [command]/usr/bin/git init /home/runner/work/Cygni/Cygni
2025-07-20T00:30:55.4923028Z hint: Using 'master' as the name for the initial branch. This default branch name
2025-07-20T00:30:55.4924741Z hint: is subject to change. To configure the initial branch name to use in all
2025-07-20T00:30:55.4926428Z hint: of your new repositories, which will suppress this warning, call:
2025-07-20T00:30:55.4927507Z hint:
2025-07-20T00:30:55.4928234Z hint: 	git config --global init.defaultBranch <name>
2025-07-20T00:30:55.4929153Z hint:
2025-07-20T00:30:55.4929990Z hint: Names commonly chosen instead of 'master' are 'main', 'trunk' and
2025-07-20T00:30:55.4930905Z hint: 'development'. The just-created branch can be renamed via this command:
2025-07-20T00:30:55.4931621Z hint:
2025-07-20T00:30:55.4932188Z hint: 	git branch -m <name>
2025-07-20T00:30:55.4932913Z hint:
2025-07-20T00:30:55.4933548Z hint: Disable this message with "git config set advice.defaultBranchName false"
2025-07-20T00:30:55.4935120Z Initialized empty Git repository in /home/runner/work/Cygni/Cygni/.git/
2025-07-20T00:30:55.4938042Z [command]/usr/bin/git remote add origin https://github.com/patrg444/Cygni
2025-07-20T00:30:55.4969025Z ##[endgroup]
2025-07-20T00:30:55.4969756Z ##[group]Disabling automatic garbage collection
2025-07-20T00:30:55.4972819Z [command]/usr/bin/git config --local gc.auto 0
2025-07-20T00:30:55.5000805Z ##[endgroup]
2025-07-20T00:30:55.5001816Z ##[group]Setting up auth
2025-07-20T00:30:55.5007339Z [command]/usr/bin/git config --local --name-only --get-regexp core\.sshCommand
2025-07-20T00:30:55.5036896Z [command]/usr/bin/git submodule foreach --recursive sh -c "git config --local --name-only --get-regexp 'core\.sshCommand' && git config --local --unset-all 'core.sshCommand' || :"
2025-07-20T00:30:55.5311135Z [command]/usr/bin/git config --local --name-only --get-regexp http\.https\:\/\/github\.com\/\.extraheader
2025-07-20T00:30:55.5341611Z [command]/usr/bin/git submodule foreach --recursive sh -c "git config --local --name-only --get-regexp 'http\.https\:\/\/github\.com\/\.extraheader' && git config --local --unset-all 'http.https://github.com/.extraheader' || :"
2025-07-20T00:30:55.5564671Z [command]/usr/bin/git config --local http.https://github.com/.extraheader AUTHORIZATION: basic ***
2025-07-20T00:30:55.5598930Z ##[endgroup]
2025-07-20T00:30:55.5600151Z ##[group]Fetching the repository
2025-07-20T00:30:55.5617777Z [command]/usr/bin/git -c protocol.version=2 fetch --no-tags --prune --no-recurse-submodules --depth=1 origin +8b20634d93c48d8caab83322c76f2e8c55822afa:refs/remotes/origin/main
2025-07-20T00:30:56.2070231Z From https://github.com/patrg444/Cygni
2025-07-20T00:30:56.2071880Z  * [new ref]         8b20634d93c48d8caab83322c76f2e8c55822afa -> origin/main
2025-07-20T00:30:56.2095379Z ##[endgroup]
2025-07-20T00:30:56.2096723Z ##[group]Determining the checkout info
2025-07-20T00:30:56.2099320Z ##[endgroup]
2025-07-20T00:30:56.2103131Z [command]/usr/bin/git sparse-checkout disable
2025-07-20T00:30:56.2142450Z [command]/usr/bin/git config --local --unset-all extensions.worktreeConfig
2025-07-20T00:30:56.2170841Z ##[group]Checking out the ref
2025-07-20T00:30:56.2175465Z [command]/usr/bin/git checkout --progress --force -B main refs/remotes/origin/main
2025-07-20T00:30:56.2386086Z Switched to a new branch 'main'
2025-07-20T00:30:56.2388505Z branch 'main' set up to track 'origin/main'.
2025-07-20T00:30:56.2395340Z ##[endgroup]
2025-07-20T00:30:56.2430681Z [command]/usr/bin/git log -1 --format=%H
2025-07-20T00:30:56.2452631Z 8b20634d93c48d8caab83322c76f2e8c55822afa
2025-07-20T00:30:56.2722208Z ##[group]Run docker/setup-buildx-action@v3
2025-07-20T00:30:56.2723314Z with:
2025-07-20T00:30:56.2724268Z   driver: docker-container
2025-07-20T00:30:56.2725139Z   install: false
2025-07-20T00:30:56.2725865Z   use: true
2025-07-20T00:30:56.2726547Z   keep-state: false
2025-07-20T00:30:56.2727312Z   cache-binary: true
2025-07-20T00:30:56.2728072Z   cleanup: true
2025-07-20T00:30:56.2729026Z env:
2025-07-20T00:30:56.2729683Z   REGISTRY: ghcr.io
2025-07-20T00:30:56.2730469Z   IMAGE_NAME: patrg444/Cygni
2025-07-20T00:30:56.2731343Z ##[endgroup]
2025-07-20T00:30:56.5732559Z ##[group]Docker info
2025-07-20T00:30:56.5754945Z [command]/usr/bin/docker version
2025-07-20T00:30:56.6726403Z Client: Docker Engine - Community
2025-07-20T00:30:56.6728706Z  Version:           28.0.4
2025-07-20T00:30:56.6731799Z  API version:       1.48
2025-07-20T00:30:56.6733234Z  Go version:        go1.23.7
2025-07-20T00:30:56.6734849Z  Git commit:        b8034c0
2025-07-20T00:30:56.6736371Z  Built:             Tue Mar 25 15:07:16 2025
2025-07-20T00:30:56.6737973Z  OS/Arch:           linux/amd64
2025-07-20T00:30:56.6739449Z  Context:           default
2025-07-20T00:30:56.6740288Z 
2025-07-20T00:30:56.6740867Z Server: Docker Engine - Community
2025-07-20T00:30:56.6742323Z  Engine:
2025-07-20T00:30:56.6743522Z   Version:          28.0.4
2025-07-20T00:30:56.6745325Z   API version:      1.48 (minimum version 1.24)
2025-07-20T00:30:56.6747043Z   Go version:       go1.23.7
2025-07-20T00:30:56.6748439Z   Git commit:       6430e49
2025-07-20T00:30:56.6749883Z   Built:            Tue Mar 25 15:07:16 2025
2025-07-20T00:30:56.6751486Z   OS/Arch:          linux/amd64
2025-07-20T00:30:56.6752945Z   Experimental:     false
2025-07-20T00:30:56.6754514Z  containerd:
2025-07-20T00:30:56.6755754Z   Version:          1.7.27
2025-07-20T00:30:56.6757451Z   GitCommit:        05044ec0a9a75232cad458027ca83437aae3f4da
2025-07-20T00:30:56.6759232Z  runc:
2025-07-20T00:30:56.6760516Z   Version:          1.2.5
2025-07-20T00:30:56.6762087Z   GitCommit:        v1.2.5-0-g59923ef
2025-07-20T00:30:56.6763728Z  docker-init:
2025-07-20T00:30:56.6765292Z   Version:          0.19.0
2025-07-20T00:30:56.6766751Z   GitCommit:        de40ad0
2025-07-20T00:30:56.6788931Z [command]/usr/bin/docker info
2025-07-20T00:30:56.8650101Z Client: Docker Engine - Community
2025-07-20T00:30:56.8652092Z  Version:    28.0.4
2025-07-20T00:30:56.8655151Z  Context:    default
2025-07-20T00:30:56.8656480Z  Debug Mode: false
2025-07-20T00:30:56.8657661Z  Plugins:
2025-07-20T00:30:56.8658863Z   buildx: Docker Buildx (Docker Inc.)
2025-07-20T00:30:56.8660402Z     Version:  v0.25.0
2025-07-20T00:30:56.8661937Z     Path:     /usr/libexec/docker/cli-plugins/docker-buildx
2025-07-20T00:30:56.8663513Z   compose: Docker Compose (Docker Inc.)
2025-07-20T00:30:56.8664842Z     Version:  v2.36.2
2025-07-20T00:30:56.8665806Z     Path:     /usr/libexec/docker/cli-plugins/docker-compose
2025-07-20T00:30:56.8666558Z 
2025-07-20T00:30:56.8666762Z Server:
2025-07-20T00:30:56.8667277Z  Containers: 0
2025-07-20T00:30:56.8667828Z   Running: 0
2025-07-20T00:30:56.8668386Z   Paused: 0
2025-07-20T00:30:56.8668907Z   Stopped: 0
2025-07-20T00:30:56.8669442Z  Images: 0
2025-07-20T00:30:56.8669978Z  Server Version: 28.0.4
2025-07-20T00:30:56.8670888Z  Storage Driver: overlay2
2025-07-20T00:30:56.8671775Z   Backing Filesystem: extfs
2025-07-20T00:30:56.8672460Z   Supports d_type: true
2025-07-20T00:30:56.8673112Z   Using metacopy: false
2025-07-20T00:30:56.8673748Z   Native Overlay Diff: false
2025-07-20T00:30:56.8674936Z   userxattr: false
2025-07-20T00:30:56.8675535Z  Logging Driver: json-file
2025-07-20T00:30:56.8676165Z  Cgroup Driver: systemd
2025-07-20T00:30:56.8676886Z  Cgroup Version: 2
2025-07-20T00:30:56.8677447Z  Plugins:
2025-07-20T00:30:56.8678050Z   Volume: local
2025-07-20T00:30:56.8678839Z   Network: bridge host ipvlan macvlan null overlay
2025-07-20T00:30:56.8680196Z   Log: awslogs fluentd gcplogs gelf journald json-file local splunk syslog
2025-07-20T00:30:56.8681322Z  Swarm: inactive
2025-07-20T00:30:56.8682406Z  Runtimes: io.containerd.runc.v2 runc
2025-07-20T00:30:56.8683248Z  Default Runtime: runc
2025-07-20T00:30:56.8683826Z  Init Binary: docker-init
2025-07-20T00:30:56.8684950Z  containerd version: 05044ec0a9a75232cad458027ca83437aae3f4da
2025-07-20T00:30:56.8686027Z  runc version: v1.2.5-0-g59923ef
2025-07-20T00:30:56.8686760Z  init version: de40ad0
2025-07-20T00:30:56.8687676Z  Security Options:
2025-07-20T00:30:56.8688161Z   apparmor
2025-07-20T00:30:56.8688684Z   seccomp
2025-07-20T00:30:56.8689178Z    Profile: builtin
2025-07-20T00:30:56.8689688Z   cgroupns
2025-07-20T00:30:56.8690388Z  Kernel Version: 6.11.0-1018-azure
2025-07-20T00:30:56.8691449Z  Operating System: Ubuntu 24.04.2 LTS
2025-07-20T00:30:56.8692479Z  OSType: linux
2025-07-20T00:30:56.8693117Z  Architecture: x86_64
2025-07-20T00:30:56.8693651Z  CPUs: 4
2025-07-20T00:30:56.8694240Z  Total Memory: 15.62GiB
2025-07-20T00:30:56.8694851Z  Name: pkrvmq0rgcvqdmg
2025-07-20T00:30:56.8695486Z  ID: 59ce2f9e-8373-49df-b904-c97e78d80d7f
2025-07-20T00:30:56.8696352Z  Docker Root Dir: /var/lib/docker
2025-07-20T00:30:56.8696973Z  Debug Mode: false
2025-07-20T00:30:56.8697549Z  Username: githubactions
2025-07-20T00:30:56.8698179Z  Experimental: false
2025-07-20T00:30:56.8698715Z  Insecure Registries:
2025-07-20T00:30:56.8702799Z   ::1/128
2025-07-20T00:30:56.8703377Z   127.0.0.0/8
2025-07-20T00:30:56.8703996Z  Live Restore Enabled: false
2025-07-20T00:30:56.8704978Z 
2025-07-20T00:30:56.8705953Z ##[endgroup]
2025-07-20T00:30:56.9342957Z ##[group]Buildx version
2025-07-20T00:30:56.9364722Z [command]/usr/bin/docker buildx version
2025-07-20T00:30:56.9746695Z github.com/docker/buildx v0.25.0 faaea65da4ba0e58a13cd9cadcb950c51cf3b3c9
2025-07-20T00:30:56.9778992Z ##[endgroup]
2025-07-20T00:30:56.9927858Z ##[group]Inspecting default docker context
2025-07-20T00:30:57.0065375Z [
2025-07-20T00:30:57.0066112Z   {
2025-07-20T00:30:57.0066695Z     "Name": "default",
2025-07-20T00:30:57.0067310Z     "Metadata": {},
2025-07-20T00:30:57.0067891Z     "Endpoints": {
2025-07-20T00:30:57.0068491Z       "docker": {
2025-07-20T00:30:57.0069047Z         "Host": "unix:///var/run/docker.sock",
2025-07-20T00:30:57.0070082Z         "SkipTLSVerify": false
2025-07-20T00:30:57.0070923Z       }
2025-07-20T00:30:57.0071448Z     },
2025-07-20T00:30:57.0071924Z     "TLSMaterial": {},
2025-07-20T00:30:57.0072704Z     "Storage": {
2025-07-20T00:30:57.0073410Z       "MetadataPath": "<IN MEMORY>",
2025-07-20T00:30:57.0074378Z       "TLSPath": "<IN MEMORY>"
2025-07-20T00:30:57.0075099Z     }
2025-07-20T00:30:57.0075804Z   }
2025-07-20T00:30:57.0076357Z ]
2025-07-20T00:30:57.0077443Z ##[endgroup]
2025-07-20T00:30:57.0078665Z ##[group]Creating a new builder instance
2025-07-20T00:30:57.1144490Z [command]/usr/bin/docker buildx create --name builder-f496c804-5555-4588-8483-30b6806518c8 --driver docker-container --buildkitd-flags --allow-insecure-entitlement security.insecure --allow-insecure-entitlement network.host --use
2025-07-20T00:30:57.1602960Z builder-f496c804-5555-4588-8483-30b6806518c8
2025-07-20T00:30:57.1634967Z ##[endgroup]
2025-07-20T00:30:57.1635926Z ##[group]Booting builder
2025-07-20T00:30:57.1669865Z [command]/usr/bin/docker buildx inspect --bootstrap --builder builder-f496c804-5555-4588-8483-30b6806518c8
2025-07-20T00:30:57.2122808Z #1 [internal] booting buildkit
2025-07-20T00:30:57.3628557Z #1 pulling image moby/buildkit:buildx-stable-1
2025-07-20T00:31:01.0566173Z #1 pulling image moby/buildkit:buildx-stable-1 3.8s done
2025-07-20T00:31:01.2076100Z #1 creating container buildx_buildkit_builder-f496c804-5555-4588-8483-30b6806518c80
2025-07-20T00:31:01.3156945Z #1 creating container buildx_buildkit_builder-f496c804-5555-4588-8483-30b6806518c80 0.3s done
2025-07-20T00:31:01.3171947Z #1 DONE 4.1s
2025-07-20T00:31:01.3485045Z Name:          builder-f496c804-5555-4588-8483-30b6806518c8
2025-07-20T00:31:01.3485786Z Driver:        docker-container
2025-07-20T00:31:01.3486453Z Last Activity: 2025-07-20 00:30:57 +0000 UTC
2025-07-20T00:31:01.3486834Z 
2025-07-20T00:31:01.3487537Z Nodes:
2025-07-20T00:31:01.3488168Z Name:                  builder-f496c804-5555-4588-8483-30b6806518c80
2025-07-20T00:31:01.3488788Z Endpoint:              unix:///var/run/docker.sock
2025-07-20T00:31:01.3489407Z Status:                running
2025-07-20T00:31:01.3490657Z BuildKit daemon flags: --allow-insecure-entitlement security.insecure --allow-insecure-entitlement network.host
2025-07-20T00:31:01.3491800Z BuildKit version:      v0.22.0
2025-07-20T00:31:01.3492538Z Platforms:             linux/amd64, linux/amd64/v2, linux/amd64/v3, linux/386
2025-07-20T00:31:01.3493146Z Labels:
2025-07-20T00:31:01.3493666Z  org.mobyproject.buildkit.worker.executor:         oci
2025-07-20T00:31:01.3494640Z  org.mobyproject.buildkit.worker.hostname:         9051ebc45371
2025-07-20T00:31:01.3495484Z  org.mobyproject.buildkit.worker.network:          host
2025-07-20T00:31:01.3496228Z  org.mobyproject.buildkit.worker.oci.process-mode: sandbox
2025-07-20T00:31:01.3497043Z  org.mobyproject.buildkit.worker.selinux.enabled:  false
2025-07-20T00:31:01.3497835Z  org.mobyproject.buildkit.worker.snapshotter:      overlayfs
2025-07-20T00:31:01.3498450Z GC Policy rule#0:
2025-07-20T00:31:01.3498926Z  All:            false
2025-07-20T00:31:01.3499558Z  Filters:        type==source.local,type==exec.cachemount,type==source.git.checkout
2025-07-20T00:31:01.3500279Z  Keep Duration:  48h0m0s
2025-07-20T00:31:01.3500802Z  Max Used Space: 488.3MiB
2025-07-20T00:31:01.3501238Z GC Policy rule#1:
2025-07-20T00:31:01.3501656Z  All:            false
2025-07-20T00:31:01.3502090Z  Keep Duration:  1440h0m0s
2025-07-20T00:31:01.3502718Z  Reserved Space: 7.451GiB
2025-07-20T00:31:01.3503207Z  Max Used Space: 54.02GiB
2025-07-20T00:31:01.3503650Z  Min Free Space: 13.97GiB
2025-07-20T00:31:01.3504289Z GC Policy rule#2:
2025-07-20T00:31:01.3504713Z  All:            false
2025-07-20T00:31:01.3505135Z  Reserved Space: 7.451GiB
2025-07-20T00:31:01.3505740Z  Max Used Space: 54.02GiB
2025-07-20T00:31:01.3506219Z  Min Free Space: 13.97GiB
2025-07-20T00:31:01.3506642Z GC Policy rule#3:
2025-07-20T00:31:01.3507127Z  All:            true
2025-07-20T00:31:01.3507501Z  Reserved Space: 7.451GiB
2025-07-20T00:31:01.3507942Z  Max Used Space: 54.02GiB
2025-07-20T00:31:01.3508446Z  Min Free Space: 13.97GiB
2025-07-20T00:31:01.3546582Z ##[endgroup]
2025-07-20T00:31:01.4336018Z ##[group]Inspect builder
2025-07-20T00:31:01.4336842Z {
2025-07-20T00:31:01.4337216Z   "nodes": [
2025-07-20T00:31:01.4337701Z     {
2025-07-20T00:31:01.4338283Z       "name": "builder-f496c804-5555-4588-8483-30b6806518c80",
2025-07-20T00:31:01.4338886Z       "endpoint": "unix:///var/run/docker.sock",
2025-07-20T00:31:01.4339252Z       "status": "running",
2025-07-20T00:31:01.4339843Z       "buildkitd-flags": "--allow-insecure-entitlement security.insecure --allow-insecure-entitlement network.host",
2025-07-20T00:31:01.4340537Z       "buildkit": "v0.22.0",
2025-07-20T00:31:01.4340913Z       "platforms": "linux/amd64,linux/amd64/v2,linux/amd64/v3,linux/386",
2025-07-20T00:31:01.4341310Z       "features": {
2025-07-20T00:31:01.4341811Z         "Automatically load images to the Docker Engine image store": true,
2025-07-20T00:31:01.4342213Z         "Cache export": true,
2025-07-20T00:31:01.4342510Z         "Direct push": true,
2025-07-20T00:31:01.4342865Z         "Docker exporter": true,
2025-07-20T00:31:01.4343242Z         "Multi-platform build": true,
2025-07-20T00:31:01.4343544Z         "OCI exporter": true
2025-07-20T00:31:01.4343946Z       },
2025-07-20T00:31:01.4344658Z       "labels": {
2025-07-20T00:31:01.4345032Z         "org.mobyproject.buildkit.worker.executor": "oci",
2025-07-20T00:31:01.4345610Z         "org.mobyproject.buildkit.worker.hostname": "9051ebc45371",
2025-07-20T00:31:01.4346048Z         "org.mobyproject.buildkit.worker.network": "host",
2025-07-20T00:31:01.4346533Z         "org.mobyproject.buildkit.worker.oci.process-mode": "sandbox",
2025-07-20T00:31:01.4347056Z         "org.mobyproject.buildkit.worker.selinux.enabled": "false",
2025-07-20T00:31:01.4347850Z         "org.mobyproject.buildkit.worker.snapshotter": "overlayfs"
2025-07-20T00:31:01.4348229Z       },
2025-07-20T00:31:01.4348549Z       "gcPolicy": [
2025-07-20T00:31:01.4348845Z         {
2025-07-20T00:31:01.4349069Z           "all": false,
2025-07-20T00:31:01.4349429Z           "filter": [
2025-07-20T00:31:01.4349706Z             "type==source.local",
2025-07-20T00:31:01.4350039Z             "type==exec.cachemount",
2025-07-20T00:31:01.4350473Z             "type==source.git.checkout"
2025-07-20T00:31:01.4350883Z           ],
2025-07-20T00:31:01.4351121Z           "keepDuration": "48h0m0s",
2025-07-20T00:31:01.4351464Z           "maxUsedSpace": "488.3MiB"
2025-07-20T00:31:01.4351811Z         },
2025-07-20T00:31:01.4352063Z         {
2025-07-20T00:31:01.4352298Z           "all": false,
2025-07-20T00:31:01.4352623Z           "keepDuration": "1440h0m0s",
2025-07-20T00:31:01.4352964Z           "reservedSpace": "7.451GiB",
2025-07-20T00:31:01.4353288Z           "maxUsedSpace": "54.02GiB",
2025-07-20T00:31:01.4353676Z           "minFreeSpace": "13.97GiB"
2025-07-20T00:31:01.4353950Z         },
2025-07-20T00:31:01.4354440Z         {
2025-07-20T00:31:01.4354727Z           "all": false,
2025-07-20T00:31:01.4355042Z           "reservedSpace": "7.451GiB",
2025-07-20T00:31:01.4355407Z           "maxUsedSpace": "54.02GiB",
2025-07-20T00:31:01.4355746Z           "minFreeSpace": "13.97GiB"
2025-07-20T00:31:01.4356073Z         },
2025-07-20T00:31:01.4356298Z         {
2025-07-20T00:31:01.4356597Z           "all": true,
2025-07-20T00:31:01.4356869Z           "reservedSpace": "7.451GiB",
2025-07-20T00:31:01.4357225Z           "maxUsedSpace": "54.02GiB",
2025-07-20T00:31:01.4357495Z           "minFreeSpace": "13.97GiB"
2025-07-20T00:31:01.4357881Z         }
2025-07-20T00:31:01.4358116Z       ]
2025-07-20T00:31:01.4358347Z     }
2025-07-20T00:31:01.4358659Z   ],
2025-07-20T00:31:01.4358955Z   "name": "builder-f496c804-5555-4588-8483-30b6806518c8",
2025-07-20T00:31:01.4359322Z   "driver": "docker-container",
2025-07-20T00:31:01.4359699Z   "lastActivity": "2025-07-20T00:30:57.000Z"
2025-07-20T00:31:01.4360026Z }
2025-07-20T00:31:01.4360553Z ##[endgroup]
2025-07-20T00:31:01.4361004Z ##[group]BuildKit version
2025-07-20T00:31:01.4361349Z builder-f496c804-5555-4588-8483-30b6806518c80: v0.22.0
2025-07-20T00:31:01.4361928Z ##[endgroup]
2025-07-20T00:31:01.4525043Z ##[group]Run echo "FROM node:20-alpine" > Dockerfile.test
2025-07-20T00:31:01.4525581Z [36;1mecho "FROM node:20-alpine" > Dockerfile.test[0m
2025-07-20T00:31:01.4525922Z [36;1mecho "WORKDIR /app" >> Dockerfile.test[0m
2025-07-20T00:31:01.4526204Z [36;1mecho "COPY . ." >> Dockerfile.test[0m
2025-07-20T00:31:01.4526511Z [36;1mecho "RUN echo 'Build successful'" >> Dockerfile.test[0m
2025-07-20T00:31:01.4526874Z [36;1mdocker build -f Dockerfile.test -t test-build .[0m
2025-07-20T00:31:01.4559084Z shell: /usr/bin/bash -e {0}
2025-07-20T00:31:01.4559325Z env:
2025-07-20T00:31:01.4559496Z   REGISTRY: ghcr.io
2025-07-20T00:31:01.4559742Z   IMAGE_NAME: patrg444/Cygni
2025-07-20T00:31:01.4559949Z ##[endgroup]
2025-07-20T00:31:01.7407638Z #0 building with "default" instance using docker driver
2025-07-20T00:31:01.7408117Z 
2025-07-20T00:31:01.7408278Z #1 [internal] load build definition from Dockerfile.test
2025-07-20T00:31:01.7408683Z #1 transferring dockerfile: 112B done
2025-07-20T00:31:01.7409028Z #1 DONE 0.0s
2025-07-20T00:31:01.7409149Z 
2025-07-20T00:31:01.7409318Z #2 [internal] load metadata for docker.io/library/node:20-alpine
2025-07-20T00:31:01.9171180Z #2 ...
2025-07-20T00:31:01.9171456Z 
2025-07-20T00:31:01.9171731Z #3 [auth] library/node:pull token for registry-1.docker.io
2025-07-20T00:31:01.9172251Z #3 DONE 0.0s
2025-07-20T00:31:02.0671355Z 
2025-07-20T00:31:02.0671797Z #2 [internal] load metadata for docker.io/library/node:20-alpine
2025-07-20T00:31:02.4262031Z #2 DONE 0.8s
2025-07-20T00:31:02.5484671Z 
2025-07-20T00:31:02.5485228Z #4 [internal] load .dockerignore
2025-07-20T00:31:02.5485695Z #4 transferring context: 431B done
2025-07-20T00:31:02.5485968Z #4 DONE 0.0s
2025-07-20T00:31:02.5486079Z 
2025-07-20T00:31:02.5486168Z #5 [internal] load build context
2025-07-20T00:31:02.5486429Z #5 transferring context: 1.82MB 0.0s done
2025-07-20T00:31:02.5486684Z #5 DONE 0.1s
2025-07-20T00:31:02.5486795Z 
2025-07-20T00:31:02.5487188Z #6 [1/4] FROM docker.io/library/node:20-alpine@sha256:df02558528d3d3d0d621f112e232611aecfee7cbc654f6b375765f72bb262799
2025-07-20T00:31:02.5488022Z #6 resolve docker.io/library/node:20-alpine@sha256:df02558528d3d3d0d621f112e232611aecfee7cbc654f6b375765f72bb262799 done
2025-07-20T00:31:02.5489036Z #6 sha256:ae6ee91a652d927de01d550c29f863a52f1da390c89df95f3ceba256d1e62604 1.72kB / 1.72kB done
2025-07-20T00:31:02.5489712Z #6 sha256:7cdef5a331927fafa250be6166052d8599bf5eb7b014342538c2cc79b70a081f 6.42kB / 6.42kB done
2025-07-20T00:31:02.5490354Z #6 sha256:9824c27679d3b27c5e1cb00a73adb6f4f8d556994111c12db3c5d61a0c843df8 0B / 3.80MB 0.1s
2025-07-20T00:31:02.5491001Z #6 sha256:8c59d92d6fc9f01af4aaa86824be72b74bd4d940c4c46aa95d9710bfa46c975e 0B / 42.99MB 0.1s
2025-07-20T00:31:02.5491625Z #6 sha256:54225bd601967a0aa669ec9be621c24d8eeac874b698d55874018070898685c2 0B / 1.26MB 0.1s
2025-07-20T00:31:02.5492265Z #6 sha256:df02558528d3d3d0d621f112e232611aecfee7cbc654f6b375765f72bb262799 7.67kB / 7.67kB done
2025-07-20T00:31:02.6485417Z #6 sha256:9824c27679d3b27c5e1cb00a73adb6f4f8d556994111c12db3c5d61a0c843df8 3.17MB / 3.80MB 0.2s
2025-07-20T00:31:02.8483375Z #6 sha256:9824c27679d3b27c5e1cb00a73adb6f4f8d556994111c12db3c5d61a0c843df8 3.80MB / 3.80MB 0.2s done
2025-07-20T00:31:02.8484554Z #6 sha256:8c59d92d6fc9f01af4aaa86824be72b74bd4d940c4c46aa95d9710bfa46c975e 14.68MB / 42.99MB 0.4s
2025-07-20T00:31:02.8485300Z #6 sha256:54225bd601967a0aa669ec9be621c24d8eeac874b698d55874018070898685c2 1.26MB / 1.26MB 0.3s done
2025-07-20T00:31:02.8486057Z #6 extracting sha256:9824c27679d3b27c5e1cb00a73adb6f4f8d556994111c12db3c5d61a0c843df8 0.1s done
2025-07-20T00:31:02.8486786Z #6 sha256:a9e48ad1219d4d11c6456a8db0fd5c11af46242d52edf84e17ab84a7bfd93809 0B / 445B 0.4s
2025-07-20T00:31:03.0481810Z #6 sha256:8c59d92d6fc9f01af4aaa86824be72b74bd4d940c4c46aa95d9710bfa46c975e 41.94MB / 42.99MB 0.6s
2025-07-20T00:31:03.0482711Z #6 sha256:a9e48ad1219d4d11c6456a8db0fd5c11af46242d52edf84e17ab84a7bfd93809 445B / 445B 0.4s done
2025-07-20T00:31:03.1482703Z #6 sha256:8c59d92d6fc9f01af4aaa86824be72b74bd4d940c4c46aa95d9710bfa46c975e 42.99MB / 42.99MB 0.6s done
2025-07-20T00:31:03.1483879Z #6 extracting sha256:8c59d92d6fc9f01af4aaa86824be72b74bd4d940c4c46aa95d9710bfa46c975e
2025-07-20T00:31:04.2565103Z #6 extracting sha256:8c59d92d6fc9f01af4aaa86824be72b74bd4d940c4c46aa95d9710bfa46c975e 1.0s done
2025-07-20T00:31:04.2574865Z #6 extracting sha256:54225bd601967a0aa669ec9be621c24d8eeac874b698d55874018070898685c2
2025-07-20T00:31:04.3851735Z #6 extracting sha256:54225bd601967a0aa669ec9be621c24d8eeac874b698d55874018070898685c2 0.0s done
2025-07-20T00:31:04.3852491Z #6 extracting sha256:a9e48ad1219d4d11c6456a8db0fd5c11af46242d52edf84e17ab84a7bfd93809 done
2025-07-20T00:31:04.3853202Z #6 DONE 1.9s
2025-07-20T00:31:04.3853720Z 
2025-07-20T00:31:04.3853869Z #7 [2/4] WORKDIR /app
2025-07-20T00:31:04.3854619Z #7 DONE 0.0s
2025-07-20T00:31:04.3854787Z 
2025-07-20T00:31:04.3854917Z #8 [3/4] COPY . .
2025-07-20T00:31:04.3855313Z #8 DONE 0.0s
2025-07-20T00:31:04.5021293Z 
2025-07-20T00:31:04.5021755Z #9 [4/4] RUN echo 'Build successful'
2025-07-20T00:31:04.5022213Z #9 0.116 Build successful
2025-07-20T00:31:04.6594019Z #9 DONE 0.1s
2025-07-20T00:31:04.6594447Z 
2025-07-20T00:31:04.6594580Z #10 exporting to image
2025-07-20T00:31:04.6594905Z #10 exporting layers
2025-07-20T00:31:05.0149377Z #10 exporting layers 0.5s done
2025-07-20T00:31:05.0386820Z #10 writing image sha256:6a73c4ea1f92d63cdbb6041c890ef71e412ac724bd74ec4d699b10e9c97f4537 done
2025-07-20T00:31:05.0387578Z #10 naming to docker.io/library/test-build done
2025-07-20T00:31:05.0392473Z #10 DONE 0.5s
2025-07-20T00:31:05.0516525Z Post job cleanup.
2025-07-20T00:31:05.3232222Z ##[group]Removing builder
2025-07-20T00:31:05.4103762Z [command]/usr/bin/docker buildx rm builder-f496c804-5555-4588-8483-30b6806518c8
2025-07-20T00:31:05.5372784Z builder-f496c804-5555-4588-8483-30b6806518c8 removed
2025-07-20T00:31:05.5416691Z ##[endgroup]
2025-07-20T00:31:05.5417395Z ##[group]Cleaning up certificates
2025-07-20T00:31:05.5422318Z ##[endgroup]
2025-07-20T00:31:05.5422957Z ##[group]Post cache
2025-07-20T00:31:05.5425684Z State not set
2025-07-20T00:31:05.5426523Z ##[endgroup]
2025-07-20T00:31:05.5563430Z Post job cleanup.
2025-07-20T00:31:05.6485565Z [command]/usr/bin/git version
2025-07-20T00:31:05.6521705Z git version 2.50.1
2025-07-20T00:31:05.6564727Z Temporarily overriding HOME='/home/runner/work/_temp/66a1fac1-9906-46ae-bfed-ae96ca36d4f2' before making global git config changes
2025-07-20T00:31:05.6565516Z Adding repository directory to the temporary git global config as a safe directory
2025-07-20T00:31:05.6577940Z [command]/usr/bin/git config --global --add safe.directory /home/runner/work/Cygni/Cygni
2025-07-20T00:31:05.6613002Z [command]/usr/bin/git config --local --name-only --get-regexp core\.sshCommand
2025-07-20T00:31:05.6644316Z [command]/usr/bin/git submodule foreach --recursive sh -c "git config --local --name-only --get-regexp 'core\.sshCommand' && git config --local --unset-all 'core.sshCommand' || :"
2025-07-20T00:31:05.6864718Z [command]/usr/bin/git config --local --name-only --get-regexp http\.https\:\/\/github\.com\/\.extraheader
2025-07-20T00:31:05.6884499Z http.https://github.com/.extraheader
2025-07-20T00:31:05.6896709Z [command]/usr/bin/git config --local --unset-all http.https://github.com/.extraheader
2025-07-20T00:31:05.6927117Z [command]/usr/bin/git submodule foreach --recursive sh -c "git config --local --name-only --get-regexp 'http\.https\:\/\/github\.com\/\.extraheader' && git config --local --unset-all 'http.https://github.com/.extraheader' || :"
2025-07-20T00:31:05.7246951Z Cleaning up orphan processes
