2025-07-20T04:40:42.7372700Z Current runner version: '2.326.0'
2025-07-20T04:40:42.7395506Z ##[group]Runner Image Provisioner
2025-07-20T04:40:42.7396609Z Hosted Compute Agent
2025-07-20T04:40:42.7397247Z Version: 20250711.363
2025-07-20T04:40:42.7397793Z Commit: 6785254374ce925a23743850c1cb91912ce5c14c
2025-07-20T04:40:42.7398594Z Build Date: 2025-07-11T20:04:25Z
2025-07-20T04:40:42.7399192Z ##[endgroup]
2025-07-20T04:40:42.7399750Z ##[group]Operating System
2025-07-20T04:40:42.7400276Z Ubuntu
2025-07-20T04:40:42.7400825Z 24.04.2
2025-07-20T04:40:42.7401247Z LTS
2025-07-20T04:40:42.7401683Z ##[endgroup]
2025-07-20T04:40:42.7402186Z ##[group]Runner Image
2025-07-20T04:40:42.7402743Z Image: ubuntu-24.04
2025-07-20T04:40:42.7403222Z Version: 20250710.1.0
2025-07-20T04:40:42.7404233Z Included Software: https://github.com/actions/runner-images/blob/ubuntu24/20250710.1/images/ubuntu/Ubuntu2404-Readme.md
2025-07-20T04:40:42.7405797Z Image Release: https://github.com/actions/runner-images/releases/tag/ubuntu24%2F20250710.1
2025-07-20T04:40:42.7407019Z ##[endgroup]
2025-07-20T04:40:42.7408093Z ##[group]GITHUB_TOKEN Permissions
2025-07-20T04:40:42.7410251Z Contents: read
2025-07-20T04:40:42.7410764Z Metadata: read
2025-07-20T04:40:42.7411259Z Packages: read
2025-07-20T04:40:42.7411762Z ##[endgroup]
2025-07-20T04:40:42.7414084Z Secret source: Actions
2025-07-20T04:40:42.7414953Z Prepare workflow directory
2025-07-20T04:40:42.7918346Z Prepare all required actions
2025-07-20T04:40:42.7952575Z Getting action download info
2025-07-20T04:40:43.1792709Z ##[group]Download immutable action package 'actions/checkout@v4'
2025-07-20T04:40:43.1793848Z Version: 4.2.2
2025-07-20T04:40:43.1794916Z Digest: sha256:ccb2698953eaebd21c7bf6268a94f9c26518a7e38e27e0b83c1fe1ad049819b1
2025-07-20T04:40:43.1796208Z Source commit SHA: 11bd71901bbe5b1630ceea73d27597364c9af683
2025-07-20T04:40:43.1797209Z ##[endgroup]
2025-07-20T04:40:43.2626362Z Download action repository 'pnpm/action-setup@v2' (SHA:eae0cfeb286e66ffb5155f1a79b90583a127a68b)
2025-07-20T04:40:43.8284330Z ##[group]Download immutable action package 'actions/setup-node@v4'
2025-07-20T04:40:43.8285154Z Version: 4.4.0
2025-07-20T04:40:43.8285917Z Digest: sha256:9427cefe82346e992fb5b949e3569b39d537ae41aa3086483b14eceebfc16bc1
2025-07-20T04:40:43.8287292Z Source commit SHA: 49933ea5288caeca8642d1e84afbd3f7d6820020
2025-07-20T04:40:43.8288053Z ##[endgroup]
2025-07-20T04:40:43.9944018Z Complete job name: Test Matrix - Node 20 on ubuntu-latest
2025-07-20T04:40:44.0555623Z ##[group]Run actions/checkout@v4
2025-07-20T04:40:44.0556652Z with:
2025-07-20T04:40:44.0557104Z   repository: patrg444/Cygni
2025-07-20T04:40:44.0557779Z   token: ***
2025-07-20T04:40:44.0558197Z   ssh-strict: true
2025-07-20T04:40:44.0558613Z   ssh-user: git
2025-07-20T04:40:44.0559052Z   persist-credentials: true
2025-07-20T04:40:44.0559545Z   clean: true
2025-07-20T04:40:44.0559976Z   sparse-checkout-cone-mode: true
2025-07-20T04:40:44.0560480Z   fetch-depth: 1
2025-07-20T04:40:44.0560892Z   fetch-tags: false
2025-07-20T04:40:44.0561329Z   show-progress: true
2025-07-20T04:40:44.0561771Z   lfs: false
2025-07-20T04:40:44.0562160Z   submodules: false
2025-07-20T04:40:44.0562586Z   set-safe-directory: true
2025-07-20T04:40:44.0563287Z env:
2025-07-20T04:40:44.0563679Z   REGISTRY: ghcr.io
2025-07-20T04:40:44.0564139Z   IMAGE_NAME: patrg444/Cygni
2025-07-20T04:40:44.0564714Z ##[endgroup]
2025-07-20T04:40:44.1625168Z Syncing repository: patrg444/Cygni
2025-07-20T04:40:44.1627433Z ##[group]Getting Git version info
2025-07-20T04:40:44.1628399Z Working directory is '/home/runner/work/Cygni/Cygni'
2025-07-20T04:40:44.1629778Z [command]/usr/bin/git version
2025-07-20T04:40:44.1649381Z git version 2.50.1
2025-07-20T04:40:44.1674897Z ##[endgroup]
2025-07-20T04:40:44.1697794Z Temporarily overriding HOME='/home/runner/work/_temp/ae5690cb-2ed5-4603-a716-6c35ac0fb877' before making global git config changes
2025-07-20T04:40:44.1700529Z Adding repository directory to the temporary git global config as a safe directory
2025-07-20T04:40:44.1703662Z [command]/usr/bin/git config --global --add safe.directory /home/runner/work/Cygni/Cygni
2025-07-20T04:40:44.1737331Z Deleting the contents of '/home/runner/work/Cygni/Cygni'
2025-07-20T04:40:44.1741255Z ##[group]Initializing the repository
2025-07-20T04:40:44.1745850Z [command]/usr/bin/git init /home/runner/work/Cygni/Cygni
2025-07-20T04:40:44.1802485Z hint: Using 'master' as the name for the initial branch. This default branch name
2025-07-20T04:40:44.1803925Z hint: is subject to change. To configure the initial branch name to use in all
2025-07-20T04:40:44.1804875Z hint: of your new repositories, which will suppress this warning, call:
2025-07-20T04:40:44.1805592Z hint:
2025-07-20T04:40:44.1806104Z hint: 	git config --global init.defaultBranch <name>
2025-07-20T04:40:44.1806964Z hint:
2025-07-20T04:40:44.1807713Z hint: Names commonly chosen instead of 'master' are 'main', 'trunk' and
2025-07-20T04:40:44.1809145Z hint: 'development'. The just-created branch can be renamed via this command:
2025-07-20T04:40:44.1809924Z hint:
2025-07-20T04:40:44.1810363Z hint: 	git branch -m <name>
2025-07-20T04:40:44.1810841Z hint:
2025-07-20T04:40:44.1811472Z hint: Disable this message with "git config set advice.defaultBranchName false"
2025-07-20T04:40:44.1812445Z Initialized empty Git repository in /home/runner/work/Cygni/Cygni/.git/
2025-07-20T04:40:44.1814440Z [command]/usr/bin/git remote add origin https://github.com/patrg444/Cygni
2025-07-20T04:40:44.1845769Z ##[endgroup]
2025-07-20T04:40:44.1846827Z ##[group]Disabling automatic garbage collection
2025-07-20T04:40:44.1849784Z [command]/usr/bin/git config --local gc.auto 0
2025-07-20T04:40:44.1877361Z ##[endgroup]
2025-07-20T04:40:44.1878095Z ##[group]Setting up auth
2025-07-20T04:40:44.1883894Z [command]/usr/bin/git config --local --name-only --get-regexp core\.sshCommand
2025-07-20T04:40:44.1912676Z [command]/usr/bin/git submodule foreach --recursive sh -c "git config --local --name-only --get-regexp 'core\.sshCommand' && git config --local --unset-all 'core.sshCommand' || :"
2025-07-20T04:40:44.2165391Z [command]/usr/bin/git config --local --name-only --get-regexp http\.https\:\/\/github\.com\/\.extraheader
2025-07-20T04:40:44.2196376Z [command]/usr/bin/git submodule foreach --recursive sh -c "git config --local --name-only --get-regexp 'http\.https\:\/\/github\.com\/\.extraheader' && git config --local --unset-all 'http.https://github.com/.extraheader' || :"
2025-07-20T04:40:44.2411869Z [command]/usr/bin/git config --local http.https://github.com/.extraheader AUTHORIZATION: basic ***
2025-07-20T04:40:44.2445517Z ##[endgroup]
2025-07-20T04:40:44.2447245Z ##[group]Fetching the repository
2025-07-20T04:40:44.2455546Z [command]/usr/bin/git -c protocol.version=2 fetch --no-tags --prune --no-recurse-submodules --depth=1 origin +a3c1db9d84193924305a92bb6b995f4b66510eaa:refs/remotes/origin/main
2025-07-20T04:40:44.6364530Z From https://github.com/patrg444/Cygni
2025-07-20T04:40:44.6367511Z  * [new ref]         a3c1db9d84193924305a92bb6b995f4b66510eaa -> origin/main
2025-07-20T04:40:44.6389534Z ##[endgroup]
2025-07-20T04:40:44.6390607Z ##[group]Determining the checkout info
2025-07-20T04:40:44.6392308Z ##[endgroup]
2025-07-20T04:40:44.6396875Z [command]/usr/bin/git sparse-checkout disable
2025-07-20T04:40:44.6435324Z [command]/usr/bin/git config --local --unset-all extensions.worktreeConfig
2025-07-20T04:40:44.6464133Z ##[group]Checking out the ref
2025-07-20T04:40:44.6467935Z [command]/usr/bin/git checkout --progress --force -B main refs/remotes/origin/main
2025-07-20T04:40:44.6743965Z Switched to a new branch 'main'
2025-07-20T04:40:44.6746323Z branch 'main' set up to track 'origin/main'.
2025-07-20T04:40:44.6754343Z ##[endgroup]
2025-07-20T04:40:44.6785893Z [command]/usr/bin/git log -1 --format=%H
2025-07-20T04:40:44.6807763Z a3c1db9d84193924305a92bb6b995f4b66510eaa
2025-07-20T04:40:44.7054410Z ##[group]Run pnpm/action-setup@v2
2025-07-20T04:40:44.7055544Z with:
2025-07-20T04:40:44.7056312Z   version: 8
2025-07-20T04:40:44.7057280Z   dest: ~/setup-pnpm
2025-07-20T04:40:44.7058193Z   run_install: null
2025-07-20T04:40:44.7059389Z   package_json_file: package.json
2025-07-20T04:40:44.7060479Z   standalone: false
2025-07-20T04:40:44.7061350Z env:
2025-07-20T04:40:44.7062110Z   REGISTRY: ghcr.io
2025-07-20T04:40:44.7063017Z   IMAGE_NAME: patrg444/Cygni
2025-07-20T04:40:44.7064033Z ##[endgroup]
2025-07-20T04:40:44.7958935Z ##[group]Running self-installer...
2025-07-20T04:40:45.3849043Z Progress: resolved 1, reused 0, downloaded 0, added 0
2025-07-20T04:40:45.3941644Z Packages: +1
2025-07-20T04:40:45.3943012Z +
2025-07-20T04:40:46.0276894Z Packages are hard linked from the content-addressable store to the virtual store.
2025-07-20T04:40:46.0279479Z   Content-addressable store is at: /home/runner/.local/share/pnpm/store/v3
2025-07-20T04:40:46.0280284Z   Virtual store is at:             node_modules/.pnpm
2025-07-20T04:40:46.0513542Z 
2025-07-20T04:40:46.0514047Z dependencies:
2025-07-20T04:40:46.0514734Z + pnpm 8.15.9 (10.13.1 is available)
2025-07-20T04:40:46.0515369Z 
2025-07-20T04:40:46.0541704Z Done in 1s
2025-07-20T04:40:46.3861958Z Progress: resolved 1, reused 0, downloaded 1, added 1, done
2025-07-20T04:40:46.3994677Z ##[endgroup]
2025-07-20T04:40:46.4000529Z Installation Completed!
2025-07-20T04:40:46.4156116Z ##[group]Run actions/setup-node@v4
2025-07-20T04:40:46.4156659Z with:
2025-07-20T04:40:46.4157006Z   node-version: 20
2025-07-20T04:40:46.4157280Z   cache: pnpm
2025-07-20T04:40:46.4157603Z   always-auth: false
2025-07-20T04:40:46.4157971Z   check-latest: false
2025-07-20T04:40:46.4158362Z   token: ***
2025-07-20T04:40:46.4158632Z env:
2025-07-20T04:40:46.4158841Z   REGISTRY: ghcr.io
2025-07-20T04:40:46.4159210Z   IMAGE_NAME: patrg444/Cygni
2025-07-20T04:40:46.4159543Z   PNPM_HOME: /home/runner/setup-pnpm/node_modules/.bin
2025-07-20T04:40:46.4159931Z ##[endgroup]
2025-07-20T04:40:46.5859665Z Found in cache @ /opt/hostedtoolcache/node/20.19.3/x64
2025-07-20T04:40:46.5865680Z ##[group]Environment details
2025-07-20T04:40:46.8797773Z node: v20.19.3
2025-07-20T04:40:46.8798294Z npm: 10.8.2
2025-07-20T04:40:46.8801823Z yarn: 1.22.22
2025-07-20T04:40:46.8803295Z ##[endgroup]
2025-07-20T04:40:46.8828442Z [command]/home/runner/setup-pnpm/node_modules/.bin/pnpm store path --silent
2025-07-20T04:40:47.2598242Z /home/runner/setup-pnpm/node_modules/.bin/store/v3
2025-07-20T04:40:47.4130287Z pnpm cache is not found
2025-07-20T04:40:47.4251080Z ##[group]Run pnpm install --no-frozen-lockfile
2025-07-20T04:40:47.4310521Z [36;1mpnpm install --no-frozen-lockfile[0m
2025-07-20T04:40:47.4347217Z shell: /usr/bin/bash -e {0}
2025-07-20T04:40:47.4347454Z env:
2025-07-20T04:40:47.4347628Z   REGISTRY: ghcr.io
2025-07-20T04:40:47.4347824Z   IMAGE_NAME: patrg444/Cygni
2025-07-20T04:40:47.4348094Z   PNPM_HOME: /home/runner/setup-pnpm/node_modules/.bin
2025-07-20T04:40:47.4348378Z ##[endgroup]
2025-07-20T04:40:47.8501661Z Scope: all 11 workspace projects
2025-07-20T04:40:48.1712805Z Progress: resolved 1, reused 0, downloaded 0, added 0
2025-07-20T04:40:48.4288804Z examples/nextjs-starter                  |  WARN  deprecated eslint@8.57.1
2025-07-20T04:40:49.3388360Z Progress: resolved 50, reused 0, downloaded 45, added 0
2025-07-20T04:40:50.3364288Z Progress: resolved 139, reused 0, downloaded 123, added 0
2025-07-20T04:40:51.3361137Z Progress: resolved 387, reused 0, downloaded 386, added 0
2025-07-20T04:40:52.3456961Z Progress: resolved 596, reused 0, downloaded 583, added 0
2025-07-20T04:40:53.3593719Z Progress: resolved 724, reused 0, downloaded 670, added 0
2025-07-20T04:40:54.3593075Z Progress: resolved 817, reused 0, downloaded 758, added 0
2025-07-20T04:40:55.3599233Z Progress: resolved 1021, reused 0, downloaded 922, added 0
2025-07-20T04:40:56.3610074Z Progress: resolved 1270, reused 0, downloaded 1174, added 0
2025-07-20T04:40:56.8609332Z  WARN  14 deprecated subdependencies found: @humanwhocodes/config-array@0.13.0, @humanwhocodes/object-schema@2.0.3, are-we-there-yet@2.0.0, gauge@3.0.2, glob@7.1.7, glob@7.2.3, glob@8.1.0, har-validator@5.1.5, inflight@1.0.6, npmlog@5.0.1, request@2.88.2, rimraf@2.7.1, rimraf@3.0.2, uuid@3.4.0
2025-07-20T04:40:56.9224705Z Packages: +1181
2025-07-20T04:40:56.9225403Z ++++++++++++++++++++++++++++++++++++++++++++++++++++++++++++++++++++++++++++++++
2025-07-20T04:40:57.3618669Z Progress: resolved 1282, reused 0, downloaded 1186, added 395
2025-07-20T04:40:57.8319127Z Progress: resolved 1282, reused 0, downloaded 1186, added 1181, done
2025-07-20T04:40:58.1148952Z .../node_modules/@prisma/engines postinstall$ node scripts/postinstall.js
2025-07-20T04:40:58.1446246Z .../bcrypt@5.1.1/node_modules/bcrypt install$ node-pre-gyp install --fallback-to-build
2025-07-20T04:40:58.1614959Z .../argon2@0.31.2/node_modules/argon2 install$ node-pre-gyp install --fallback-to-build
2025-07-20T04:40:58.2380911Z .../bcrypt@5.1.1/node_modules/bcrypt install: node-pre-gyp info it worked if it ends with ok
2025-07-20T04:40:58.2389811Z .../bcrypt@5.1.1/node_modules/bcrypt install: node-pre-gyp info using node-pre-gyp@1.0.11
2025-07-20T04:40:58.2393733Z .../bcrypt@5.1.1/node_modules/bcrypt install: node-pre-gyp info using node@20.19.3 | linux | x64
2025-07-20T04:40:58.2612520Z .../argon2@0.31.2/node_modules/argon2 install: node-pre-gyp info it worked if it ends with ok
2025-07-20T04:40:58.2633440Z .../argon2@0.31.2/node_modules/argon2 install: node-pre-gyp info using node-pre-gyp@1.0.11
2025-07-20T04:40:58.2634703Z .../argon2@0.31.2/node_modules/argon2 install: node-pre-gyp info using node@20.19.3 | linux | x64
2025-07-20T04:40:58.3192800Z .../bcrypt@5.1.1/node_modules/bcrypt install: node-pre-gyp info check checked for "/home/runner/work/Cygni/Cygni/node_modules/.pnpm/bcrypt@5.1.1/node_modules/bcrypt/lib/binding/napi-v3/bcrypt_lib.node" (not found)
2025-07-20T04:40:58.3208014Z .../bcrypt@5.1.1/node_modules/bcrypt install: node-pre-gyp http GET https://github.com/kelektiv/node.bcrypt.js/releases/download/v5.1.1/bcrypt_lib-v5.1.1-napi-v3-linux-x64-glibc.tar.gz
2025-07-20T04:40:58.3447262Z .../argon2@0.31.2/node_modules/argon2 install: node-pre-gyp info check checked for "/home/runner/work/Cygni/Cygni/node_modules/.pnpm/argon2@0.31.2/node_modules/argon2/lib/binding/napi-v3/argon2.node" (not found)
2025-07-20T04:40:58.3454310Z .../argon2@0.31.2/node_modules/argon2 install: node-pre-gyp http GET https://github.com/ranisalt/node-argon2/releases/download/v0.31.2/argon2-v0.31.2-napi-v3-linux-x64-glibc.tar.gz
2025-07-20T04:40:58.4944504Z .../bcrypt@5.1.1/node_modules/bcrypt install: node-pre-gyp info install unpacking napi-v3/bcrypt_lib.node
2025-07-20T04:40:58.5123302Z .../bcrypt@5.1.1/node_modules/bcrypt install: node-pre-gyp info extracted file count: 1 
2025-07-20T04:40:58.5125503Z .../bcrypt@5.1.1/node_modules/bcrypt install: [bcrypt] Success: "/home/runner/work/Cygni/Cygni/node_modules/.pnpm/bcrypt@5.1.1/node_modules/bcrypt/lib/binding/napi-v3/bcrypt_lib.node" is installed via remote
2025-07-20T04:40:58.5130109Z .../bcrypt@5.1.1/node_modules/bcrypt install: node-pre-gyp info ok 
2025-07-20T04:40:58.5227137Z .../bcrypt@5.1.1/node_modules/bcrypt install: Done
2025-07-20T04:40:58.5751169Z .../argon2@0.31.2/node_modules/argon2 install: node-pre-gyp info install unpacking napi-v3/argon2.node
2025-07-20T04:40:58.5884847Z .../argon2@0.31.2/node_modules/argon2 install: node-pre-gyp info extracted file count: 1 
2025-07-20T04:40:58.5886760Z .../argon2@0.31.2/node_modules/argon2 install: node-pre-gyp info ok 
2025-07-20T04:40:58.5889529Z .../argon2@0.31.2/node_modules/argon2 install: [argon2] Success: "/home/runner/work/Cygni/Cygni/node_modules/.pnpm/argon2@0.31.2/node_modules/argon2/lib/binding/napi-v3/argon2.node" is installed via remote
2025-07-20T04:40:58.5966196Z .../argon2@0.31.2/node_modules/argon2 install: Done
2025-07-20T04:40:58.8415124Z .../node_modules/@prisma/engines postinstall: Done
2025-07-20T04:40:58.9353209Z .../esbuild@0.18.20/node_modules/esbuild postinstall$ node install.js
2025-07-20T04:40:58.9357416Z .../node_modules/msgpackr-extract install$ node-gyp-build-optional-packages
2025-07-20T04:40:58.9360187Z .../esbuild@0.21.5/node_modules/esbuild postinstall$ node install.js
2025-07-20T04:40:58.9869494Z .../prisma@5.22.0/node_modules/prisma preinstall$ node scripts/preinstall-entry.js
2025-07-20T04:40:59.0027894Z .../esbuild@0.18.20/node_modules/esbuild postinstall: Done
2025-07-20T04:40:59.0349969Z .../esbuild@0.21.5/node_modules/esbuild postinstall: Done
2025-07-20T04:40:59.0397261Z .../prisma@5.22.0/node_modules/prisma preinstall: Done
2025-07-20T04:40:59.0614331Z .../node_modules/msgpackr-extract install: Done
2025-07-20T04:40:59.1066338Z .../node_modules/@prisma/client postinstall$ node scripts/postinstall.js
2025-07-20T04:40:59.5202420Z .../node_modules/@prisma/client postinstall: prisma:warn We could not find your Prisma schema in the default locations (see: https://pris.ly/d/prisma-schema-location).
2025-07-20T04:40:59.5204317Z .../node_modules/@prisma/client postinstall: If you have a Prisma schema file in a custom path, you will need to run
2025-07-20T04:40:59.5206011Z .../node_modules/@prisma/client postinstall: `prisma generate --schema=./path/to/your/schema.prisma` to generate Prisma Client.
2025-07-20T04:40:59.5207854Z .../node_modules/@prisma/client postinstall: If you do not have a Prisma schema file yet, you can ignore this message.
2025-07-20T04:40:59.5341723Z .../node_modules/@prisma/client postinstall: Done
2025-07-20T04:40:59.5564103Z .../node_modules/unrs-resolver postinstall$ napi-postinstall unrs-resolver 1.11.1 check
2025-07-20T04:40:59.6065866Z .../node_modules/unrs-resolver postinstall: Done
2025-07-20T04:41:00.7838845Z 
2025-07-20T04:41:00.7839520Z devDependencies:
2025-07-20T04:41:00.7839993Z + @types/node 20.19.9
2025-07-20T04:41:00.7840501Z + @typescript-eslint/eslint-plugin 6.21.0
2025-07-20T04:41:00.7841056Z + @typescript-eslint/parser 6.21.0
2025-07-20T04:41:00.7841652Z + eslint-config-prettier 10.1.8
2025-07-20T04:41:00.7842168Z + lint-staged 16.1.2
2025-07-20T04:41:00.7842528Z + prettier 3.6.2
2025-07-20T04:41:00.7842869Z + turbo 1.13.4
2025-07-20T04:41:00.7843057Z 
2025-07-20T04:41:00.7852933Z Done in 13.3s
2025-07-20T04:41:00.8738229Z ##[group]Run pnpm run prisma:generate
2025-07-20T04:41:00.8738551Z [36;1mpnpm run prisma:generate[0m
2025-07-20T04:41:00.8766821Z shell: /usr/bin/bash -e {0}
2025-07-20T04:41:00.8767044Z env:
2025-07-20T04:41:00.8767206Z   REGISTRY: ghcr.io
2025-07-20T04:41:00.8767411Z   IMAGE_NAME: patrg444/Cygni
2025-07-20T04:41:00.8767674Z   PNPM_HOME: /home/runner/setup-pnpm/node_modules/.bin
2025-07-20T04:41:00.8767947Z ##[endgroup]
2025-07-20T04:41:01.2592746Z 
2025-07-20T04:41:01.2593564Z > cloudexpress@0.1.0 prisma:generate /home/runner/work/Cygni/Cygni
2025-07-20T04:41:01.2594331Z > ./scripts/generate-prisma.sh
2025-07-20T04:41:01.2594631Z 
2025-07-20T04:41:01.2642148Z Generating Prisma clients...
2025-07-20T04:41:01.2657009Z Generating Prisma client for services/api
2025-07-20T04:41:06.4381732Z Prisma schema loaded from prisma/schema.prisma
2025-07-20T04:41:06.8548858Z 
2025-07-20T04:41:06.8550054Z ✔ Generated Prisma Client (v5.22.0) to ./../../node_modules/@prisma/client-api in 145ms
2025-07-20T04:41:06.8550672Z 
2025-07-20T04:41:06.8551166Z Start by importing your Prisma Client (See: https://pris.ly/d/importing-client)
2025-07-20T04:41:06.8551651Z 
2025-07-20T04:41:06.8552397Z Tip: Easily identify and fix slow SQL queries in your app. Optimize helps you enhance your visibility: https://pris.ly/--optimize
2025-07-20T04:41:06.8553104Z 
2025-07-20T04:41:07.0835403Z Generating Prisma client for services/builder
2025-07-20T04:41:10.2881507Z sh: 1: prisma: not found
2025-07-20T04:41:10.3053444Z Generating Prisma client for packages/api
2025-07-20T04:41:13.8494456Z Prisma schema loaded from prisma/schema.prisma
2025-07-20T04:41:14.2106051Z 
2025-07-20T04:41:14.2107849Z ✔ Generated Prisma Client (v5.22.0) to ./../../node_modules/.pnpm/@prisma+client@5.22.0_prisma@5.22.0/node_modules/@prisma/client in 117ms
2025-07-20T04:41:14.2108625Z 
2025-07-20T04:41:14.2109226Z Start by importing your Prisma Client (See: https://pris.ly/d/importing-client)
2025-07-20T04:41:14.2109739Z 
2025-07-20T04:41:14.2110616Z Help us improve the Prisma ORM for everyone. Share your feedback in a short 2-min survey: https://pris.ly/orm/survey/release-5-22
2025-07-20T04:41:14.2111603Z 
2025-07-20T04:41:14.4376263Z Prisma client generation complete!
2025-07-20T04:41:14.4494895Z ##[group]Run echo "=== Checking for test files ==="
2025-07-20T04:41:14.4495543Z [36;1mecho "=== Checking for test files ==="[0m
2025-07-20T04:41:14.4496188Z [36;1mfind . -name "*.test.*" -o -name "*.spec.*" | grep -v node_modules | head -20[0m
2025-07-20T04:41:14.4535955Z shell: /usr/bin/bash -e {0}
2025-07-20T04:41:14.4536322Z env:
2025-07-20T04:41:14.4536823Z   REGISTRY: ghcr.io
2025-07-20T04:41:14.4537177Z   IMAGE_NAME: patrg444/Cygni
2025-07-20T04:41:14.4537640Z   PNPM_HOME: /home/runner/setup-pnpm/node_modules/.bin
2025-07-20T04:41:14.4538130Z ##[endgroup]
2025-07-20T04:41:14.4601202Z === Checking for test files ===
2025-07-20T04:41:14.6855959Z ./examples/nextjs-starter/src/dummy.test.ts
2025-07-20T04:41:14.6857202Z ./packages/web-ui/src/dummy.test.ts
2025-07-20T04:41:14.6858040Z ./packages/cli/src/tests/framework-detector.test.ts
2025-07-20T04:41:14.6858662Z ./packages/cli/src/tests/deploy-helpers.test.ts
2025-07-20T04:41:14.6859103Z ./packages/cli/src/tests/runtime-validator.test.ts
2025-07-20T04:41:14.6859464Z ./packages/cli/src/tests/builder.test.ts
2025-07-20T04:41:14.6859766Z ./packages/cli/src/dummy.test.ts
2025-07-20T04:41:14.6860040Z ./packages/sdk/src/sdk.test.ts
2025-07-20T04:41:14.6860323Z ./packages/api/docker-compose.test.yml
2025-07-20T04:41:14.6860697Z ./packages/api/tests/unit/budget-monitor.test.ts
2025-07-20T04:41:14.6861244Z ./packages/api/tests/e2e/waitlist.test.ts
2025-07-20T04:41:14.6861763Z ./packages/api/tests/e2e/health-auth.test.ts
2025-07-20T04:41:14.6862238Z ./services/auth/src/auth.test.ts
2025-07-20T04:41:14.6862867Z ./services/builder/src/builder.test.ts
2025-07-20T04:41:14.6863613Z ./services/api/src/health.test.ts
2025-07-20T04:41:14.6884355Z ##[group]Run pnpm test || (echo "Tests failed. Running individual package tests..." && pnpm -r test)
2025-07-20T04:41:14.6885054Z [36;1mpnpm test || (echo "Tests failed. Running individual package tests..." && pnpm -r test)[0m
2025-07-20T04:41:14.6911678Z shell: /usr/bin/bash -e {0}
2025-07-20T04:41:14.6911903Z env:
2025-07-20T04:41:14.6912070Z   REGISTRY: ghcr.io
2025-07-20T04:41:14.6912263Z   IMAGE_NAME: patrg444/Cygni
2025-07-20T04:41:14.6912534Z   PNPM_HOME: /home/runner/setup-pnpm/node_modules/.bin
2025-07-20T04:41:14.6912807Z ##[endgroup]
2025-07-20T04:41:15.0649517Z 
2025-07-20T04:41:15.0650485Z > cloudexpress@0.1.0 test /home/runner/work/Cygni/Cygni
2025-07-20T04:41:15.0650903Z > npx turbo run test
2025-07-20T04:41:15.0651048Z 
2025-07-20T04:41:15.3888315Z 
2025-07-20T04:41:15.3888745Z Attention:
2025-07-20T04:41:15.3889431Z Turborepo now collects completely anonymous telemetry regarding usage.
2025-07-20T04:41:15.3890435Z This information is used to shape the Turborepo roadmap and prioritize features.
2025-07-20T04:41:15.3891756Z You can learn more, including how to opt-out if you'd not like to participate in this anonymous program, by visiting the following URL:
2025-07-20T04:41:15.3892537Z https://turbo.build/repo/docs/telemetry
2025-07-20T04:41:15.3892739Z 
2025-07-20T04:41:15.4464241Z • Packages in scope: @cloudexpress/api, @cloudexpress/auth, @cloudexpress/builder, @cloudexpress/services-api, @cloudexpress/web-ui, @cygni/cli, @cygni/sdk, cygni-nextjs-starter, express-demo, fullstack-demo
2025-07-20T04:41:15.4465920Z • Running test in 10 packages
2025-07-20T04:41:15.4466670Z • Remote caching disabled
2025-07-20T04:41:16.8228529Z ##[group]@cloudexpress/api:build
2025-07-20T04:41:16.8229794Z cache miss, executing d7d57639bfc623a5
2025-07-20T04:41:16.8230486Z 
2025-07-20T04:41:16.8231144Z > @cloudexpress/api@1.0.0 build /home/runner/work/Cygni/Cygni/packages/api
2025-07-20T04:41:16.8232082Z > echo 'Skipping build for packages/api - using services/api instead'
2025-07-20T04:41:16.8232559Z 
2025-07-20T04:41:16.8232937Z Skipping build for packages/api - using services/api instead
2025-07-20T04:41:16.8233709Z ##[endgroup]
2025-07-20T04:41:17.8677756Z [;31mfullstack-demo:build[;0m
2025-07-20T04:41:17.8678740Z cache miss, executing 836c423f5302bbfb
2025-07-20T04:41:17.8679058Z 
2025-07-20T04:41:17.8679622Z > fullstack-demo@1.0.0 build /home/runner/work/Cygni/Cygni/examples/fullstack-demo
2025-07-20T04:41:17.8680493Z > npm run build:frontend && npm run build:backend
2025-07-20T04:41:17.8680855Z 
2025-07-20T04:41:17.8680866Z 
2025-07-20T04:41:17.8681133Z > fullstack-demo@1.0.0 build:frontend
2025-07-20T04:41:17.8681655Z > cd frontend && npm run build
2025-07-20T04:41:17.8681938Z 
2025-07-20T04:41:17.8681947Z 
2025-07-20T04:41:17.8682120Z > frontend@1.0.0 build
2025-07-20T04:41:17.8682486Z > vite build
2025-07-20T04:41:17.8682669Z 
2025-07-20T04:41:17.8682834Z sh: 1: vite: not found
2025-07-20T04:41:17.8683354Z npm error Lifecycle script `build` failed with error:
2025-07-20T04:41:17.8683879Z npm error code 127
2025-07-20T04:41:17.8684576Z npm error path /home/runner/work/Cygni/Cygni/examples/fullstack-demo/frontend
2025-07-20T04:41:17.8685320Z npm error workspace frontend@1.0.0
2025-07-20T04:41:17.8686154Z npm error location /home/runner/work/Cygni/Cygni/examples/fullstack-demo/frontend
2025-07-20T04:41:17.8687072Z npm error command failed
2025-07-20T04:41:17.8687533Z npm error command sh -c vite build
2025-07-20T04:41:17.8688172Z  ELIFECYCLE  Command failed.
2025-07-20T04:41:17.8693312Z [ERROR] command finished with error: command (/home/runner/work/Cygni/Cygni/examples/fullstack-demo) /home/runner/setup-pnpm/node_modules/.bin/pnpm run build exited (1)
2025-07-20T04:41:17.8738045Z ##[group]@cloudexpress/api:test
2025-07-20T04:41:17.8740179Z cache miss, executing 65717c5af65827f0
2025-07-20T04:41:17.8742046Z ##[endgroup]
2025-07-20T04:41:17.8892368Z ##[group]@cygni/cli:build
2025-07-20T04:41:17.8894241Z cache miss, executing b16674cbdaf125c3
2025-07-20T04:41:17.8895642Z 
2025-07-20T04:41:17.8897696Z > @cygni/cli@0.1.0 build /home/runner/work/Cygni/Cygni/packages/cli
2025-07-20T04:41:17.8899776Z > tsc && chmod +x dist/index.js
2025-07-20T04:41:17.8903589Z 
2025-07-20T04:41:17.8904023Z ##[endgroup]
2025-07-20T04:41:17.8972246Z ##[group]@cygni/sdk:build
2025-07-20T04:41:17.8975617Z cache miss, executing 7c13eef4e550ea9c
2025-07-20T04:41:17.8975981Z 
2025-07-20T04:41:17.8976589Z > @cygni/sdk@0.1.0 build /home/runner/work/Cygni/Cygni/packages/sdk
2025-07-20T04:41:17.8977186Z > tsc
2025-07-20T04:41:17.8977358Z 
2025-07-20T04:41:17.8977734Z ##[endgroup]
2025-07-20T04:41:17.8978291Z ##[group]@cloudexpress/auth:build
2025-07-20T04:41:17.8978824Z cache miss, executing b67affc02e0960ce
2025-07-20T04:41:17.8979149Z 
2025-07-20T04:41:17.8979644Z > @cloudexpress/auth@0.1.0 build /home/runner/work/Cygni/Cygni/services/auth
2025-07-20T04:41:17.8980252Z > tsc
2025-07-20T04:41:17.8980406Z 
2025-07-20T04:41:17.8980721Z ##[endgroup]
2025-07-20T04:41:17.8981208Z ##[group]@cloudexpress/builder:build
2025-07-20T04:41:17.8981750Z cache miss, executing 79ff8cc56906e983
2025-07-20T04:41:17.8982036Z 
2025-07-20T04:41:17.8982554Z > @cloudexpress/builder@0.1.0 build /home/runner/work/Cygni/Cygni/services/builder
2025-07-20T04:41:17.8983204Z > tsc
2025-07-20T04:41:17.8983374Z 
2025-07-20T04:41:17.8983711Z ##[endgroup]
2025-07-20T04:41:17.8984256Z ##[group]@cloudexpress/services-api:build
2025-07-20T04:41:17.8984817Z cache miss, executing 4e62ac1d496e0320
2025-07-20T04:41:17.8985116Z 
2025-07-20T04:41:17.8985673Z > @cloudexpress/services-api@0.1.0 build /home/runner/work/Cygni/Cygni/services/api
2025-07-20T04:41:17.8986343Z > tsc
2025-07-20T04:41:17.8986679Z 
2025-07-20T04:41:17.8986998Z ##[endgroup]
2025-07-20T04:41:18.0887259Z ##[group]@cloudexpress/web-ui:build
2025-07-20T04:41:18.0911417Z ##[error]fullstack-demo#build: command (/home/runner/work/Cygni/Cygni/examples/fullstack-demo) /home/runner/setup-pnpm/node_modules/.bin/pnpm run build exited (1)
2025-07-20T04:41:18.0921385Z cache miss, executing 228955e8942f1de9
2025-07-20T04:41:18.0921624Z 
2025-07-20T04:41:18.0921935Z > @cloudexpress/web-ui@0.1.0 build /home/runner/work/Cygni/Cygni/packages/web-ui
2025-07-20T04:41:18.0922308Z > next build
2025-07-20T04:41:18.0922428Z 
2025-07-20T04:41:18.0922888Z ##[endgroup]
2025-07-20T04:41:18.0923001Z 
2025-07-20T04:41:18.0923137Z  Tasks:    1 successful, 9 total
2025-07-20T04:41:18.0923393Z Cached:    0 cached, 9 total
2025-07-20T04:41:18.0923612Z   Time:    2.696s 
2025-07-20T04:41:18.0923845Z Failed:    fullstack-demo#build
2025-07-20T04:41:18.0923992Z 
2025-07-20T04:41:18.0956845Z  ERROR  run failed: command  exited (1)
2025-07-20T04:41:18.1961478Z  ELIFECYCLE  Test failed. See above for more details.
2025-07-20T04:41:18.2141550Z Tests failed. Running individual package tests...
2025-07-20T04:41:18.6205589Z Scope: 10 of 11 workspace projects
2025-07-20T04:41:18.6297085Z examples/fullstack-demo test$ echo "No tests yet"
2025-07-20T04:41:18.6303240Z packages/cli test$ vitest
2025-07-20T04:41:18.6308662Z packages/sdk test$ jest
2025-07-20T04:41:18.6311998Z packages/api test$ echo 'Skipping tests for packages/api - using services/api instead'
2025-07-20T04:41:18.6482441Z examples/fullstack-demo test: No tests yet
2025-07-20T04:41:18.6503098Z examples/fullstack-demo test: Done
2025-07-20T04:41:18.6514920Z packages/api test: Skipping tests for packages/api - using services/api instead
2025-07-20T04:41:18.6525549Z packages/api test: Done
2025-07-20T04:41:18.6530210Z services/api test$ vitest
2025-07-20T04:41:18.6534405Z services/auth test$ vitest
2025-07-20T04:41:19.1976821Z packages/cli test: [33mThe CJS build of Vite's Node API is deprecated. See https://vite.dev/guide/troubleshooting.html#vite-cjs-node-api-deprecated for more details.[39m
2025-07-20T04:41:19.2118512Z services/auth test: [7m[1m[36m RUN [39m[22m[27m [36mv0.34.6[39m [90m/home/runner/work/Cygni/Cygni/services/auth[39m
2025-07-20T04:41:19.2149567Z services/api test: [7m[1m[36m RUN [39m[22m[27m [36mv0.34.6[39m [90m/home/runner/work/Cygni/Cygni/services/api[39m
2025-07-20T04:41:19.2361614Z packages/cli test: [7m[1m[36m RUN [39m[22m[27m [36mv0.34.6[39m [90m/home/runner/work/Cygni/Cygni/packages/cli[39m
2025-07-20T04:41:20.0577331Z services/api test:  [32m✓[39m src/health.test.ts [2m ([22m[2m1 test[22m[2m)[22m[90m 4[2mms[22m[39m
2025-07-20T04:41:20.0886307Z services/api test: [2m Test Files [22m [1m[32m1 passed[39m[22m[90m (1)[39m
2025-07-20T04:41:20.0917232Z services/api test: [2m      Tests [22m [1m[32m1 passed[39m[22m[90m (1)[39m
2025-07-20T04:41:20.0918168Z services/api test: [2m   Start at [22m 04:41:19
2025-07-20T04:41:20.0919604Z services/api test: [2m   Duration [22m 859ms[2m (transform 72ms, setup 0ms, collect 52ms, tests 4ms, environment 0ms, prepare 178ms)[22m
2025-07-20T04:41:20.1060246Z services/auth test:  [32m✓[39m src/auth.test.ts [2m ([22m[2m1 test[22m[2m)[22m[90m 14[2mms[22m[39m
2025-07-20T04:41:20.1157518Z services/api test: Done
2025-07-20T04:41:20.1167919Z services/builder test$ vitest
2025-07-20T04:41:20.1301489Z services/auth test: [2m Test Files [22m [1m[32m1 passed[39m[22m[90m (1)[39m
2025-07-20T04:41:20.1307517Z services/auth test: [2m      Tests [22m [1m[32m1 passed[39m[22m[90m (1)[39m
2025-07-20T04:41:20.1309936Z services/auth test: [2m   Start at [22m 04:41:19
2025-07-20T04:41:20.1312822Z services/auth test: [2m   Duration [22m 916ms[2m (transform 81ms, setup 0ms, collect 76ms, tests 14ms, environment 0ms, prepare 170ms)[22m
2025-07-20T04:41:20.1719784Z services/auth test: Done
2025-07-20T04:41:20.2806588Z packages/cli test:  [32m✓[39m src/tests/framework-detector.test.ts [2m ([22m[2m12 tests[22m[2m)[22m[90m 27[2mms[22m[39m
2025-07-20T04:41:20.3057494Z packages/cli test: [90mstdout[2m | src/tests/builder.test.ts[2m > [22m[2mBuilder[2m > [22m[2mbuildProject[2m > [22m[2mshould auto-detect framework when not specified[22m[39m
2025-07-20T04:41:20.3059015Z packages/cli test: Detected framework: react
2025-07-20T04:41:20.3067649Z packages/cli test: [90mstdout[2m | src/tests/builder.test.ts[2m > [22m[2mBuilder[2m > [22m[2mbuildProject[2m > [22m[2mshould run pre-build commands when specified[22m[39m
2025-07-20T04:41:20.3072312Z packages/cli test: Running build command...
2025-07-20T04:41:20.3077505Z packages/cli test:  [32m✓[39m src/tests/builder.test.ts [2m ([22m[2m7 tests[22m[2m)[22m[90m 22[2mms[22m[39m
2025-07-20T04:41:20.4734973Z packages/sdk test: PASS src/sdk.test.ts
2025-07-20T04:41:20.4739210Z packages/sdk test:   SDK
2025-07-20T04:41:20.4743390Z packages/sdk test:     ✓ should pass basic test (3 ms)
2025-07-20T04:41:20.4802512Z packages/sdk test: Test Suites: 1 passed, 1 total
2025-07-20T04:41:20.4803432Z packages/sdk test: Tests:       1 passed, 1 total
2025-07-20T04:41:20.4804158Z packages/sdk test: Snapshots:   0 total
2025-07-20T04:41:20.4804951Z packages/sdk test: Time:        1.117 s
2025-07-20T04:41:20.4805601Z packages/sdk test: Ran all test suites.
2025-07-20T04:41:20.5379726Z packages/cli test:  [32m✓[39m src/tests/deploy-helpers.test.ts [2m ([22m[2m18 tests[22m[2m)[22m[90m 40[2mms[22m[39m
2025-07-20T04:41:20.5650009Z packages/sdk test: Done
2025-07-20T04:41:20.7205614Z services/builder test: [7m[1m[36m RUN [39m[22m[27m [36mv0.34.6[39m [90m/home/runner/work/Cygni/Cygni/services/builder[39m
2025-07-20T04:41:20.7767969Z packages/cli test:  [32m✓[39m src/dummy.test.ts [2m ([22m[2m1 test[22m[2m)[22m[90m 8[2mms[22m[39m
2025-07-20T04:41:20.8749000Z packages/cli test:  [32m✓[39m src/tests/runtime-validator.test.ts [2m ([22m[2m8 tests[22m[2m)[22m[90m 49[2mms[22m[39m
2025-07-20T04:41:20.8998740Z packages/cli test: [2m Test Files [22m [1m[32m5 passed[39m[22m[90m (5)[39m
2025-07-20T04:41:20.9000201Z packages/cli test: [2m      Tests [22m [1m[32m46 passed[39m[22m[90m (46)[39m
2025-07-20T04:41:20.9007541Z packages/cli test: [2m   Start at [22m 04:41:19
2025-07-20T04:41:20.9010052Z packages/cli test: [2m   Duration [22m 1.66s[2m (transform 356ms, setup 1ms, collect 1.01s, tests 146ms, environment 1ms, prepare 835ms)[22m
2025-07-20T04:41:20.9488375Z packages/cli test: Done
2025-07-20T04:41:21.0897931Z services/builder test:  [32m✓[39m src/builder.test.ts [2m ([22m[2m1 test[22m[2m)[22m[90m 3[2mms[22m[39m
2025-07-20T04:41:21.0984172Z services/builder test: [2m Test Files [22m [1m[32m1 passed[39m[22m[90m (1)[39m
2025-07-20T04:41:21.0986679Z services/builder test: [2m      Tests [22m [1m[32m1 passed[39m[22m[90m (1)[39m
2025-07-20T04:41:21.0988653Z services/builder test: [2m   Start at [22m 04:41:20
2025-07-20T04:41:21.0991184Z services/builder test: [2m   Duration [22m 378ms[2m (transform 39ms, setup 0ms, collect 24ms, tests 3ms, environment 0ms, prepare 74ms)[22m
2025-07-20T04:41:21.1161821Z services/builder test: Done
2025-07-20T04:41:21.1298009Z Post job cleanup.
2025-07-20T04:41:21.2946642Z [command]/usr/bin/tar --posix -cf cache.tzst --exclude cache.tzst -P -C /home/runner/work/Cygni/Cygni --files-from manifest.txt --use-compress-program zstdmt
2025-07-20T04:41:23.7810563Z Failed to save: Unable to reserve cache with key node-cache-Linux-x64-pnpm-2fbc1cabd4faa1f63684f0f65015922f3546c054627c9a27ee52424ef26d49c8, another job may be creating this cache.
2025-07-20T04:41:23.8399047Z Post job cleanup.
2025-07-20T04:41:23.9352227Z Pruning is unnecessary.
2025-07-20T04:41:23.9464998Z Post job cleanup.
2025-07-20T04:41:24.0602431Z [command]/usr/bin/git version
2025-07-20T04:41:24.0652004Z git version 2.50.1
2025-07-20T04:41:24.0707984Z Temporarily overriding HOME='/home/runner/work/_temp/841d132f-64f3-413e-8074-4a327873a175' before making global git config changes
2025-07-20T04:41:24.0709114Z Adding repository directory to the temporary git global config as a safe directory
2025-07-20T04:41:24.0715110Z [command]/usr/bin/git config --global --add safe.directory /home/runner/work/Cygni/Cygni
2025-07-20T04:41:24.0763267Z [command]/usr/bin/git config --local --name-only --get-regexp core\.sshCommand
2025-07-20T04:41:24.0801672Z [command]/usr/bin/git submodule foreach --recursive sh -c "git config --local --name-only --get-regexp 'core\.sshCommand' && git config --local --unset-all 'core.sshCommand' || :"
2025-07-20T04:41:24.1112313Z [command]/usr/bin/git config --local --name-only --get-regexp http\.https\:\/\/github\.com\/\.extraheader
2025-07-20T04:41:24.1139259Z http.https://github.com/.extraheader
2025-07-20T04:41:24.1154217Z [command]/usr/bin/git config --local --unset-all http.https://github.com/.extraheader
2025-07-20T04:41:24.1187142Z [command]/usr/bin/git submodule foreach --recursive sh -c "git config --local --name-only --get-regexp 'http\.https\:\/\/github\.com\/\.extraheader' && git config --local --unset-all 'http.https://github.com/.extraheader' || :"
2025-07-20T04:41:24.1508907Z Cleaning up orphan processes
