2025-07-20T04:46:52.6777292Z Current runner version: '2.326.0'
2025-07-20T04:46:52.6802149Z ##[group]Runner Image Provisioner
2025-07-20T04:46:52.6803023Z Hosted Compute Agent
2025-07-20T04:46:52.6803661Z Version: 20250711.363
2025-07-20T04:46:52.6804269Z Commit: 6785254374ce925a23743850c1cb91912ce5c14c
2025-07-20T04:46:52.6804932Z Build Date: 2025-07-11T20:04:25Z
2025-07-20T04:46:52.6805621Z ##[endgroup]
2025-07-20T04:46:52.6806231Z ##[group]Operating System
2025-07-20T04:46:52.6806805Z Ubuntu
2025-07-20T04:46:52.6807359Z 24.04.2
2025-07-20T04:46:52.6807825Z LTS
2025-07-20T04:46:52.6808620Z ##[endgroup]
2025-07-20T04:46:52.6809176Z ##[group]Runner Image
2025-07-20T04:46:52.6809800Z Image: ubuntu-24.04
2025-07-20T04:46:52.6810291Z Version: 20250710.1.0
2025-07-20T04:46:52.6811354Z Included Software: https://github.com/actions/runner-images/blob/ubuntu24/20250710.1/images/ubuntu/Ubuntu2404-Readme.md
2025-07-20T04:46:52.6812892Z Image Release: https://github.com/actions/runner-images/releases/tag/ubuntu24%2F20250710.1
2025-07-20T04:46:52.6813961Z ##[endgroup]
2025-07-20T04:46:52.6815072Z ##[group]GITHUB_TOKEN Permissions
2025-07-20T04:46:52.6816960Z Contents: read
2025-07-20T04:46:52.6817543Z Metadata: read
2025-07-20T04:46:52.6818236Z Packages: read
2025-07-20T04:46:52.6818719Z ##[endgroup]
2025-07-20T04:46:52.6820840Z Secret source: Actions
2025-07-20T04:46:52.6821662Z Prepare workflow directory
2025-07-20T04:46:52.7411208Z Prepare all required actions
2025-07-20T04:46:52.7448991Z Getting action download info
2025-07-20T04:46:53.1134155Z ##[group]Download immutable action package 'actions/checkout@v4'
2025-07-20T04:46:53.1135406Z Version: 4.2.2
2025-07-20T04:46:53.1136446Z Digest: sha256:ccb2698953eaebd21c7bf6268a94f9c26518a7e38e27e0b83c1fe1ad049819b1
2025-07-20T04:46:53.1137683Z Source commit SHA: 11bd71901bbe5b1630ceea73d27597364c9af683
2025-07-20T04:46:53.1138814Z ##[endgroup]
2025-07-20T04:46:53.2120739Z Download action repository 'pnpm/action-setup@v2' (SHA:eae0cfeb286e66ffb5155f1a79b90583a127a68b)
2025-07-20T04:46:53.7617385Z ##[group]Download immutable action package 'actions/setup-node@v4'
2025-07-20T04:46:53.7618915Z Version: 4.4.0
2025-07-20T04:46:53.7620143Z Digest: sha256:9427cefe82346e992fb5b949e3569b39d537ae41aa3086483b14eceebfc16bc1
2025-07-20T04:46:53.7621818Z Source commit SHA: 49933ea5288caeca8642d1e84afbd3f7d6820020
2025-07-20T04:46:53.7622928Z ##[endgroup]
2025-07-20T04:46:53.9754339Z Complete job name: Test Matrix - Node 20 on ubuntu-latest
2025-07-20T04:46:54.0470959Z ##[group]Run actions/checkout@v4
2025-07-20T04:46:54.0472233Z with:
2025-07-20T04:46:54.0472966Z   repository: patrg444/Cygni
2025-07-20T04:46:54.0474149Z   token: ***
2025-07-20T04:46:54.0474869Z   ssh-strict: true
2025-07-20T04:46:54.0475609Z   ssh-user: git
2025-07-20T04:46:54.0476384Z   persist-credentials: true
2025-07-20T04:46:54.0477239Z   clean: true
2025-07-20T04:46:54.0478301Z   sparse-checkout-cone-mode: true
2025-07-20T04:46:54.0479261Z   fetch-depth: 1
2025-07-20T04:46:54.0480003Z   fetch-tags: false
2025-07-20T04:46:54.0480767Z   show-progress: true
2025-07-20T04:46:54.0481565Z   lfs: false
2025-07-20T04:46:54.0482257Z   submodules: false
2025-07-20T04:46:54.0483037Z   set-safe-directory: true
2025-07-20T04:46:54.0484114Z env:
2025-07-20T04:46:54.0484771Z   REGISTRY: ghcr.io
2025-07-20T04:46:54.0485565Z   IMAGE_NAME: patrg444/Cygni
2025-07-20T04:46:54.0486425Z ##[endgroup]
2025-07-20T04:46:54.1564003Z Syncing repository: patrg444/Cygni
2025-07-20T04:46:54.1566502Z ##[group]Getting Git version info
2025-07-20T04:46:54.1567691Z Working directory is '/home/runner/work/Cygni/Cygni'
2025-07-20T04:46:54.1569642Z [command]/usr/bin/git version
2025-07-20T04:46:54.1614101Z git version 2.50.1
2025-07-20T04:46:54.1640576Z ##[endgroup]
2025-07-20T04:46:54.1655000Z Temporarily overriding HOME='/home/runner/work/_temp/2d9f75ee-1297-4f94-b757-1792c6d816d8' before making global git config changes
2025-07-20T04:46:54.1666796Z Adding repository directory to the temporary git global config as a safe directory
2025-07-20T04:46:54.1669120Z [command]/usr/bin/git config --global --add safe.directory /home/runner/work/Cygni/Cygni
2025-07-20T04:46:54.1702659Z Deleting the contents of '/home/runner/work/Cygni/Cygni'
2025-07-20T04:46:54.1706283Z ##[group]Initializing the repository
2025-07-20T04:46:54.1710084Z [command]/usr/bin/git init /home/runner/work/Cygni/Cygni
2025-07-20T04:46:54.1792428Z hint: Using 'master' as the name for the initial branch. This default branch name
2025-07-20T04:46:54.1795698Z hint: is subject to change. To configure the initial branch name to use in all
2025-07-20T04:46:54.1797493Z hint: of your new repositories, which will suppress this warning, call:
2025-07-20T04:46:54.1799032Z hint:
2025-07-20T04:46:54.1800167Z hint: 	git config --global init.defaultBranch <name>
2025-07-20T04:46:54.1801465Z hint:
2025-07-20T04:46:54.1802496Z hint: Names commonly chosen instead of 'master' are 'main', 'trunk' and
2025-07-20T04:46:54.1804221Z hint: 'development'. The just-created branch can be renamed via this command:
2025-07-20T04:46:54.1806048Z hint:
2025-07-20T04:46:54.1806756Z hint: 	git branch -m <name>
2025-07-20T04:46:54.1807581Z hint:
2025-07-20T04:46:54.1808917Z hint: Disable this message with "git config set advice.defaultBranchName false"
2025-07-20T04:46:54.1810743Z Initialized empty Git repository in /home/runner/work/Cygni/Cygni/.git/
2025-07-20T04:46:54.1813550Z [command]/usr/bin/git remote add origin https://github.com/patrg444/Cygni
2025-07-20T04:46:54.1838645Z ##[endgroup]
2025-07-20T04:46:54.1839965Z ##[group]Disabling automatic garbage collection
2025-07-20T04:46:54.1841864Z [command]/usr/bin/git config --local gc.auto 0
2025-07-20T04:46:54.1870132Z ##[endgroup]
2025-07-20T04:46:54.1871345Z ##[group]Setting up auth
2025-07-20T04:46:54.1876175Z [command]/usr/bin/git config --local --name-only --get-regexp core\.sshCommand
2025-07-20T04:46:54.1906411Z [command]/usr/bin/git submodule foreach --recursive sh -c "git config --local --name-only --get-regexp 'core\.sshCommand' && git config --local --unset-all 'core.sshCommand' || :"
2025-07-20T04:46:54.2194894Z [command]/usr/bin/git config --local --name-only --get-regexp http\.https\:\/\/github\.com\/\.extraheader
2025-07-20T04:46:54.2225861Z [command]/usr/bin/git submodule foreach --recursive sh -c "git config --local --name-only --get-regexp 'http\.https\:\/\/github\.com\/\.extraheader' && git config --local --unset-all 'http.https://github.com/.extraheader' || :"
2025-07-20T04:46:54.2449697Z [command]/usr/bin/git config --local http.https://github.com/.extraheader AUTHORIZATION: basic ***
2025-07-20T04:46:54.2484103Z ##[endgroup]
2025-07-20T04:46:54.2485390Z ##[group]Fetching the repository
2025-07-20T04:46:54.2503161Z [command]/usr/bin/git -c protocol.version=2 fetch --no-tags --prune --no-recurse-submodules --depth=1 origin +e9793da0b90ef38c269d7b012a260d9a8f69c8ed:refs/remotes/origin/main
2025-07-20T04:46:54.6774645Z From https://github.com/patrg444/Cygni
2025-07-20T04:46:54.6776112Z  * [new ref]         e9793da0b90ef38c269d7b012a260d9a8f69c8ed -> origin/main
2025-07-20T04:46:54.6801250Z ##[endgroup]
2025-07-20T04:46:54.6803500Z ##[group]Determining the checkout info
2025-07-20T04:46:54.6805872Z ##[endgroup]
2025-07-20T04:46:54.6808900Z [command]/usr/bin/git sparse-checkout disable
2025-07-20T04:46:54.6847309Z [command]/usr/bin/git config --local --unset-all extensions.worktreeConfig
2025-07-20T04:46:54.6875825Z ##[group]Checking out the ref
2025-07-20T04:46:54.6878152Z [command]/usr/bin/git checkout --progress --force -B main refs/remotes/origin/main
2025-07-20T04:46:54.7248924Z Switched to a new branch 'main'
2025-07-20T04:46:54.7253556Z branch 'main' set up to track 'origin/main'.
2025-07-20T04:46:54.7262402Z ##[endgroup]
2025-07-20T04:46:54.7306313Z [command]/usr/bin/git log -1 --format=%H
2025-07-20T04:46:54.7330765Z e9793da0b90ef38c269d7b012a260d9a8f69c8ed
2025-07-20T04:46:54.7597142Z ##[group]Run pnpm/action-setup@v2
2025-07-20T04:46:54.7598284Z with:
2025-07-20T04:46:54.7598925Z   version: 8
2025-07-20T04:46:54.7599618Z   dest: ~/setup-pnpm
2025-07-20T04:46:54.7600351Z   run_install: null
2025-07-20T04:46:54.7601407Z   package_json_file: package.json
2025-07-20T04:46:54.7602422Z   standalone: false
2025-07-20T04:46:54.7603134Z env:
2025-07-20T04:46:54.7603772Z   REGISTRY: ghcr.io
2025-07-20T04:46:54.7604523Z   IMAGE_NAME: patrg444/Cygni
2025-07-20T04:46:54.7605338Z ##[endgroup]
2025-07-20T04:46:54.8496429Z ##[group]Running self-installer...
2025-07-20T04:46:55.4617599Z Progress: resolved 1, reused 0, downloaded 0, added 0
2025-07-20T04:46:55.4712632Z Packages: +1
2025-07-20T04:46:55.4713389Z +
2025-07-20T04:46:56.1226976Z Packages are hard linked from the content-addressable store to the virtual store.
2025-07-20T04:46:56.1228405Z   Content-addressable store is at: /home/runner/.local/share/pnpm/store/v3
2025-07-20T04:46:56.1231245Z   Virtual store is at:             node_modules/.pnpm
2025-07-20T04:46:56.1445854Z 
2025-07-20T04:46:56.1446111Z dependencies:
2025-07-20T04:46:56.1446516Z + pnpm 8.15.9 (10.13.1 is available)
2025-07-20T04:46:56.1446781Z 
2025-07-20T04:46:56.1469975Z Done in 1.1s
2025-07-20T04:46:56.4632848Z Progress: resolved 1, reused 0, downloaded 1, added 1, done
2025-07-20T04:46:56.4785929Z ##[endgroup]
2025-07-20T04:46:56.4790366Z Installation Completed!
2025-07-20T04:46:56.4935776Z ##[group]Run actions/setup-node@v4
2025-07-20T04:46:56.4936238Z with:
2025-07-20T04:46:56.4936573Z   node-version: 20
2025-07-20T04:46:56.4936929Z   cache: pnpm
2025-07-20T04:46:56.4937260Z   always-auth: false
2025-07-20T04:46:56.4937513Z   check-latest: false
2025-07-20T04:46:56.4938126Z   token: ***
2025-07-20T04:46:56.4938390Z env:
2025-07-20T04:46:56.4938651Z   REGISTRY: ghcr.io
2025-07-20T04:46:56.4938885Z   IMAGE_NAME: patrg444/Cygni
2025-07-20T04:46:56.4939354Z   PNPM_HOME: /home/runner/setup-pnpm/node_modules/.bin
2025-07-20T04:46:56.4939729Z ##[endgroup]
2025-07-20T04:46:56.6939027Z Found in cache @ /opt/hostedtoolcache/node/20.19.3/x64
2025-07-20T04:46:56.6949281Z ##[group]Environment details
2025-07-20T04:46:58.3168805Z node: v20.19.3
2025-07-20T04:46:58.3169320Z npm: 10.8.2
2025-07-20T04:46:58.3169728Z yarn: 1.22.22
2025-07-20T04:46:58.3171450Z ##[endgroup]
2025-07-20T04:46:58.3195462Z [command]/home/runner/setup-pnpm/node_modules/.bin/pnpm store path --silent
2025-07-20T04:46:58.8061047Z /home/runner/setup-pnpm/node_modules/.bin/store/v3
2025-07-20T04:46:58.9631879Z Cache hit for: node-cache-Linux-x64-pnpm-2fbc1cabd4faa1f63684f0f65015922f3546c054627c9a27ee52424ef26d49c8
2025-07-20T04:47:00.1379391Z Received 104857600 of 194747390 (53.8%), 99.9 MBs/sec
2025-07-20T04:47:00.6927438Z Received 194747390 of 194747390 (100.0%), 119.2 MBs/sec
2025-07-20T04:47:00.6928559Z Cache Size: ~186 MB (194747390 B)
2025-07-20T04:47:00.7050939Z [command]/usr/bin/tar -xf /home/runner/work/_temp/50f09530-c706-4085-b83a-b35d0cc0d75f/cache.tzst -P -C /home/runner/work/Cygni/Cygni --use-compress-program unzstd
2025-07-20T04:47:03.1073860Z Cache restored successfully
2025-07-20T04:47:03.1439439Z Cache restored from key: node-cache-Linux-x64-pnpm-2fbc1cabd4faa1f63684f0f65015922f3546c054627c9a27ee52424ef26d49c8
2025-07-20T04:47:03.1655640Z ##[group]Run pnpm install --no-frozen-lockfile
2025-07-20T04:47:03.1656037Z [36;1mpnpm install --no-frozen-lockfile[0m
2025-07-20T04:47:03.1694457Z shell: /usr/bin/bash -e {0}
2025-07-20T04:47:03.1694692Z env:
2025-07-20T04:47:03.1694852Z   REGISTRY: ghcr.io
2025-07-20T04:47:03.1695060Z   IMAGE_NAME: patrg444/Cygni
2025-07-20T04:47:03.1695342Z   PNPM_HOME: /home/runner/setup-pnpm/node_modules/.bin
2025-07-20T04:47:03.1695613Z ##[endgroup]
2025-07-20T04:47:03.6067396Z Scope: all 11 workspace projects
2025-07-20T04:47:03.8999967Z Progress: resolved 0, reused 1, downloaded 0, added 0
2025-07-20T04:47:03.9159379Z examples/nextjs-starter                  |  WARN  deprecated eslint@8.57.1
2025-07-20T04:47:05.0110901Z Progress: resolved 88, reused 88, downloaded 0, added 0
2025-07-20T04:47:06.0353890Z Progress: resolved 782, reused 781, downloaded 0, added 0
2025-07-20T04:47:07.0390713Z Progress: resolved 1253, reused 1166, downloaded 0, added 0
2025-07-20T04:47:07.6682096Z  WARN  14 deprecated subdependencies found: @humanwhocodes/config-array@0.13.0, @humanwhocodes/object-schema@2.0.3, are-we-there-yet@2.0.0, gauge@3.0.2, glob@7.1.7, glob@7.2.3, glob@8.1.0, har-validator@5.1.5, inflight@1.0.6, npmlog@5.0.1, request@2.88.2, rimraf@2.7.1, rimraf@3.0.2, uuid@3.4.0
2025-07-20T04:47:07.7101986Z Packages: +1181
2025-07-20T04:47:07.7103692Z ++++++++++++++++++++++++++++++++++++++++++++++++++++++++++++++++++++++++++++++++
2025-07-20T04:47:08.0394348Z Progress: resolved 1282, reused 1186, downloaded 0, added 271
2025-07-20T04:47:08.8650718Z Progress: resolved 1282, reused 1186, downloaded 0, added 1181, done
2025-07-20T04:47:09.1031187Z .../node_modules/@prisma/engines postinstall$ node scripts/postinstall.js
2025-07-20T04:47:09.1239071Z .../bcrypt@5.1.1/node_modules/bcrypt install$ node-pre-gyp install --fallback-to-build
2025-07-20T04:47:09.1358236Z .../argon2@0.31.2/node_modules/argon2 install$ node-pre-gyp install --fallback-to-build
2025-07-20T04:47:09.2152242Z .../bcrypt@5.1.1/node_modules/bcrypt install: node-pre-gyp info it worked if it ends with ok
2025-07-20T04:47:09.2179161Z .../bcrypt@5.1.1/node_modules/bcrypt install: node-pre-gyp info using node-pre-gyp@1.0.11
2025-07-20T04:47:09.2180656Z .../bcrypt@5.1.1/node_modules/bcrypt install: node-pre-gyp info using node@20.19.3 | linux | x64
2025-07-20T04:47:09.2251387Z .../argon2@0.31.2/node_modules/argon2 install: node-pre-gyp info it worked if it ends with ok
2025-07-20T04:47:09.2258483Z .../argon2@0.31.2/node_modules/argon2 install: node-pre-gyp info using node-pre-gyp@1.0.11
2025-07-20T04:47:09.2265674Z .../argon2@0.31.2/node_modules/argon2 install: node-pre-gyp info using node@20.19.3 | linux | x64
2025-07-20T04:47:09.2910267Z .../bcrypt@5.1.1/node_modules/bcrypt install: node-pre-gyp info check checked for "/home/runner/work/Cygni/Cygni/node_modules/.pnpm/bcrypt@5.1.1/node_modules/bcrypt/lib/binding/napi-v3/bcrypt_lib.node" (not found)
2025-07-20T04:47:09.2936199Z .../bcrypt@5.1.1/node_modules/bcrypt install: node-pre-gyp http GET https://github.com/kelektiv/node.bcrypt.js/releases/download/v5.1.1/bcrypt_lib-v5.1.1-napi-v3-linux-x64-glibc.tar.gz
2025-07-20T04:47:09.2968634Z .../argon2@0.31.2/node_modules/argon2 install: node-pre-gyp info check checked for "/home/runner/work/Cygni/Cygni/node_modules/.pnpm/argon2@0.31.2/node_modules/argon2/lib/binding/napi-v3/argon2.node" (not found)
2025-07-20T04:47:09.2975823Z .../argon2@0.31.2/node_modules/argon2 install: node-pre-gyp http GET https://github.com/ranisalt/node-argon2/releases/download/v0.31.2/argon2-v0.31.2-napi-v3-linux-x64-glibc.tar.gz
2025-07-20T04:47:09.4679930Z .../bcrypt@5.1.1/node_modules/bcrypt install: node-pre-gyp info install unpacking napi-v3/bcrypt_lib.node
2025-07-20T04:47:09.4781492Z .../bcrypt@5.1.1/node_modules/bcrypt install: node-pre-gyp info extracted file count: 1 
2025-07-20T04:47:09.4786574Z .../bcrypt@5.1.1/node_modules/bcrypt install: [bcrypt] Success: "/home/runner/work/Cygni/Cygni/node_modules/.pnpm/bcrypt@5.1.1/node_modules/bcrypt/lib/binding/napi-v3/bcrypt_lib.node" is installed via remote
2025-07-20T04:47:09.4788580Z .../bcrypt@5.1.1/node_modules/bcrypt install: node-pre-gyp info ok 
2025-07-20T04:47:09.4849661Z .../bcrypt@5.1.1/node_modules/bcrypt install: Done
2025-07-20T04:47:09.6189241Z .../argon2@0.31.2/node_modules/argon2 install: node-pre-gyp info install unpacking napi-v3/argon2.node
2025-07-20T04:47:09.6273836Z .../argon2@0.31.2/node_modules/argon2 install: node-pre-gyp info extracted file count: 1 
2025-07-20T04:47:09.6277378Z .../argon2@0.31.2/node_modules/argon2 install: [argon2] Success: "/home/runner/work/Cygni/Cygni/node_modules/.pnpm/argon2@0.31.2/node_modules/argon2/lib/binding/napi-v3/argon2.node" is installed via remote
2025-07-20T04:47:09.6279320Z .../argon2@0.31.2/node_modules/argon2 install: node-pre-gyp info ok 
2025-07-20T04:47:09.6356880Z .../argon2@0.31.2/node_modules/argon2 install: Done
2025-07-20T04:47:09.9844045Z .../node_modules/@prisma/engines postinstall: Done
2025-07-20T04:47:10.1151903Z .../node_modules/msgpackr-extract install$ node-gyp-build-optional-packages
2025-07-20T04:47:10.1156415Z .../esbuild@0.18.20/node_modules/esbuild postinstall$ node install.js
2025-07-20T04:47:10.1158625Z .../esbuild@0.21.5/node_modules/esbuild postinstall$ node install.js
2025-07-20T04:47:10.1374820Z .../prisma@5.22.0/node_modules/prisma preinstall$ node scripts/preinstall-entry.js
2025-07-20T04:47:10.1837117Z .../esbuild@0.18.20/node_modules/esbuild postinstall: Done
2025-07-20T04:47:10.1857411Z .../esbuild@0.21.5/node_modules/esbuild postinstall: Done
2025-07-20T04:47:10.1858603Z .../prisma@5.22.0/node_modules/prisma preinstall: Done
2025-07-20T04:47:10.2229554Z .../node_modules/msgpackr-extract install: Done
2025-07-20T04:47:10.2555150Z .../node_modules/@prisma/client postinstall$ node scripts/postinstall.js
2025-07-20T04:47:10.7202280Z .../node_modules/@prisma/client postinstall: prisma:warn We could not find your Prisma schema in the default locations (see: https://pris.ly/d/prisma-schema-location).
2025-07-20T04:47:10.7204413Z .../node_modules/@prisma/client postinstall: If you have a Prisma schema file in a custom path, you will need to run
2025-07-20T04:47:10.7207078Z .../node_modules/@prisma/client postinstall: `prisma generate --schema=./path/to/your/schema.prisma` to generate Prisma Client.
2025-07-20T04:47:10.7208868Z .../node_modules/@prisma/client postinstall: If you do not have a Prisma schema file yet, you can ignore this message.
2025-07-20T04:47:10.7371427Z .../node_modules/@prisma/client postinstall: Done
2025-07-20T04:47:10.7783811Z .../node_modules/unrs-resolver postinstall$ napi-postinstall unrs-resolver 1.11.1 check
2025-07-20T04:47:10.8322003Z .../node_modules/unrs-resolver postinstall: Done
2025-07-20T04:47:12.3599446Z 
2025-07-20T04:47:12.3599940Z devDependencies:
2025-07-20T04:47:12.3600348Z + @types/node 20.19.9
2025-07-20T04:47:12.3600792Z + @typescript-eslint/eslint-plugin 6.21.0
2025-07-20T04:47:12.3601300Z + @typescript-eslint/parser 6.21.0
2025-07-20T04:47:12.3601754Z + eslint-config-prettier 10.1.8
2025-07-20T04:47:12.3602165Z + lint-staged 16.1.2
2025-07-20T04:47:12.3602519Z + prettier 3.6.2
2025-07-20T04:47:12.3602793Z + turbo 1.13.4
2025-07-20T04:47:12.3602958Z 
2025-07-20T04:47:12.3615199Z Done in 9.1s
2025-07-20T04:47:12.4365185Z ##[group]Run pnpm run prisma:generate
2025-07-20T04:47:12.4365649Z [36;1mpnpm run prisma:generate[0m
2025-07-20T04:47:12.4402784Z shell: /usr/bin/bash -e {0}
2025-07-20T04:47:12.4403120Z env:
2025-07-20T04:47:12.4403381Z   REGISTRY: ghcr.io
2025-07-20T04:47:12.4403718Z   IMAGE_NAME: patrg444/Cygni
2025-07-20T04:47:12.4404143Z   PNPM_HOME: /home/runner/setup-pnpm/node_modules/.bin
2025-07-20T04:47:12.4404583Z ##[endgroup]
2025-07-20T04:47:12.8619634Z 
2025-07-20T04:47:12.8620497Z > cloudexpress@0.1.0 prisma:generate /home/runner/work/Cygni/Cygni
2025-07-20T04:47:12.8621264Z > ./scripts/generate-prisma.sh
2025-07-20T04:47:12.8621560Z 
2025-07-20T04:47:12.8669325Z Generating Prisma clients...
2025-07-20T04:47:12.8687922Z Generating Prisma client for services/api
2025-07-20T04:47:17.1467907Z Prisma schema loaded from prisma/schema.prisma
2025-07-20T04:47:17.5633298Z 
2025-07-20T04:47:17.5634695Z ✔ Generated Prisma Client (v5.22.0) to ./../../node_modules/@prisma/client-api in 146ms
2025-07-20T04:47:17.5635298Z 
2025-07-20T04:47:17.5635826Z Start by importing your Prisma Client (See: https://pris.ly/d/importing-client)
2025-07-20T04:47:17.5636331Z 
2025-07-20T04:47:17.5637116Z Help us improve the Prisma ORM for everyone. Share your feedback in a short 2-min survey: https://pris.ly/orm/survey/release-5-22
2025-07-20T04:47:17.5637543Z 
2025-07-20T04:47:17.7918591Z Generating Prisma client for services/builder
2025-07-20T04:47:21.0438824Z sh: 1: prisma: not found
2025-07-20T04:47:21.0596323Z Generating Prisma client for packages/api
2025-07-20T04:47:24.6785237Z Prisma schema loaded from prisma/schema.prisma
2025-07-20T04:47:25.0501068Z 
2025-07-20T04:47:25.0502768Z ✔ Generated Prisma Client (v5.22.0) to ./../../node_modules/.pnpm/@prisma+client@5.22.0_prisma@5.22.0/node_modules/@prisma/client in 118ms
2025-07-20T04:47:25.0504956Z 
2025-07-20T04:47:25.0507026Z Start by importing your Prisma Client (See: https://pris.ly/d/importing-client)
2025-07-20T04:47:25.0507529Z 
2025-07-20T04:47:25.0512733Z Tip: Curious about the SQL queries Prisma ORM generates? Optimize helps you enhance your visibility: https://pris.ly/tip-2-optimize
2025-07-20T04:47:25.0513534Z 
2025-07-20T04:47:25.2763544Z Prisma client generation complete!
2025-07-20T04:47:25.2887742Z ##[group]Run echo "=== Checking for test files ==="
2025-07-20T04:47:25.2888556Z [36;1mecho "=== Checking for test files ==="[0m
2025-07-20T04:47:25.2889209Z [36;1mfind . -name "*.test.*" -o -name "*.spec.*" | grep -v node_modules | head -20[0m
2025-07-20T04:47:25.2929268Z shell: /usr/bin/bash -e {0}
2025-07-20T04:47:25.2929664Z env:
2025-07-20T04:47:25.2929961Z   REGISTRY: ghcr.io
2025-07-20T04:47:25.2930302Z   IMAGE_NAME: patrg444/Cygni
2025-07-20T04:47:25.2930769Z   PNPM_HOME: /home/runner/setup-pnpm/node_modules/.bin
2025-07-20T04:47:25.2931242Z ##[endgroup]
2025-07-20T04:47:25.2995442Z === Checking for test files ===
2025-07-20T04:47:25.5223053Z ./examples/nextjs-starter/src/dummy.test.ts
2025-07-20T04:47:25.5224064Z ./packages/web-ui/src/dummy.test.ts
2025-07-20T04:47:25.5224648Z ./packages/cli/src/tests/framework-detector.test.ts
2025-07-20T04:47:25.5225261Z ./packages/cli/src/tests/deploy-helpers.test.ts
2025-07-20T04:47:25.5225929Z ./packages/cli/src/tests/runtime-validator.test.ts
2025-07-20T04:47:25.5226489Z ./packages/cli/src/tests/builder.test.ts
2025-07-20T04:47:25.5226977Z ./packages/cli/src/dummy.test.ts
2025-07-20T04:47:25.5227455Z ./packages/sdk/src/sdk.test.ts
2025-07-20T04:47:25.5227921Z ./packages/api/docker-compose.test.yml
2025-07-20T04:47:25.5228692Z ./packages/api/tests/unit/budget-monitor.test.ts
2025-07-20T04:47:25.5229250Z ./packages/api/tests/e2e/waitlist.test.ts
2025-07-20T04:47:25.5229602Z ./packages/api/tests/e2e/health-auth.test.ts
2025-07-20T04:47:25.5229902Z ./services/auth/src/auth.test.ts
2025-07-20T04:47:25.5230181Z ./services/builder/src/builder.test.ts
2025-07-20T04:47:25.5230481Z ./services/api/src/health.test.ts
2025-07-20T04:47:25.5251983Z ##[group]Run pnpm test || (echo "Tests failed. Running individual package tests..." && pnpm -r test)
2025-07-20T04:47:25.5252635Z [36;1mpnpm test || (echo "Tests failed. Running individual package tests..." && pnpm -r test)[0m
2025-07-20T04:47:25.5280208Z shell: /usr/bin/bash -e {0}
2025-07-20T04:47:25.5280446Z env:
2025-07-20T04:47:25.5280610Z   REGISTRY: ghcr.io
2025-07-20T04:47:25.5280815Z   IMAGE_NAME: patrg444/Cygni
2025-07-20T04:47:25.5281088Z   PNPM_HOME: /home/runner/setup-pnpm/node_modules/.bin
2025-07-20T04:47:25.5281358Z ##[endgroup]
2025-07-20T04:47:25.9116451Z 
2025-07-20T04:47:25.9116972Z > cloudexpress@0.1.0 test /home/runner/work/Cygni/Cygni
2025-07-20T04:47:25.9117486Z > npx turbo run test
2025-07-20T04:47:25.9117720Z 
2025-07-20T04:47:26.2392537Z 
2025-07-20T04:47:26.2393012Z Attention:
2025-07-20T04:47:26.2393732Z Turborepo now collects completely anonymous telemetry regarding usage.
2025-07-20T04:47:26.2394926Z This information is used to shape the Turborepo roadmap and prioritize features.
2025-07-20T04:47:26.2395845Z You can learn more, including how to opt-out if you'd not like to participate in this anonymous program, by visiting the following URL:
2025-07-20T04:47:26.2396503Z https://turbo.build/repo/docs/telemetry
2025-07-20T04:47:26.2396720Z 
2025-07-20T04:47:26.2969425Z • Packages in scope: @cloudexpress/api, @cloudexpress/auth, @cloudexpress/builder, @cloudexpress/services-api, @cloudexpress/web-ui, @cygni/cli, @cygni/sdk, cygni-nextjs-starter, express-demo, fullstack-demo
2025-07-20T04:47:26.2971007Z • Running test in 10 packages
2025-07-20T04:47:26.2971526Z • Remote caching disabled
2025-07-20T04:47:27.6731781Z ##[group]@cloudexpress/api:build
2025-07-20T04:47:27.6823294Z cache miss, executing d7d57639bfc623a5
2025-07-20T04:47:27.6823897Z 
2025-07-20T04:47:27.6825301Z > @cloudexpress/api@1.0.0 build /home/runner/work/Cygni/Cygni/packages/api
2025-07-20T04:47:27.6826268Z > echo 'Skipping build for packages/api - using services/api instead'
2025-07-20T04:47:27.6827140Z 
2025-07-20T04:47:27.6827542Z Skipping build for packages/api - using services/api instead
2025-07-20T04:47:27.6828759Z ##[endgroup]
2025-07-20T04:47:29.3011237Z [;31mfullstack-demo:build[;0m
2025-07-20T04:47:29.3012246Z cache miss, executing 836c423f5302bbfb
2025-07-20T04:47:29.3012811Z 
2025-07-20T04:47:29.3013539Z > fullstack-demo@1.0.0 build /home/runner/work/Cygni/Cygni/examples/fullstack-demo
2025-07-20T04:47:29.3014617Z > npm run build:frontend && npm run build:backend
2025-07-20T04:47:29.3015390Z 
2025-07-20T04:47:29.3015559Z 
2025-07-20T04:47:29.3015965Z > fullstack-demo@1.0.0 build:frontend
2025-07-20T04:47:29.3016583Z > cd frontend && npm run build
2025-07-20T04:47:29.3016999Z 
2025-07-20T04:47:29.3017162Z 
2025-07-20T04:47:29.3017493Z > frontend@1.0.0 build
2025-07-20T04:47:29.3018309Z > vite build
2025-07-20T04:47:29.3018716Z 
2025-07-20T04:47:29.3019083Z sh: 1: vite: not found
2025-07-20T04:47:29.3019862Z npm error Lifecycle script `build` failed with error:
2025-07-20T04:47:29.3020655Z npm error code 127
2025-07-20T04:47:29.3021623Z npm error path /home/runner/work/Cygni/Cygni/examples/fullstack-demo/frontend
2025-07-20T04:47:29.3022666Z npm error workspace frontend@1.0.0
2025-07-20T04:47:29.3023617Z npm error location /home/runner/work/Cygni/Cygni/examples/fullstack-demo/frontend
2025-07-20T04:47:29.3024391Z npm error command failed
2025-07-20T04:47:29.3024931Z npm error command sh -c vite build
2025-07-20T04:47:29.3025629Z  ELIFECYCLE  Command failed.
2025-07-20T04:47:29.3027285Z [ERROR] command finished with error: command (/home/runner/work/Cygni/Cygni/examples/fullstack-demo) /home/runner/setup-pnpm/node_modules/.bin/pnpm run build exited (1)
2025-07-20T04:47:29.3078972Z ##[group]@cloudexpress/api:test
2025-07-20T04:47:29.3079506Z cache miss, executing 65717c5af65827f0
2025-07-20T04:47:29.3080142Z ##[endgroup]
2025-07-20T04:47:29.3300930Z ##[group]@cygni/sdk:build
2025-07-20T04:47:29.3301572Z cache miss, executing 7c13eef4e550ea9c
2025-07-20T04:47:29.3301931Z 
2025-07-20T04:47:29.3302708Z > @cygni/sdk@0.1.0 build /home/runner/work/Cygni/Cygni/packages/sdk
2025-07-20T04:47:29.3303284Z > tsc
2025-07-20T04:47:29.3303450Z 
2025-07-20T04:47:29.3303815Z ##[endgroup]
2025-07-20T04:47:29.3329253Z ##[group]@cloudexpress/builder:build
2025-07-20T04:47:29.3331292Z cache miss, executing 4ded1d4d68d2c67b
2025-07-20T04:47:29.3331605Z 
2025-07-20T04:47:29.3342008Z > @cloudexpress/builder@0.1.0 build /home/runner/work/Cygni/Cygni/services/builder
2025-07-20T04:47:29.3360924Z > tsc
2025-07-20T04:47:29.3361169Z 
2025-07-20T04:47:29.3361561Z ##[endgroup]
2025-07-20T04:47:29.3362144Z ##[group]@cloudexpress/services-api:build
2025-07-20T04:47:29.3362721Z cache miss, executing 4e62ac1d496e0320
2025-07-20T04:47:29.3363036Z 
2025-07-20T04:47:29.3363577Z > @cloudexpress/services-api@0.1.0 build /home/runner/work/Cygni/Cygni/services/api
2025-07-20T04:47:29.3364225Z > tsc
2025-07-20T04:47:29.3364391Z 
2025-07-20T04:47:29.3364751Z ##[endgroup]
2025-07-20T04:47:29.3365311Z ##[group]@cloudexpress/auth:build
2025-07-20T04:47:29.3365845Z cache miss, executing b67affc02e0960ce
2025-07-20T04:47:29.3366156Z 
2025-07-20T04:47:29.3366640Z > @cloudexpress/auth@0.1.0 build /home/runner/work/Cygni/Cygni/services/auth
2025-07-20T04:47:29.3367253Z > tsc
2025-07-20T04:47:29.3367422Z 
2025-07-20T04:47:29.3367760Z ##[endgroup]
2025-07-20T04:47:29.3372907Z ##[group]@cygni/cli:build
2025-07-20T04:47:29.3373443Z cache miss, executing b16674cbdaf125c3
2025-07-20T04:47:29.3373772Z 
2025-07-20T04:47:29.3374188Z > @cygni/cli@0.1.0 build /home/runner/work/Cygni/Cygni/packages/cli
2025-07-20T04:47:29.3374846Z > tsc && chmod +x dist/index.js
2025-07-20T04:47:29.3375113Z 
2025-07-20T04:47:29.3375474Z ##[endgroup]
2025-07-20T04:47:29.3954267Z ##[group]@cloudexpress/web-ui:build
2025-07-20T04:47:29.3954981Z cache miss, executing 228955e8942f1de9
2025-07-20T04:47:29.3955281Z 
2025-07-20T04:47:29.3955800Z > @cloudexpress/web-ui@0.1.0 build /home/runner/work/Cygni/Cygni/packages/web-ui
2025-07-20T04:47:29.3956764Z > next build
2025-07-20T04:47:29.3956958Z 
2025-07-20T04:47:29.3957305Z ##[endgroup]
2025-07-20T04:47:29.3982636Z ##[error]fullstack-demo#build: command (/home/runner/work/Cygni/Cygni/examples/fullstack-demo) /home/runner/setup-pnpm/node_modules/.bin/pnpm run build exited (1)
2025-07-20T04:47:29.3993105Z 
2025-07-20T04:47:29.3993365Z  Tasks:    1 successful, 9 total
2025-07-20T04:47:29.3993810Z Cached:    0 cached, 9 total
2025-07-20T04:47:29.3994189Z   Time:    3.153s 
2025-07-20T04:47:29.3994654Z Failed:    fullstack-demo#build
2025-07-20T04:47:29.3994907Z 
2025-07-20T04:47:29.4019078Z  ERROR  run failed: command  exited (1)
2025-07-20T04:47:29.5114484Z  ELIFECYCLE  Test failed. See above for more details.
2025-07-20T04:47:29.5293589Z Tests failed. Running individual package tests...
2025-07-20T04:47:29.9472658Z Scope: 10 of 11 workspace projects
2025-07-20T04:47:29.9548740Z examples/fullstack-demo test$ echo "No tests yet"
2025-07-20T04:47:29.9549606Z packages/cli test$ vitest
2025-07-20T04:47:29.9553180Z packages/sdk test$ jest
2025-07-20T04:47:29.9556707Z packages/api test$ echo 'Skipping tests for packages/api - using services/api instead'
2025-07-20T04:47:29.9768361Z examples/fullstack-demo test: No tests yet
2025-07-20T04:47:29.9791579Z examples/fullstack-demo test: Done
2025-07-20T04:47:29.9807334Z packages/api test: Skipping tests for packages/api - using services/api instead
2025-07-20T04:47:29.9825040Z packages/api test: Done
2025-07-20T04:47:29.9832927Z services/api test$ vitest
2025-07-20T04:47:29.9843892Z services/auth test$ vitest
2025-07-20T04:47:30.5087194Z packages/cli test: [33mThe CJS build of Vite's Node API is deprecated. See https://vite.dev/guide/troubleshooting.html#vite-cjs-node-api-deprecated for more details.[39m
2025-07-20T04:47:30.5539752Z services/auth test: [7m[1m[36m RUN [39m[22m[27m [36mv0.34.6[39m [90m/home/runner/work/Cygni/Cygni/services/auth[39m
2025-07-20T04:47:30.5599931Z services/api test: [7m[1m[36m RUN [39m[22m[27m [36mv0.34.6[39m [90m/home/runner/work/Cygni/Cygni/services/api[39m
2025-07-20T04:47:30.5876433Z packages/cli test: [7m[1m[36m RUN [39m[22m[27m [36mv0.34.6[39m [90m/home/runner/work/Cygni/Cygni/packages/cli[39m
2025-07-20T04:47:31.3461757Z services/auth test:  [32m✓[39m src/auth.test.ts [2m ([22m[2m1 test[22m[2m)[22m[90m 12[2mms[22m[39m
2025-07-20T04:47:31.3696263Z services/auth test: [2m Test Files [22m [1m[32m1 passed[39m[22m[90m (1)[39m
2025-07-20T04:47:31.3703864Z services/auth test: [2m      Tests [22m [1m[32m1 passed[39m[22m[90m (1)[39m
2025-07-20T04:47:31.3708556Z services/auth test: [2m   Start at [22m 04:47:30
2025-07-20T04:47:31.3713310Z services/auth test: [2m   Duration [22m 810ms[2m (transform 104ms, setup 0ms, collect 53ms, tests 12ms, environment 0ms, prepare 186ms)[22m
2025-07-20T04:47:31.4068847Z services/auth test: Done
2025-07-20T04:47:31.4081578Z services/builder test$ vitest
2025-07-20T04:47:31.4308253Z services/api test:  [32m✓[39m src/health.test.ts [2m ([22m[2m1 test[22m[2m)[22m[90m 7[2mms[22m[39m
2025-07-20T04:47:31.4449615Z services/api test: [2m Test Files [22m [1m[32m1 passed[39m[22m[90m (1)[39m
2025-07-20T04:47:31.4450959Z services/api test: [2m      Tests [22m [1m[32m1 passed[39m[22m[90m (1)[39m
2025-07-20T04:47:31.4452090Z services/api test: [2m   Start at [22m 04:47:30
2025-07-20T04:47:31.4453612Z services/api test: [2m   Duration [22m 880ms[2m (transform 71ms, setup 0ms, collect 45ms, tests 7ms, environment 0ms, prepare 217ms)[22m
2025-07-20T04:47:31.4831408Z services/api test: Done
2025-07-20T04:47:31.6383185Z packages/cli test:  [32m✓[39m src/tests/framework-detector.test.ts [2m ([22m[2m12 tests[22m[2m)[22m[90m 17[2mms[22m[39m
2025-07-20T04:47:31.6629910Z packages/cli test: [90mstdout[2m | src/tests/builder.test.ts[2m > [22m[2mBuilder[2m > [22m[2mbuildProject[2m > [22m[2mshould auto-detect framework when not specified[22m[39m
2025-07-20T04:47:31.6636393Z packages/cli test: Detected framework: react
2025-07-20T04:47:31.6642318Z packages/cli test: [90mstdout[2m | src/tests/builder.test.ts[2m > [22m[2mBuilder[2m > [22m[2mbuildProject[2m > [22m[2mshould run pre-build commands when specified[22m[39m
2025-07-20T04:47:31.6644153Z packages/cli test: Running build command...
2025-07-20T04:47:31.6645857Z packages/cli test:  [32m✓[39m src/tests/builder.test.ts [2m ([22m[2m7 tests[22m[2m)[22m[90m 16[2mms[22m[39m
2025-07-20T04:47:31.7709385Z packages/sdk test: PASS src/sdk.test.ts
2025-07-20T04:47:31.7710253Z packages/sdk test:   SDK
2025-07-20T04:47:31.7711792Z packages/sdk test:     ✓ should pass basic test (3 ms)
2025-07-20T04:47:31.7807309Z packages/sdk test: Test Suites: 1 passed, 1 total
2025-07-20T04:47:31.7821105Z packages/sdk test: Tests:       1 passed, 1 total
2025-07-20T04:47:31.7822874Z packages/sdk test: Snapshots:   0 total
2025-07-20T04:47:31.7824690Z packages/sdk test: Time:        1.071 s
2025-07-20T04:47:31.7835751Z packages/sdk test: Ran all test suites.
2025-07-20T04:47:31.8829340Z packages/sdk test: Done
2025-07-20T04:47:32.0121219Z packages/cli test:  [32m✓[39m src/tests/deploy-helpers.test.ts [2m ([22m[2m18 tests[22m[2m)[22m[90m 26[2mms[22m[39m
2025-07-20T04:47:32.0534600Z services/builder test: [7m[1m[36m RUN [39m[22m[27m [36mv0.34.6[39m [90m/home/runner/work/Cygni/Cygni/services/builder[39m
2025-07-20T04:47:32.1325905Z packages/cli test:  [32m✓[39m src/dummy.test.ts [2m ([22m[2m1 test[22m[2m)[22m[90m 9[2mms[22m[39m
2025-07-20T04:47:32.2678909Z packages/cli test:  [32m✓[39m src/tests/runtime-validator.test.ts [2m ([22m[2m8 tests[22m[2m)[22m[90m 91[2mms[22m[39m
2025-07-20T04:47:32.2903577Z packages/cli test: [2m Test Files [22m [1m[32m5 passed[39m[22m[90m (5)[39m
2025-07-20T04:47:32.2939230Z packages/cli test: [2m      Tests [22m [1m[32m46 passed[39m[22m[90m (46)[39m
2025-07-20T04:47:32.2940471Z packages/cli test: [2m   Start at [22m 04:47:30
2025-07-20T04:47:32.2942348Z packages/cli test: [2m   Duration [22m 1.70s[2m (transform 372ms, setup 0ms, collect 1.07s, tests 159ms, environment 1ms, prepare 887ms)[22m
2025-07-20T04:47:32.3321787Z packages/cli test: Done
2025-07-20T04:47:32.4541023Z services/builder test:  [32m✓[39m src/builder.test.ts [2m ([22m[2m1 test[22m[2m)[22m[90m 3[2mms[22m[39m
2025-07-20T04:47:32.4615066Z services/builder test: [2m Test Files [22m [1m[32m1 passed[39m[22m[90m (1)[39m
2025-07-20T04:47:32.4617591Z services/builder test: [2m      Tests [22m [1m[32m1 passed[39m[22m[90m (1)[39m
2025-07-20T04:47:32.4620604Z services/builder test: [2m   Start at [22m 04:47:32
2025-07-20T04:47:32.4623635Z services/builder test: [2m   Duration [22m 410ms[2m (transform 46ms, setup 0ms, collect 26ms, tests 3ms, environment 0ms, prepare 93ms)[22m
2025-07-20T04:47:32.4786780Z services/builder test: Done
2025-07-20T04:47:32.4926014Z Post job cleanup.
2025-07-20T04:47:32.6406999Z Cache hit occurred on the primary key node-cache-Linux-x64-pnpm-2fbc1cabd4faa1f63684f0f65015922f3546c054627c9a27ee52424ef26d49c8, not saving cache.
2025-07-20T04:47:32.6490219Z Post job cleanup.
2025-07-20T04:47:32.7375129Z Pruning is unnecessary.
2025-07-20T04:47:32.7466302Z Post job cleanup.
2025-07-20T04:47:32.8392448Z [command]/usr/bin/git version
2025-07-20T04:47:32.8434121Z git version 2.50.1
2025-07-20T04:47:32.8476794Z Temporarily overriding HOME='/home/runner/work/_temp/1e5900d0-4867-49ef-a2fc-fd739cbe008e' before making global git config changes
2025-07-20T04:47:32.8478585Z Adding repository directory to the temporary git global config as a safe directory
2025-07-20T04:47:32.8483248Z [command]/usr/bin/git config --global --add safe.directory /home/runner/work/Cygni/Cygni
2025-07-20T04:47:32.8522133Z [command]/usr/bin/git config --local --name-only --get-regexp core\.sshCommand
2025-07-20T04:47:32.8556288Z [command]/usr/bin/git submodule foreach --recursive sh -c "git config --local --name-only --get-regexp 'core\.sshCommand' && git config --local --unset-all 'core.sshCommand' || :"
2025-07-20T04:47:32.8800202Z [command]/usr/bin/git config --local --name-only --get-regexp http\.https\:\/\/github\.com\/\.extraheader
2025-07-20T04:47:32.8822951Z http.https://github.com/.extraheader
2025-07-20T04:47:32.8835220Z [command]/usr/bin/git config --local --unset-all http.https://github.com/.extraheader
2025-07-20T04:47:32.8865128Z [command]/usr/bin/git submodule foreach --recursive sh -c "git config --local --name-only --get-regexp 'http\.https\:\/\/github\.com\/\.extraheader' && git config --local --unset-all 'http.https://github.com/.extraheader' || :"
2025-07-20T04:47:32.9182672Z Cleaning up orphan processes
