2025-07-20T04:59:48.4051597Z Current runner version: '2.326.0'
2025-07-20T04:59:48.4074668Z ##[group]Runner Image Provisioner
2025-07-20T04:59:48.4075446Z Hosted Compute Agent
2025-07-20T04:59:48.4076098Z Version: 20250711.363
2025-07-20T04:59:48.4076657Z Commit: 6785254374ce925a23743850c1cb91912ce5c14c
2025-07-20T04:59:48.4077687Z Build Date: 2025-07-11T20:04:25Z
2025-07-20T04:59:48.4078347Z ##[endgroup]
2025-07-20T04:59:48.4078909Z ##[group]Operating System
2025-07-20T04:59:48.4079439Z Ubuntu
2025-07-20T04:59:48.4079989Z 24.04.2
2025-07-20T04:59:48.4080447Z LTS
2025-07-20T04:59:48.4080871Z ##[endgroup]
2025-07-20T04:59:48.4081400Z ##[group]Runner Image
2025-07-20T04:59:48.4081926Z Image: ubuntu-24.04
2025-07-20T04:59:48.4082418Z Version: 20250710.1.0
2025-07-20T04:59:48.4083402Z Included Software: https://github.com/actions/runner-images/blob/ubuntu24/20250710.1/images/ubuntu/Ubuntu2404-Readme.md
2025-07-20T04:59:48.4084962Z Image Release: https://github.com/actions/runner-images/releases/tag/ubuntu24%2F20250710.1
2025-07-20T04:59:48.4085954Z ##[endgroup]
2025-07-20T04:59:48.4087183Z ##[group]GITHUB_TOKEN Permissions
2025-07-20T04:59:48.4089063Z Contents: read
2025-07-20T04:59:48.4089631Z Metadata: read
2025-07-20T04:59:48.4090127Z Packages: read
2025-07-20T04:59:48.4090652Z ##[endgroup]
2025-07-20T04:59:48.4092573Z Secret source: Actions
2025-07-20T04:59:48.4093316Z Prepare workflow directory
2025-07-20T04:59:48.4606519Z Prepare all required actions
2025-07-20T04:59:48.4643651Z Getting action download info
2025-07-20T04:59:48.8565136Z ##[group]Download immutable action package 'actions/checkout@v4'
2025-07-20T04:59:48.8566107Z Version: 4.2.2
2025-07-20T04:59:48.8567245Z Digest: sha256:ccb2698953eaebd21c7bf6268a94f9c26518a7e38e27e0b83c1fe1ad049819b1
2025-07-20T04:59:48.8568587Z Source commit SHA: 11bd71901bbe5b1630ceea73d27597364c9af683
2025-07-20T04:59:48.8569277Z ##[endgroup]
2025-07-20T04:59:48.9484592Z Download action repository 'pnpm/action-setup@v2' (SHA:eae0cfeb286e66ffb5155f1a79b90583a127a68b)
2025-07-20T04:59:49.9789470Z ##[group]Download immutable action package 'actions/setup-node@v4'
2025-07-20T04:59:49.9790468Z Version: 4.4.0
2025-07-20T04:59:49.9791251Z Digest: sha256:9427cefe82346e992fb5b949e3569b39d537ae41aa3086483b14eceebfc16bc1
2025-07-20T04:59:49.9792310Z Source commit SHA: 49933ea5288caeca8642d1e84afbd3f7d6820020
2025-07-20T04:59:49.9793192Z ##[endgroup]
2025-07-20T04:59:50.1464864Z Complete job name: Test Matrix - Node 20 on ubuntu-latest
2025-07-20T04:59:50.2101009Z ##[group]Run actions/checkout@v4
2025-07-20T04:59:50.2101919Z with:
2025-07-20T04:59:50.2102390Z   repository: patrg444/Cygni
2025-07-20T04:59:50.2103111Z   token: ***
2025-07-20T04:59:50.2103553Z   ssh-strict: true
2025-07-20T04:59:50.2104010Z   ssh-user: git
2025-07-20T04:59:50.2104477Z   persist-credentials: true
2025-07-20T04:59:50.2104987Z   clean: true
2025-07-20T04:59:50.2105470Z   sparse-checkout-cone-mode: true
2025-07-20T04:59:50.2106026Z   fetch-depth: 1
2025-07-20T04:59:50.2106475Z   fetch-tags: false
2025-07-20T04:59:50.2107147Z   show-progress: true
2025-07-20T04:59:50.2107665Z   lfs: false
2025-07-20T04:59:50.2108099Z   submodules: false
2025-07-20T04:59:50.2108571Z   set-safe-directory: true
2025-07-20T04:59:50.2109328Z env:
2025-07-20T04:59:50.2109782Z   REGISTRY: ghcr.io
2025-07-20T04:59:50.2110262Z   IMAGE_NAME: patrg444/Cygni
2025-07-20T04:59:50.2110774Z ##[endgroup]
2025-07-20T04:59:50.3216113Z Syncing repository: patrg444/Cygni
2025-07-20T04:59:50.3219466Z ##[group]Getting Git version info
2025-07-20T04:59:50.3220283Z Working directory is '/home/runner/work/Cygni/Cygni'
2025-07-20T04:59:50.3221506Z [command]/usr/bin/git version
2025-07-20T04:59:50.3244184Z git version 2.50.1
2025-07-20T04:59:50.3271193Z ##[endgroup]
2025-07-20T04:59:50.3293704Z Temporarily overriding HOME='/home/runner/work/_temp/1730e02c-c12a-4c0b-8d56-1f14e14aaecb' before making global git config changes
2025-07-20T04:59:50.3296449Z Adding repository directory to the temporary git global config as a safe directory
2025-07-20T04:59:50.3300023Z [command]/usr/bin/git config --global --add safe.directory /home/runner/work/Cygni/Cygni
2025-07-20T04:59:50.3333907Z Deleting the contents of '/home/runner/work/Cygni/Cygni'
2025-07-20T04:59:50.3337949Z ##[group]Initializing the repository
2025-07-20T04:59:50.3342443Z [command]/usr/bin/git init /home/runner/work/Cygni/Cygni
2025-07-20T04:59:50.3406969Z hint: Using 'master' as the name for the initial branch. This default branch name
2025-07-20T04:59:50.3408512Z hint: is subject to change. To configure the initial branch name to use in all
2025-07-20T04:59:50.3410148Z hint: of your new repositories, which will suppress this warning, call:
2025-07-20T04:59:50.3411231Z hint:
2025-07-20T04:59:50.3412327Z hint: 	git config --global init.defaultBranch <name>
2025-07-20T04:59:50.3413567Z hint:
2025-07-20T04:59:50.3414737Z hint: Names commonly chosen instead of 'master' are 'main', 'trunk' and
2025-07-20T04:59:50.3416690Z hint: 'development'. The just-created branch can be renamed via this command:
2025-07-20T04:59:50.3418361Z hint:
2025-07-20T04:59:50.3419182Z hint: 	git branch -m <name>
2025-07-20T04:59:50.3420111Z hint:
2025-07-20T04:59:50.3421410Z hint: Disable this message with "git config set advice.defaultBranchName false"
2025-07-20T04:59:50.3423465Z Initialized empty Git repository in /home/runner/work/Cygni/Cygni/.git/
2025-07-20T04:59:50.3426497Z [command]/usr/bin/git remote add origin https://github.com/patrg444/Cygni
2025-07-20T04:59:50.3455938Z ##[endgroup]
2025-07-20T04:59:50.3457687Z ##[group]Disabling automatic garbage collection
2025-07-20T04:59:50.3460676Z [command]/usr/bin/git config --local gc.auto 0
2025-07-20T04:59:50.3489349Z ##[endgroup]
2025-07-20T04:59:50.3490882Z ##[group]Setting up auth
2025-07-20T04:59:50.3497029Z [command]/usr/bin/git config --local --name-only --get-regexp core\.sshCommand
2025-07-20T04:59:50.3527987Z [command]/usr/bin/git submodule foreach --recursive sh -c "git config --local --name-only --get-regexp 'core\.sshCommand' && git config --local --unset-all 'core.sshCommand' || :"
2025-07-20T04:59:50.3809267Z [command]/usr/bin/git config --local --name-only --get-regexp http\.https\:\/\/github\.com\/\.extraheader
2025-07-20T04:59:50.3842496Z [command]/usr/bin/git submodule foreach --recursive sh -c "git config --local --name-only --get-regexp 'http\.https\:\/\/github\.com\/\.extraheader' && git config --local --unset-all 'http.https://github.com/.extraheader' || :"
2025-07-20T04:59:50.4067600Z [command]/usr/bin/git config --local http.https://github.com/.extraheader AUTHORIZATION: basic ***
2025-07-20T04:59:50.4102272Z ##[endgroup]
2025-07-20T04:59:50.4103092Z ##[group]Fetching the repository
2025-07-20T04:59:50.4110644Z [command]/usr/bin/git -c protocol.version=2 fetch --no-tags --prune --no-recurse-submodules --depth=1 origin +ed550598453f64cb10e7ffd14d06b4707a350876:refs/remotes/origin/main
2025-07-20T04:59:50.9945995Z From https://github.com/patrg444/Cygni
2025-07-20T04:59:50.9947603Z  * [new ref]         ed550598453f64cb10e7ffd14d06b4707a350876 -> origin/main
2025-07-20T04:59:50.9977910Z ##[endgroup]
2025-07-20T04:59:50.9979312Z ##[group]Determining the checkout info
2025-07-20T04:59:50.9980760Z ##[endgroup]
2025-07-20T04:59:50.9984464Z [command]/usr/bin/git sparse-checkout disable
2025-07-20T04:59:51.0022606Z [command]/usr/bin/git config --local --unset-all extensions.worktreeConfig
2025-07-20T04:59:51.0055292Z ##[group]Checking out the ref
2025-07-20T04:59:51.0058927Z [command]/usr/bin/git checkout --progress --force -B main refs/remotes/origin/main
2025-07-20T04:59:51.0292980Z Switched to a new branch 'main'
2025-07-20T04:59:51.0295205Z branch 'main' set up to track 'origin/main'.
2025-07-20T04:59:51.0303495Z ##[endgroup]
2025-07-20T04:59:51.0337174Z [command]/usr/bin/git log -1 --format=%H
2025-07-20T04:59:51.0359433Z ed550598453f64cb10e7ffd14d06b4707a350876
2025-07-20T04:59:51.0562998Z ##[group]Run pnpm/action-setup@v2
2025-07-20T04:59:51.0563647Z with:
2025-07-20T04:59:51.0564090Z   version: 8
2025-07-20T04:59:51.0564555Z   dest: ~/setup-pnpm
2025-07-20T04:59:51.0565047Z   run_install: null
2025-07-20T04:59:51.0565756Z   package_json_file: package.json
2025-07-20T04:59:51.0566340Z   standalone: false
2025-07-20T04:59:51.0566938Z env:
2025-07-20T04:59:51.0567358Z   REGISTRY: ghcr.io
2025-07-20T04:59:51.0567849Z   IMAGE_NAME: patrg444/Cygni
2025-07-20T04:59:51.0568396Z ##[endgroup]
2025-07-20T04:59:51.1442129Z ##[group]Running self-installer...
2025-07-20T04:59:51.7852773Z Progress: resolved 1, reused 0, downloaded 0, added 0
2025-07-20T04:59:51.7945953Z Packages: +1
2025-07-20T04:59:51.7947113Z +
2025-07-20T04:59:52.4047325Z Packages are hard linked from the content-addressable store to the virtual store.
2025-07-20T04:59:52.4048423Z   Content-addressable store is at: /home/runner/.local/share/pnpm/store/v3
2025-07-20T04:59:52.4049303Z   Virtual store is at:             node_modules/.pnpm
2025-07-20T04:59:52.4255947Z 
2025-07-20T04:59:52.4256253Z dependencies:
2025-07-20T04:59:52.4256963Z + pnpm 8.15.9 (10.13.1 is available)
2025-07-20T04:59:52.4257355Z 
2025-07-20T04:59:52.4286405Z Done in 1.1s
2025-07-20T04:59:52.7868243Z Progress: resolved 1, reused 0, downloaded 1, added 1, done
2025-07-20T04:59:52.8006697Z ##[endgroup]
2025-07-20T04:59:52.8012005Z Installation Completed!
2025-07-20T04:59:52.8161721Z ##[group]Run actions/setup-node@v4
2025-07-20T04:59:52.8162065Z with:
2025-07-20T04:59:52.8162335Z   node-version: 20
2025-07-20T04:59:52.8162688Z   cache: pnpm
2025-07-20T04:59:52.8162979Z   always-auth: false
2025-07-20T04:59:52.8163291Z   check-latest: false
2025-07-20T04:59:52.8163699Z   token: ***
2025-07-20T04:59:52.8163987Z env:
2025-07-20T04:59:52.8164210Z   REGISTRY: ghcr.io
2025-07-20T04:59:52.8164539Z   IMAGE_NAME: patrg444/Cygni
2025-07-20T04:59:52.8164965Z   PNPM_HOME: /home/runner/setup-pnpm/node_modules/.bin
2025-07-20T04:59:52.8165307Z ##[endgroup]
2025-07-20T04:59:52.9897726Z Found in cache @ /opt/hostedtoolcache/node/20.19.3/x64
2025-07-20T04:59:52.9903172Z ##[group]Environment details
2025-07-20T04:59:53.3411759Z node: v20.19.3
2025-07-20T04:59:53.3412389Z npm: 10.8.2
2025-07-20T04:59:53.3413030Z yarn: 1.22.22
2025-07-20T04:59:53.3413993Z ##[endgroup]
2025-07-20T04:59:53.3437388Z [command]/home/runner/setup-pnpm/node_modules/.bin/pnpm store path --silent
2025-07-20T04:59:53.8423451Z /home/runner/setup-pnpm/node_modules/.bin/store/v3
2025-07-20T04:59:54.0910621Z pnpm cache is not found
2025-07-20T04:59:54.1034100Z ##[group]Run pnpm install --no-frozen-lockfile
2025-07-20T04:59:54.1034586Z [36;1mpnpm install --no-frozen-lockfile[0m
2025-07-20T04:59:54.1070913Z shell: /usr/bin/bash -e {0}
2025-07-20T04:59:54.1071211Z env:
2025-07-20T04:59:54.1129714Z   REGISTRY: ghcr.io
2025-07-20T04:59:54.1129991Z   IMAGE_NAME: patrg444/Cygni
2025-07-20T04:59:54.1130294Z   PNPM_HOME: /home/runner/setup-pnpm/node_modules/.bin
2025-07-20T04:59:54.1130600Z ##[endgroup]
2025-07-20T04:59:54.5347643Z Scope: all 11 workspace projects
2025-07-20T04:59:54.6311068Z Lockfile is up to date, resolution step is skipped
2025-07-20T04:59:54.7452795Z Progress: resolved 1, reused 0, downloaded 0, added 0
2025-07-20T04:59:54.9817043Z Packages: +1181
2025-07-20T04:59:54.9817762Z ++++++++++++++++++++++++++++++++++++++++++++++++++++++++++++++++++++++++++++++++
2025-07-20T04:59:55.7528809Z Progress: resolved 1181, reused 0, downloaded 95, added 83
2025-07-20T04:59:56.7513050Z Progress: resolved 1181, reused 0, downloaded 131, added 119
2025-07-20T04:59:57.7519585Z Progress: resolved 1181, reused 0, downloaded 204, added 203
2025-07-20T04:59:58.7529523Z Progress: resolved 1181, reused 0, downloaded 412, added 412
2025-07-20T04:59:59.7541326Z Progress: resolved 1181, reused 0, downloaded 641, added 641
2025-07-20T05:00:00.7542722Z Progress: resolved 1181, reused 0, downloaded 834, added 833
2025-07-20T05:00:01.7550289Z Progress: resolved 1181, reused 0, downloaded 1002, added 1002
2025-07-20T05:00:02.7548215Z Progress: resolved 1181, reused 0, downloaded 1178, added 1177
2025-07-20T05:00:02.9998517Z Progress: resolved 1181, reused 0, downloaded 1181, added 1181, done
2025-07-20T05:00:03.3923673Z .../node_modules/@prisma/engines postinstall$ node scripts/postinstall.js
2025-07-20T05:00:03.4178503Z .../bcrypt@5.1.1/node_modules/bcrypt install$ node-pre-gyp install --fallback-to-build
2025-07-20T05:00:03.4385081Z .../argon2@0.31.2/node_modules/argon2 install$ node-pre-gyp install --fallback-to-build
2025-07-20T05:00:03.5227840Z .../bcrypt@5.1.1/node_modules/bcrypt install: node-pre-gyp info it worked if it ends with ok
2025-07-20T05:00:03.5239923Z .../bcrypt@5.1.1/node_modules/bcrypt install: node-pre-gyp info using node-pre-gyp@1.0.11
2025-07-20T05:00:03.5247950Z .../bcrypt@5.1.1/node_modules/bcrypt install: node-pre-gyp info using node@20.19.3 | linux | x64
2025-07-20T05:00:03.5351845Z .../argon2@0.31.2/node_modules/argon2 install: node-pre-gyp info it worked if it ends with ok
2025-07-20T05:00:03.5366616Z .../argon2@0.31.2/node_modules/argon2 install: node-pre-gyp info using node-pre-gyp@1.0.11
2025-07-20T05:00:03.5376592Z .../argon2@0.31.2/node_modules/argon2 install: node-pre-gyp info using node@20.19.3 | linux | x64
2025-07-20T05:00:03.6029162Z .../argon2@0.31.2/node_modules/argon2 install: node-pre-gyp info check checked for "/home/runner/work/Cygni/Cygni/node_modules/.pnpm/argon2@0.31.2/node_modules/argon2/lib/binding/napi-v3/argon2.node" (not found)
2025-07-20T05:00:03.6037274Z .../bcrypt@5.1.1/node_modules/bcrypt install: node-pre-gyp info check checked for "/home/runner/work/Cygni/Cygni/node_modules/.pnpm/bcrypt@5.1.1/node_modules/bcrypt/lib/binding/napi-v3/bcrypt_lib.node" (not found)
2025-07-20T05:00:03.6048840Z .../bcrypt@5.1.1/node_modules/bcrypt install: node-pre-gyp http GET https://github.com/kelektiv/node.bcrypt.js/releases/download/v5.1.1/bcrypt_lib-v5.1.1-napi-v3-linux-x64-glibc.tar.gz
2025-07-20T05:00:03.6057541Z .../argon2@0.31.2/node_modules/argon2 install: node-pre-gyp http GET https://github.com/ranisalt/node-argon2/releases/download/v0.31.2/argon2-v0.31.2-napi-v3-linux-x64-glibc.tar.gz
2025-07-20T05:00:03.8569040Z .../bcrypt@5.1.1/node_modules/bcrypt install: node-pre-gyp info install unpacking napi-v3/bcrypt_lib.node
2025-07-20T05:00:03.8672350Z .../bcrypt@5.1.1/node_modules/bcrypt install: node-pre-gyp info extracted file count: 1 
2025-07-20T05:00:03.8676574Z .../bcrypt@5.1.1/node_modules/bcrypt install: [bcrypt] Success: "/home/runner/work/Cygni/Cygni/node_modules/.pnpm/bcrypt@5.1.1/node_modules/bcrypt/lib/binding/napi-v3/bcrypt_lib.node" is installed via remote
2025-07-20T05:00:03.8678651Z .../bcrypt@5.1.1/node_modules/bcrypt install: node-pre-gyp info ok 
2025-07-20T05:00:03.8750606Z .../bcrypt@5.1.1/node_modules/bcrypt install: Done
2025-07-20T05:00:03.8826513Z .../argon2@0.31.2/node_modules/argon2 install: node-pre-gyp info install unpacking napi-v3/argon2.node
2025-07-20T05:00:03.8939451Z .../argon2@0.31.2/node_modules/argon2 install: node-pre-gyp info extracted file count: 1 
2025-07-20T05:00:03.8944532Z .../argon2@0.31.2/node_modules/argon2 install: [argon2] Success: "/home/runner/work/Cygni/Cygni/node_modules/.pnpm/argon2@0.31.2/node_modules/argon2/lib/binding/napi-v3/argon2.node" is installed via remote
2025-07-20T05:00:03.8947812Z .../argon2@0.31.2/node_modules/argon2 install: node-pre-gyp info ok 
2025-07-20T05:00:03.9014536Z .../argon2@0.31.2/node_modules/argon2 install: Done
2025-07-20T05:00:04.2234356Z .../node_modules/@prisma/engines postinstall: Done
2025-07-20T05:00:04.3197165Z .../node_modules/unrs-resolver postinstall$ napi-postinstall unrs-resolver 1.11.1 check
2025-07-20T05:00:04.3359258Z .../esbuild@0.18.20/node_modules/esbuild postinstall$ node install.js
2025-07-20T05:00:04.3361577Z .../esbuild@0.21.5/node_modules/esbuild postinstall$ node install.js
2025-07-20T05:00:04.3754633Z .../node_modules/msgpackr-extract install$ node-gyp-build-optional-packages
2025-07-20T05:00:04.3962070Z .../esbuild@0.18.20/node_modules/esbuild postinstall: Done
2025-07-20T05:00:04.3963247Z .../node_modules/unrs-resolver postinstall: Done
2025-07-20T05:00:04.3970431Z .../prisma@5.22.0/node_modules/prisma preinstall$ node scripts/preinstall-entry.js
2025-07-20T05:00:04.4211134Z .../esbuild@0.21.5/node_modules/esbuild postinstall: Done
2025-07-20T05:00:04.4578150Z .../prisma@5.22.0/node_modules/prisma preinstall: Done
2025-07-20T05:00:04.4931847Z .../node_modules/msgpackr-extract install: Done
2025-07-20T05:00:04.5138688Z .../node_modules/@prisma/client postinstall$ node scripts/postinstall.js
2025-07-20T05:00:04.9347456Z .../node_modules/@prisma/client postinstall: prisma:warn We could not find your Prisma schema in the default locations (see: https://pris.ly/d/prisma-schema-location).
2025-07-20T05:00:04.9349398Z .../node_modules/@prisma/client postinstall: If you have a Prisma schema file in a custom path, you will need to run
2025-07-20T05:00:04.9350582Z .../node_modules/@prisma/client postinstall: `prisma generate --schema=./path/to/your/schema.prisma` to generate Prisma Client.
2025-07-20T05:00:04.9351499Z .../node_modules/@prisma/client postinstall: If you do not have a Prisma schema file yet, you can ignore this message.
2025-07-20T05:00:04.9487726Z .../node_modules/@prisma/client postinstall: Done
2025-07-20T05:00:05.1635589Z 
2025-07-20T05:00:05.1636351Z devDependencies:
2025-07-20T05:00:05.1637069Z + @types/node 20.19.9
2025-07-20T05:00:05.1637787Z + @typescript-eslint/eslint-plugin 6.21.0
2025-07-20T05:00:05.1638326Z + @typescript-eslint/parser 6.21.0
2025-07-20T05:00:05.1638812Z + eslint-config-prettier 10.1.8
2025-07-20T05:00:05.1639273Z + lint-staged 16.1.2
2025-07-20T05:00:05.1639640Z + prettier 3.6.2
2025-07-20T05:00:05.1640066Z + turbo 1.13.4
2025-07-20T05:00:05.1640262Z 
2025-07-20T05:00:05.2272429Z Done in 11s
2025-07-20T05:00:05.3128983Z ##[group]Run pnpm run prisma:generate
2025-07-20T05:00:05.3129290Z [36;1mpnpm run prisma:generate[0m
2025-07-20T05:00:05.3157669Z shell: /usr/bin/bash -e {0}
2025-07-20T05:00:05.3157890Z env:
2025-07-20T05:00:05.3158050Z   REGISTRY: ghcr.io
2025-07-20T05:00:05.3158251Z   IMAGE_NAME: patrg444/Cygni
2025-07-20T05:00:05.3158514Z   PNPM_HOME: /home/runner/setup-pnpm/node_modules/.bin
2025-07-20T05:00:05.3158789Z ##[endgroup]
2025-07-20T05:00:05.7063700Z 
2025-07-20T05:00:05.7064461Z > cloudexpress@0.1.0 prisma:generate /home/runner/work/Cygni/Cygni
2025-07-20T05:00:05.7065251Z > ./scripts/generate-prisma.sh
2025-07-20T05:00:05.7065543Z 
2025-07-20T05:00:05.7113566Z Generating Prisma clients...
2025-07-20T05:00:05.7128969Z Generating Prisma client for services/api
2025-07-20T05:00:11.1572790Z Prisma schema loaded from prisma/schema.prisma
2025-07-20T05:00:11.5673466Z 
2025-07-20T05:00:11.5677215Z ✔ Generated Prisma Client (v5.22.0) to ./../../node_modules/@prisma/client-api in 143ms
2025-07-20T05:00:11.5677869Z 
2025-07-20T05:00:11.5678425Z Start by importing your Prisma Client (See: https://pris.ly/d/importing-client)
2025-07-20T05:00:11.5678918Z 
2025-07-20T05:00:11.5679716Z Tip: Need your database queries to be 1000x faster? Accelerate offers you that and more: https://pris.ly/tip-2-accelerate
2025-07-20T05:00:11.5680387Z 
2025-07-20T05:00:11.7958200Z Generating Prisma client for services/builder
2025-07-20T05:00:15.0319033Z sh: 1: prisma: not found
2025-07-20T05:00:15.0479905Z Generating Prisma client for packages/api
2025-07-20T05:00:18.6602073Z Prisma schema loaded from prisma/schema.prisma
2025-07-20T05:00:19.0307126Z 
2025-07-20T05:00:19.0308776Z ✔ Generated Prisma Client (v5.22.0) to ./../../node_modules/.pnpm/@prisma+client@5.22.0_prisma@5.22.0/node_modules/@prisma/client in 125ms
2025-07-20T05:00:19.0309576Z 
2025-07-20T05:00:19.0310117Z Start by importing your Prisma Client (See: https://pris.ly/d/importing-client)
2025-07-20T05:00:19.0310637Z 
2025-07-20T05:00:19.0311275Z Tip: Need your database queries to be 1000x faster? Accelerate offers you that and more: https://pris.ly/tip-2-accelerate
2025-07-20T05:00:19.0311695Z 
2025-07-20T05:00:19.2573038Z Prisma client generation complete!
2025-07-20T05:00:19.2684878Z ##[group]Run echo "=== Checking for test files ==="
2025-07-20T05:00:19.2685237Z [36;1mecho "=== Checking for test files ==="[0m
2025-07-20T05:00:19.2685616Z [36;1mfind . -name "*.test.*" -o -name "*.spec.*" | grep -v node_modules | head -20[0m
2025-07-20T05:00:19.2713857Z shell: /usr/bin/bash -e {0}
2025-07-20T05:00:19.2714075Z env:
2025-07-20T05:00:19.2714243Z   REGISTRY: ghcr.io
2025-07-20T05:00:19.2714439Z   IMAGE_NAME: patrg444/Cygni
2025-07-20T05:00:19.2714719Z   PNPM_HOME: /home/runner/setup-pnpm/node_modules/.bin
2025-07-20T05:00:19.2714991Z ##[endgroup]
2025-07-20T05:00:19.2761212Z === Checking for test files ===
2025-07-20T05:00:19.4969914Z ./examples/nextjs-starter/src/dummy.test.ts
2025-07-20T05:00:19.4970967Z ./packages/web-ui/src/dummy.test.ts
2025-07-20T05:00:19.4971477Z ./packages/cli/src/tests/framework-detector.test.ts
2025-07-20T05:00:19.4971877Z ./packages/cli/src/tests/deploy-helpers.test.ts
2025-07-20T05:00:19.4972313Z ./packages/cli/src/tests/runtime-validator.test.ts
2025-07-20T05:00:19.4972663Z ./packages/cli/src/tests/builder.test.ts
2025-07-20T05:00:19.4972960Z ./packages/cli/src/dummy.test.ts
2025-07-20T05:00:19.4973231Z ./packages/sdk/src/sdk.test.ts
2025-07-20T05:00:19.4973524Z ./packages/api/docker-compose.test.yml
2025-07-20T05:00:19.4973958Z ./packages/api/tests/unit/budget-monitor.test.ts
2025-07-20T05:00:19.4974548Z ./packages/api/tests/e2e/waitlist.test.ts
2025-07-20T05:00:19.4975088Z ./packages/api/tests/e2e/health-auth.test.ts
2025-07-20T05:00:19.4975585Z ./services/auth/src/auth.test.ts
2025-07-20T05:00:19.4976052Z ./services/builder/src/builder.test.ts
2025-07-20T05:00:19.4976370Z ./services/api/src/health.test.ts
2025-07-20T05:00:19.4997961Z ##[group]Run pnpm test || (echo "Tests failed. Running individual package tests..." && pnpm -r test)
2025-07-20T05:00:19.4998577Z [36;1mpnpm test || (echo "Tests failed. Running individual package tests..." && pnpm -r test)[0m
2025-07-20T05:00:19.5025790Z shell: /usr/bin/bash -e {0}
2025-07-20T05:00:19.5026016Z env:
2025-07-20T05:00:19.5026174Z   REGISTRY: ghcr.io
2025-07-20T05:00:19.5026373Z   IMAGE_NAME: patrg444/Cygni
2025-07-20T05:00:19.5026636Z   PNPM_HOME: /home/runner/setup-pnpm/node_modules/.bin
2025-07-20T05:00:19.5027171Z ##[endgroup]
2025-07-20T05:00:19.8857565Z 
2025-07-20T05:00:19.8858157Z > cloudexpress@0.1.0 test /home/runner/work/Cygni/Cygni
2025-07-20T05:00:19.8858769Z > npx turbo run test
2025-07-20T05:00:19.8859001Z 
2025-07-20T05:00:20.2158707Z 
2025-07-20T05:00:20.2159168Z Attention:
2025-07-20T05:00:20.2159933Z Turborepo now collects completely anonymous telemetry regarding usage.
2025-07-20T05:00:20.2160674Z This information is used to shape the Turborepo roadmap and prioritize features.
2025-07-20T05:00:20.2161516Z You can learn more, including how to opt-out if you'd not like to participate in this anonymous program, by visiting the following URL:
2025-07-20T05:00:20.2162135Z https://turbo.build/repo/docs/telemetry
2025-07-20T05:00:20.2162327Z 
2025-07-20T05:00:20.2749177Z • Packages in scope: @cloudexpress/api, @cloudexpress/auth, @cloudexpress/builder, @cloudexpress/services-api, @cloudexpress/web-ui, @cygni/cli, @cygni/sdk, cygni-nextjs-starter, express-demo, fullstack-demo
2025-07-20T05:00:20.2750802Z • Running test in 10 packages
2025-07-20T05:00:20.2751277Z • Remote caching disabled
2025-07-20T05:00:21.3952813Z ##[group]@cloudexpress/api:build
2025-07-20T05:00:21.3953471Z cache miss, executing d7d57639bfc623a5
2025-07-20T05:00:21.4006552Z 
2025-07-20T05:00:21.4007394Z > @cloudexpress/api@1.0.0 build /home/runner/work/Cygni/Cygni/packages/api
2025-07-20T05:00:21.4008344Z > echo 'Skipping build for packages/api - using services/api instead'
2025-07-20T05:00:21.4008878Z 
2025-07-20T05:00:21.4009303Z Skipping build for packages/api - using services/api instead
2025-07-20T05:00:21.4010281Z ##[endgroup]
2025-07-20T05:00:22.8249721Z [;31mfullstack-demo:build[;0m
2025-07-20T05:00:22.8251807Z cache miss, executing 836c423f5302bbfb
2025-07-20T05:00:22.8255750Z 
2025-07-20T05:00:22.8260228Z > fullstack-demo@1.0.0 build /home/runner/work/Cygni/Cygni/examples/fullstack-demo
2025-07-20T05:00:22.8264850Z > npm run build:frontend && npm run build:backend
2025-07-20T05:00:22.8269128Z 
2025-07-20T05:00:22.8272808Z 
2025-07-20T05:00:22.8276510Z > fullstack-demo@1.0.0 build:frontend
2025-07-20T05:00:22.8280871Z > cd frontend && npm run build
2025-07-20T05:00:22.8282272Z 
2025-07-20T05:00:22.8285716Z 
2025-07-20T05:00:22.8287292Z > frontend@1.0.0 build
2025-07-20T05:00:22.8288976Z > vite build
2025-07-20T05:00:22.8292640Z 
2025-07-20T05:00:22.8294060Z sh: 1: vite: not found
2025-07-20T05:00:22.8295693Z npm error Lifecycle script `build` failed with error:
2025-07-20T05:00:22.8298460Z npm error code 127
2025-07-20T05:00:22.8299458Z npm error path /home/runner/work/Cygni/Cygni/examples/fullstack-demo/frontend
2025-07-20T05:00:22.8302076Z npm error workspace frontend@1.0.0
2025-07-20T05:00:22.8303097Z npm error location /home/runner/work/Cygni/Cygni/examples/fullstack-demo/frontend
2025-07-20T05:00:22.8304075Z npm error command failed
2025-07-20T05:00:22.8305641Z npm error command sh -c vite build
2025-07-20T05:00:22.8307598Z  ELIFECYCLE  Command failed.
2025-07-20T05:00:22.8327098Z [ERROR] command finished with error: command (/home/runner/work/Cygni/Cygni/examples/fullstack-demo) /home/runner/setup-pnpm/node_modules/.bin/pnpm run build exited (1)
2025-07-20T05:00:22.8468858Z ##[group]@cloudexpress/api:test
2025-07-20T05:00:22.8487544Z cache miss, executing 65717c5af65827f0
2025-07-20T05:00:22.8488511Z ##[endgroup]
2025-07-20T05:00:22.8547661Z ##[group]@cloudexpress/builder:build
2025-07-20T05:00:22.8562589Z cache miss, executing e89deacc57de36f2
2025-07-20T05:00:22.8567015Z 
2025-07-20T05:00:22.8571852Z > @cloudexpress/builder@0.1.0 build /home/runner/work/Cygni/Cygni/services/builder
2025-07-20T05:00:22.8576325Z > tsc
2025-07-20T05:00:22.8580472Z 
2025-07-20T05:00:22.8584779Z ##[endgroup]
2025-07-20T05:00:22.8614655Z ##[group]@cygni/cli:build
2025-07-20T05:00:22.8615185Z cache miss, executing b16674cbdaf125c3
2025-07-20T05:00:22.8615500Z 
2025-07-20T05:00:22.8615932Z > @cygni/cli@0.1.0 build /home/runner/work/Cygni/Cygni/packages/cli
2025-07-20T05:00:22.8616573Z > tsc && chmod +x dist/index.js
2025-07-20T05:00:22.8617036Z 
2025-07-20T05:00:22.8617442Z ##[endgroup]
2025-07-20T05:00:22.8618290Z ##[group]@cloudexpress/auth:build
2025-07-20T05:00:22.8627792Z cache miss, executing b67affc02e0960ce
2025-07-20T05:00:22.8629595Z 
2025-07-20T05:00:22.8630139Z > @cloudexpress/auth@0.1.0 build /home/runner/work/Cygni/Cygni/services/auth
2025-07-20T05:00:22.8630784Z > tsc
2025-07-20T05:00:22.8630950Z 
2025-07-20T05:00:22.8631865Z ##[endgroup]
2025-07-20T05:00:22.8632493Z ##[group]@cloudexpress/services-api:build
2025-07-20T05:00:22.8633082Z cache miss, executing 4e62ac1d496e0320
2025-07-20T05:00:22.8633399Z 
2025-07-20T05:00:22.8633958Z > @cloudexpress/services-api@0.1.0 build /home/runner/work/Cygni/Cygni/services/api
2025-07-20T05:00:22.8634609Z > tsc
2025-07-20T05:00:22.8634778Z 
2025-07-20T05:00:22.8635153Z ##[endgroup]
2025-07-20T05:00:22.8662435Z ##[group]@cygni/sdk:build
2025-07-20T05:00:22.8663189Z cache miss, executing 7c13eef4e550ea9c
2025-07-20T05:00:22.8663548Z 
2025-07-20T05:00:22.8663993Z > @cygni/sdk@0.1.0 build /home/runner/work/Cygni/Cygni/packages/sdk
2025-07-20T05:00:22.8664560Z > tsc
2025-07-20T05:00:22.8664746Z 
2025-07-20T05:00:22.8665124Z ##[endgroup]
2025-07-20T05:00:23.0744543Z ##[group]@cloudexpress/web-ui:build
2025-07-20T05:00:23.0745259Z cache miss, executing 18dc8aad732b6e50
2025-07-20T05:00:23.0764717Z ##[error]fullstack-demo#build: command (/home/runner/work/Cygni/Cygni/examples/fullstack-demo) /home/runner/setup-pnpm/node_modules/.bin/pnpm run build exited (1)
2025-07-20T05:00:23.0772855Z 
2025-07-20T05:00:23.0773234Z > @cloudexpress/web-ui@0.1.0 build /home/runner/work/Cygni/Cygni/packages/web-ui
2025-07-20T05:00:23.0773626Z > next build
2025-07-20T05:00:23.0773737Z 
2025-07-20T05:00:23.0773956Z ##[endgroup]
2025-07-20T05:00:23.0774078Z 
2025-07-20T05:00:23.0774198Z  Tasks:    1 successful, 9 total
2025-07-20T05:00:23.0774453Z Cached:    0 cached, 9 total
2025-07-20T05:00:23.0774667Z   Time:    2.855s 
2025-07-20T05:00:23.0774903Z Failed:    fullstack-demo#build
2025-07-20T05:00:23.0775050Z 
2025-07-20T05:00:23.0796566Z  ERROR  run failed: command  exited (1)
2025-07-20T05:00:23.2920970Z  ELIFECYCLE  Test failed. See above for more details.
2025-07-20T05:00:23.3100507Z Tests failed. Running individual package tests...
2025-07-20T05:00:23.7150908Z Scope: 10 of 11 workspace projects
2025-07-20T05:00:23.7243461Z examples/fullstack-demo test$ echo "No tests yet"
2025-07-20T05:00:23.7244462Z packages/api test$ echo 'Skipping tests for packages/api - using services/api instead'
2025-07-20T05:00:23.7245018Z packages/cli test$ vitest
2025-07-20T05:00:23.7277128Z packages/sdk test$ jest
2025-07-20T05:00:23.7401916Z examples/fullstack-demo test: No tests yet
2025-07-20T05:00:23.7421721Z packages/api test: Skipping tests for packages/api - using services/api instead
2025-07-20T05:00:23.7434897Z packages/api test: Done
2025-07-20T05:00:23.7440122Z examples/fullstack-demo test: Done
2025-07-20T05:00:23.7447826Z packages/web-ui test$ vitest
2025-07-20T05:00:23.7452089Z services/api test$ vitest
2025-07-20T05:00:24.3149645Z packages/cli test: [33mThe CJS build of Vite's Node API is deprecated. See https://vite.dev/guide/troubleshooting.html#vite-cjs-node-api-deprecated for more details.[39m
2025-07-20T05:00:24.3252804Z packages/web-ui test: [7m[1m[36m RUN [39m[22m[27m [36mv0.34.6[39m [90m/home/runner/work/Cygni/Cygni/packages/web-ui[39m
2025-07-20T05:00:24.3514205Z services/api test: [7m[1m[36m RUN [39m[22m[27m [36mv0.34.6[39m [90m/home/runner/work/Cygni/Cygni/services/api[39m
2025-07-20T05:00:24.3713590Z packages/cli test: [7m[1m[36m RUN [39m[22m[27m [36mv0.34.6[39m [90m/home/runner/work/Cygni/Cygni/packages/cli[39m
2025-07-20T05:00:25.1273586Z packages/web-ui test:  [32m✓[39m src/dummy.test.ts [2m ([22m[2m1 test[22m[2m)[22m[90m 4[2mms[22m[39m
2025-07-20T05:00:25.1423769Z packages/web-ui test: [2m Test Files [22m [1m[32m1 passed[39m[22m[90m (1)[39m
2025-07-20T05:00:25.1427405Z packages/web-ui test: [2m      Tests [22m [1m[32m1 passed[39m[22m[90m (1)[39m
2025-07-20T05:00:25.1428462Z packages/web-ui test: [2m   Start at [22m 05:00:24
2025-07-20T05:00:25.1430747Z packages/web-ui test: [2m   Duration [22m 814ms[2m (transform 111ms, setup 0ms, collect 46ms, tests 4ms, environment 0ms, prepare 218ms)[22m
2025-07-20T05:00:25.1734572Z packages/web-ui test: Done
2025-07-20T05:00:25.1754060Z services/auth test$ vitest
2025-07-20T05:00:25.2139852Z services/api test:  [32m✓[39m src/health.test.ts [2m ([22m[2m1 test[22m[2m)[22m[90m 9[2mms[22m[39m
2025-07-20T05:00:25.2308606Z services/api test: [2m Test Files [22m [1m[32m1 passed[39m[22m[90m (1)[39m
2025-07-20T05:00:25.2328077Z services/api test: [2m      Tests [22m [1m[32m1 passed[39m[22m[90m (1)[39m
2025-07-20T05:00:25.2329038Z services/api test: [2m   Start at [22m 05:00:24
2025-07-20T05:00:25.2333694Z services/api test: [2m   Duration [22m 879ms[2m (transform 62ms, setup 0ms, collect 40ms, tests 9ms, environment 0ms, prepare 183ms)[22m
2025-07-20T05:00:25.2697504Z services/api test: Done
2025-07-20T05:00:25.2770545Z services/builder test$ vitest
2025-07-20T05:00:25.4475799Z packages/cli test:  [32m✓[39m src/tests/framework-detector.test.ts [2m ([22m[2m12 tests[22m[2m)[22m[90m 32[2mms[22m[39m
2025-07-20T05:00:25.4589536Z packages/cli test: [90mstdout[2m | src/tests/builder.test.ts[2m > [22m[2mBuilder[2m > [22m[2mbuildProject[2m > [22m[2mshould auto-detect framework when not specified[22m[39m
2025-07-20T05:00:25.4617262Z packages/cli test: Detected framework: react
2025-07-20T05:00:25.4619101Z packages/cli test: [90mstdout[2m | src/tests/builder.test.ts[2m > [22m[2mBuilder[2m > [22m[2mbuildProject[2m > [22m[2mshould run pre-build commands when specified[22m[39m
2025-07-20T05:00:25.4620337Z packages/cli test: Running build command...
2025-07-20T05:00:25.4641273Z packages/cli test:  [32m✓[39m src/tests/builder.test.ts [2m ([22m[2m7 tests[22m[2m)[22m[90m 34[2mms[22m[39m
2025-07-20T05:00:25.7231299Z packages/cli test:  [32m✓[39m src/tests/deploy-helpers.test.ts [2m ([22m[2m18 tests[22m[2m)[22m[90m 29[2mms[22m[39m
2025-07-20T05:00:25.7553360Z packages/sdk test: PASS src/sdk.test.ts
2025-07-20T05:00:25.7607975Z packages/sdk test:   SDK
2025-07-20T05:00:25.7613056Z packages/sdk test:     ✓ should pass basic test (6 ms)
2025-07-20T05:00:25.7662062Z packages/sdk test: Test Suites: 1 passed, 1 total
2025-07-20T05:00:25.7666665Z packages/sdk test: Tests:       1 passed, 1 total
2025-07-20T05:00:25.7671310Z packages/sdk test: Snapshots:   0 total
2025-07-20T05:00:25.7676020Z packages/sdk test: Time:        1.381 s
2025-07-20T05:00:25.7679045Z packages/sdk test: Ran all test suites.
2025-07-20T05:00:25.8760754Z packages/sdk test: Done
2025-07-20T05:00:25.9514632Z services/auth test: [7m[1m[36m RUN [39m[22m[27m [36mv0.34.6[39m [90m/home/runner/work/Cygni/Cygni/services/auth[39m
2025-07-20T05:00:26.0019446Z services/builder test: [7m[1m[36m RUN [39m[22m[27m [36mv0.34.6[39m [90m/home/runner/work/Cygni/Cygni/services/builder[39m
2025-07-20T05:00:26.1272897Z packages/cli test:  [32m✓[39m src/dummy.test.ts [2m ([22m[2m1 test[22m[2m)[22m[90m 6[2mms[22m[39m
2025-07-20T05:00:26.2229176Z packages/cli test:  [32m✓[39m src/tests/runtime-validator.test.ts [2m ([22m[2m8 tests[22m[2m)[22m[90m 64[2mms[22m[39m
2025-07-20T05:00:26.2433125Z packages/cli test: [2m Test Files [22m [1m[32m5 passed[39m[22m[90m (5)[39m
2025-07-20T05:00:26.2438428Z packages/cli test: [2m      Tests [22m [1m[32m46 passed[39m[22m[90m (46)[39m
2025-07-20T05:00:26.2516564Z packages/cli test: [2m   Start at [22m 05:00:24
2025-07-20T05:00:26.2525843Z packages/cli test: [2m   Duration [22m 1.87s[2m (transform 574ms, setup 0ms, collect 1.25s, tests 165ms, environment 1ms, prepare 1.01s)[22m
2025-07-20T05:00:26.3118887Z packages/cli test: Done
2025-07-20T05:00:26.5449333Z services/auth test:  [32m✓[39m src/auth.test.ts [2m ([22m[2m1 test[22m[2m)[22m[90m 3[2mms[22m[39m
2025-07-20T05:00:26.5561059Z services/auth test: [2m Test Files [22m [1m[32m1 passed[39m[22m[90m (1)[39m
2025-07-20T05:00:26.5562175Z services/auth test: [2m      Tests [22m [1m[32m1 passed[39m[22m[90m (1)[39m
2025-07-20T05:00:26.5563057Z services/auth test: [2m   Start at [22m 05:00:25
2025-07-20T05:00:26.5564524Z services/auth test: [2m   Duration [22m 607ms[2m (transform 41ms, setup 0ms, collect 31ms, tests 3ms, environment 0ms, prepare 79ms)[22m
2025-07-20T05:00:26.5674338Z services/builder test:  [32m✓[39m src/builder.test.ts [2m ([22m[2m1 test[22m[2m)[22m[90m 4[2mms[22m[39m
2025-07-20T05:00:26.5745589Z services/auth test: Done
2025-07-20T05:00:26.5772713Z services/builder test: [2m Test Files [22m [1m[32m1 passed[39m[22m[90m (1)[39m
2025-07-20T05:00:26.5780178Z services/builder test: [2m      Tests [22m [1m[32m1 passed[39m[22m[90m (1)[39m
2025-07-20T05:00:26.5781198Z services/builder test: [2m   Start at [22m 05:00:25
2025-07-20T05:00:26.5782758Z services/builder test: [2m   Duration [22m 579ms[2m (transform 38ms, setup 0ms, collect 33ms, tests 4ms, environment 2ms, prepare 75ms)[22m
2025-07-20T05:00:26.5948775Z services/builder test: Done
2025-07-20T05:00:26.6094995Z Post job cleanup.
2025-07-20T05:00:26.7776276Z [command]/usr/bin/tar --posix -cf cache.tzst --exclude cache.tzst -P -C /home/runner/work/Cygni/Cygni --files-from manifest.txt --use-compress-program zstdmt
2025-07-20T05:00:29.3602926Z Failed to save: Unable to reserve cache with key node-cache-Linux-x64-pnpm-79fc460ccc1207c813757f9fdf4413fead0a19281f1f71e89b6b1e7157e26185, another job may be creating this cache.
2025-07-20T05:00:29.4095087Z Post job cleanup.
2025-07-20T05:00:29.4984509Z Pruning is unnecessary.
2025-07-20T05:00:29.5097163Z Post job cleanup.
2025-07-20T05:00:29.6017258Z [command]/usr/bin/git version
2025-07-20T05:00:29.6052510Z git version 2.50.1
2025-07-20T05:00:29.6095093Z Temporarily overriding HOME='/home/runner/work/_temp/da0897cd-5071-4b6b-8080-a0c74e21a42b' before making global git config changes
2025-07-20T05:00:29.6096552Z Adding repository directory to the temporary git global config as a safe directory
2025-07-20T05:00:29.6100945Z [command]/usr/bin/git config --global --add safe.directory /home/runner/work/Cygni/Cygni
2025-07-20T05:00:29.6138481Z [command]/usr/bin/git config --local --name-only --get-regexp core\.sshCommand
2025-07-20T05:00:29.6172607Z [command]/usr/bin/git submodule foreach --recursive sh -c "git config --local --name-only --get-regexp 'core\.sshCommand' && git config --local --unset-all 'core.sshCommand' || :"
2025-07-20T05:00:29.6413356Z [command]/usr/bin/git config --local --name-only --get-regexp http\.https\:\/\/github\.com\/\.extraheader
2025-07-20T05:00:29.6435979Z http.https://github.com/.extraheader
2025-07-20T05:00:29.6448723Z [command]/usr/bin/git config --local --unset-all http.https://github.com/.extraheader
2025-07-20T05:00:29.6481242Z [command]/usr/bin/git submodule foreach --recursive sh -c "git config --local --name-only --get-regexp 'http\.https\:\/\/github\.com\/\.extraheader' && git config --local --unset-all 'http.https://github.com/.extraheader' || :"
2025-07-20T05:00:29.6809736Z Cleaning up orphan processes
