2025-07-20T04:59:47.8912816Z Current runner version: '2.326.0'
2025-07-20T04:59:47.8939562Z ##[group]Runner Image Provisioner
2025-07-20T04:59:47.8940431Z Hosted Compute Agent
2025-07-20T04:59:47.8940976Z Version: 20250711.363
2025-07-20T04:59:47.8941646Z Commit: 6785254374ce925a23743850c1cb91912ce5c14c
2025-07-20T04:59:47.8942375Z Build Date: 2025-07-11T20:04:25Z
2025-07-20T04:59:47.8942935Z ##[endgroup]
2025-07-20T04:59:47.8943546Z ##[group]Operating System
2025-07-20T04:59:47.8944382Z Ubuntu
2025-07-20T04:59:47.8944908Z 24.04.2
2025-07-20T04:59:47.8945483Z LTS
2025-07-20T04:59:47.8945911Z ##[endgroup]
2025-07-20T04:59:47.8946409Z ##[group]Runner Image
2025-07-20T04:59:47.8946970Z Image: ubuntu-24.04
2025-07-20T04:59:47.8947503Z Version: 20250710.1.0
2025-07-20T04:59:47.8948473Z Included Software: https://github.com/actions/runner-images/blob/ubuntu24/20250710.1/images/ubuntu/Ubuntu2404-Readme.md
2025-07-20T04:59:47.8950071Z Image Release: https://github.com/actions/runner-images/releases/tag/ubuntu24%2F20250710.1
2025-07-20T04:59:47.8951146Z ##[endgroup]
2025-07-20T04:59:47.8952637Z ##[group]GITHUB_TOKEN Permissions
2025-07-20T04:59:47.8955183Z Contents: read
2025-07-20T04:59:47.8955816Z Metadata: read
2025-07-20T04:59:47.8956319Z Packages: read
2025-07-20T04:59:47.8956821Z ##[endgroup]
2025-07-20T04:59:47.8959803Z Secret source: Actions
2025-07-20T04:59:47.8960574Z Prepare workflow directory
2025-07-20T04:59:47.9473382Z Prepare all required actions
2025-07-20T04:59:47.9510701Z Getting action download info
2025-07-20T04:59:48.4296673Z ##[group]Download immutable action package 'actions/checkout@v4'
2025-07-20T04:59:48.4298230Z Version: 4.2.2
2025-07-20T04:59:48.4299373Z Digest: sha256:ccb2698953eaebd21c7bf6268a94f9c26518a7e38e27e0b83c1fe1ad049819b1
2025-07-20T04:59:48.4300560Z Source commit SHA: 11bd71901bbe5b1630ceea73d27597364c9af683
2025-07-20T04:59:48.4301377Z ##[endgroup]
2025-07-20T04:59:48.5166465Z Download action repository 'pnpm/action-setup@v2' (SHA:eae0cfeb286e66ffb5155f1a79b90583a127a68b)
2025-07-20T04:59:48.7953834Z ##[group]Download immutable action package 'actions/setup-node@v4'
2025-07-20T04:59:48.7955000Z Version: 4.4.0
2025-07-20T04:59:48.7955821Z Digest: sha256:9427cefe82346e992fb5b949e3569b39d537ae41aa3086483b14eceebfc16bc1
2025-07-20T04:59:48.7956901Z Source commit SHA: 49933ea5288caeca8642d1e84afbd3f7d6820020
2025-07-20T04:59:48.7957589Z ##[endgroup]
2025-07-20T04:59:49.0131004Z Complete job name: Test Matrix - Node 18 on ubuntu-latest
2025-07-20T04:59:49.0761468Z ##[group]Run actions/checkout@v4
2025-07-20T04:59:49.0762353Z with:
2025-07-20T04:59:49.0762790Z   repository: patrg444/Cygni
2025-07-20T04:59:49.0763494Z   token: ***
2025-07-20T04:59:49.0763919Z   ssh-strict: true
2025-07-20T04:59:49.0764516Z   ssh-user: git
2025-07-20T04:59:49.0764964Z   persist-credentials: true
2025-07-20T04:59:49.0765446Z   clean: true
2025-07-20T04:59:49.0765873Z   sparse-checkout-cone-mode: true
2025-07-20T04:59:49.0766383Z   fetch-depth: 1
2025-07-20T04:59:49.0766794Z   fetch-tags: false
2025-07-20T04:59:49.0767217Z   show-progress: true
2025-07-20T04:59:49.0767670Z   lfs: false
2025-07-20T04:59:49.0768073Z   submodules: false
2025-07-20T04:59:49.0768502Z   set-safe-directory: true
2025-07-20T04:59:49.0769227Z env:
2025-07-20T04:59:49.0769619Z   REGISTRY: ghcr.io
2025-07-20T04:59:49.0770082Z   IMAGE_NAME: patrg444/Cygni
2025-07-20T04:59:49.0770581Z ##[endgroup]
2025-07-20T04:59:49.1831039Z Syncing repository: patrg444/Cygni
2025-07-20T04:59:49.1833062Z ##[group]Getting Git version info
2025-07-20T04:59:49.1833933Z Working directory is '/home/runner/work/Cygni/Cygni'
2025-07-20T04:59:49.1835284Z [command]/usr/bin/git version
2025-07-20T04:59:49.1868615Z git version 2.50.1
2025-07-20T04:59:49.1895599Z ##[endgroup]
2025-07-20T04:59:49.1912080Z Temporarily overriding HOME='/home/runner/work/_temp/44fe8d08-6626-4aaf-980b-050646fd26be' before making global git config changes
2025-07-20T04:59:49.1915036Z Adding repository directory to the temporary git global config as a safe directory
2025-07-20T04:59:49.1926103Z [command]/usr/bin/git config --global --add safe.directory /home/runner/work/Cygni/Cygni
2025-07-20T04:59:49.1962290Z Deleting the contents of '/home/runner/work/Cygni/Cygni'
2025-07-20T04:59:49.1966553Z ##[group]Initializing the repository
2025-07-20T04:59:49.1971175Z [command]/usr/bin/git init /home/runner/work/Cygni/Cygni
2025-07-20T04:59:49.2037575Z hint: Using 'master' as the name for the initial branch. This default branch name
2025-07-20T04:59:49.2039166Z hint: is subject to change. To configure the initial branch name to use in all
2025-07-20T04:59:49.2040665Z hint: of your new repositories, which will suppress this warning, call:
2025-07-20T04:59:49.2041648Z hint:
2025-07-20T04:59:49.2042614Z hint: 	git config --global init.defaultBranch <name>
2025-07-20T04:59:49.2043812Z hint:
2025-07-20T04:59:49.2045232Z hint: Names commonly chosen instead of 'master' are 'main', 'trunk' and
2025-07-20T04:59:49.2047104Z hint: 'development'. The just-created branch can be renamed via this command:
2025-07-20T04:59:49.2048567Z hint:
2025-07-20T04:59:49.2049512Z hint: 	git branch -m <name>
2025-07-20T04:59:49.2050543Z hint:
2025-07-20T04:59:49.2051760Z hint: Disable this message with "git config set advice.defaultBranchName false"
2025-07-20T04:59:49.2053765Z Initialized empty Git repository in /home/runner/work/Cygni/Cygni/.git/
2025-07-20T04:59:49.2056963Z [command]/usr/bin/git remote add origin https://github.com/patrg444/Cygni
2025-07-20T04:59:49.2087649Z ##[endgroup]
2025-07-20T04:59:49.2089004Z ##[group]Disabling automatic garbage collection
2025-07-20T04:59:49.2092498Z [command]/usr/bin/git config --local gc.auto 0
2025-07-20T04:59:49.2121114Z ##[endgroup]
2025-07-20T04:59:49.2122499Z ##[group]Setting up auth
2025-07-20T04:59:49.2128899Z [command]/usr/bin/git config --local --name-only --get-regexp core\.sshCommand
2025-07-20T04:59:49.2159089Z [command]/usr/bin/git submodule foreach --recursive sh -c "git config --local --name-only --get-regexp 'core\.sshCommand' && git config --local --unset-all 'core.sshCommand' || :"
2025-07-20T04:59:49.2435600Z [command]/usr/bin/git config --local --name-only --get-regexp http\.https\:\/\/github\.com\/\.extraheader
2025-07-20T04:59:49.2464446Z [command]/usr/bin/git submodule foreach --recursive sh -c "git config --local --name-only --get-regexp 'http\.https\:\/\/github\.com\/\.extraheader' && git config --local --unset-all 'http.https://github.com/.extraheader' || :"
2025-07-20T04:59:49.2682207Z [command]/usr/bin/git config --local http.https://github.com/.extraheader AUTHORIZATION: basic ***
2025-07-20T04:59:49.2715199Z ##[endgroup]
2025-07-20T04:59:49.2716188Z ##[group]Fetching the repository
2025-07-20T04:59:49.2733427Z [command]/usr/bin/git -c protocol.version=2 fetch --no-tags --prune --no-recurse-submodules --depth=1 origin +ed550598453f64cb10e7ffd14d06b4707a350876:refs/remotes/origin/main
2025-07-20T04:59:49.5119544Z From https://github.com/patrg444/Cygni
2025-07-20T04:59:49.5121384Z  * [new ref]         ed550598453f64cb10e7ffd14d06b4707a350876 -> origin/main
2025-07-20T04:59:49.5147292Z ##[endgroup]
2025-07-20T04:59:49.5148680Z ##[group]Determining the checkout info
2025-07-20T04:59:49.5150163Z ##[endgroup]
2025-07-20T04:59:49.5153932Z [command]/usr/bin/git sparse-checkout disable
2025-07-20T04:59:49.5192583Z [command]/usr/bin/git config --local --unset-all extensions.worktreeConfig
2025-07-20T04:59:49.5218954Z ##[group]Checking out the ref
2025-07-20T04:59:49.5222176Z [command]/usr/bin/git checkout --progress --force -B main refs/remotes/origin/main
2025-07-20T04:59:49.5456938Z Switched to a new branch 'main'
2025-07-20T04:59:49.5458793Z branch 'main' set up to track 'origin/main'.
2025-07-20T04:59:49.5466481Z ##[endgroup]
2025-07-20T04:59:49.5501201Z [command]/usr/bin/git log -1 --format=%H
2025-07-20T04:59:49.5522462Z ed550598453f64cb10e7ffd14d06b4707a350876
2025-07-20T04:59:49.5754794Z ##[group]Run pnpm/action-setup@v2
2025-07-20T04:59:49.5755776Z with:
2025-07-20T04:59:49.5756438Z   version: 8
2025-07-20T04:59:49.5757171Z   dest: ~/setup-pnpm
2025-07-20T04:59:49.5757954Z   run_install: null
2025-07-20T04:59:49.5758968Z   package_json_file: package.json
2025-07-20T04:59:49.5759922Z   standalone: false
2025-07-20T04:59:49.5760650Z env:
2025-07-20T04:59:49.5761307Z   REGISTRY: ghcr.io
2025-07-20T04:59:49.5762082Z   IMAGE_NAME: patrg444/Cygni
2025-07-20T04:59:49.5762943Z ##[endgroup]
2025-07-20T04:59:49.6651912Z ##[group]Running self-installer...
2025-07-20T04:59:50.2302031Z Progress: resolved 1, reused 0, downloaded 0, added 0
2025-07-20T04:59:50.2395295Z Packages: +1
2025-07-20T04:59:50.2396611Z +
2025-07-20T04:59:50.8878406Z Packages are hard linked from the content-addressable store to the virtual store.
2025-07-20T04:59:50.8887810Z   Content-addressable store is at: /home/runner/.local/share/pnpm/store/v3
2025-07-20T04:59:50.8890710Z   Virtual store is at:             node_modules/.pnpm
2025-07-20T04:59:50.9116114Z 
2025-07-20T04:59:50.9121873Z dependencies:
2025-07-20T04:59:50.9123371Z + pnpm 8.15.9 (10.13.1 is available)
2025-07-20T04:59:50.9124795Z 
2025-07-20T04:59:50.9148435Z Done in 1s
2025-07-20T04:59:51.2309499Z Progress: resolved 1, reused 0, downloaded 1, added 1, done
2025-07-20T04:59:51.2456642Z ##[endgroup]
2025-07-20T04:59:51.2459672Z Installation Completed!
2025-07-20T04:59:51.2625200Z ##[group]Run actions/setup-node@v4
2025-07-20T04:59:51.2625639Z with:
2025-07-20T04:59:51.2625900Z   node-version: 18
2025-07-20T04:59:51.2626320Z   cache: pnpm
2025-07-20T04:59:51.2626603Z   always-auth: false
2025-07-20T04:59:51.2626950Z   check-latest: false
2025-07-20T04:59:51.2627445Z   token: ***
2025-07-20T04:59:51.2627754Z env:
2025-07-20T04:59:51.2628047Z   REGISTRY: ghcr.io
2025-07-20T04:59:51.2628420Z   IMAGE_NAME: patrg444/Cygni
2025-07-20T04:59:51.2628867Z   PNPM_HOME: /home/runner/setup-pnpm/node_modules/.bin
2025-07-20T04:59:51.2629249Z ##[endgroup]
2025-07-20T04:59:51.4837794Z Found in cache @ /opt/hostedtoolcache/node/18.20.8/x64
2025-07-20T04:59:51.4844987Z ##[group]Environment details
2025-07-20T04:59:53.3083001Z node: v18.20.8
2025-07-20T04:59:53.3083693Z npm: 10.8.2
2025-07-20T04:59:53.3084321Z yarn: 1.22.22
2025-07-20T04:59:53.3085385Z ##[endgroup]
2025-07-20T04:59:53.3109829Z [command]/home/runner/setup-pnpm/node_modules/.bin/pnpm store path --silent
2025-07-20T04:59:53.9019081Z /home/runner/setup-pnpm/node_modules/.bin/store/v3
2025-07-20T04:59:53.9968254Z pnpm cache is not found
2025-07-20T04:59:54.0074393Z ##[group]Run pnpm install --no-frozen-lockfile
2025-07-20T04:59:54.0074944Z [36;1mpnpm install --no-frozen-lockfile[0m
2025-07-20T04:59:54.0111807Z shell: /usr/bin/bash -e {0}
2025-07-20T04:59:54.0112224Z env:
2025-07-20T04:59:54.0112491Z   REGISTRY: ghcr.io
2025-07-20T04:59:54.0112795Z   IMAGE_NAME: patrg444/Cygni
2025-07-20T04:59:54.0172198Z   PNPM_HOME: /home/runner/setup-pnpm/node_modules/.bin
2025-07-20T04:59:54.0172549Z ##[endgroup]
2025-07-20T04:59:54.5022578Z Scope: all 11 workspace projects
2025-07-20T04:59:54.5930354Z Lockfile is up to date, resolution step is skipped
2025-07-20T04:59:54.7115588Z Progress: resolved 1, reused 0, downloaded 0, added 0
2025-07-20T04:59:54.9414125Z Packages: +1181
2025-07-20T04:59:54.9415601Z ++++++++++++++++++++++++++++++++++++++++++++++++++++++++++++++++++++++++++++++++
2025-07-20T04:59:55.7131030Z Progress: resolved 1181, reused 0, downloaded 84, added 73
2025-07-20T04:59:56.7193863Z Progress: resolved 1181, reused 0, downloaded 111, added 101
2025-07-20T04:59:57.7190638Z Progress: resolved 1181, reused 0, downloaded 204, added 202
2025-07-20T04:59:58.7197598Z Progress: resolved 1181, reused 0, downloaded 460, added 451
2025-07-20T04:59:59.7189513Z Progress: resolved 1181, reused 0, downloaded 794, added 794
2025-07-20T05:00:00.7236003Z Progress: resolved 1181, reused 0, downloaded 1040, added 1033
2025-07-20T05:00:01.3592198Z Progress: resolved 1181, reused 0, downloaded 1181, added 1181, done
2025-07-20T05:00:01.8458244Z .../node_modules/@prisma/engines postinstall$ node scripts/postinstall.js
2025-07-20T05:00:01.8749673Z .../bcrypt@5.1.1/node_modules/bcrypt install$ node-pre-gyp install --fallback-to-build
2025-07-20T05:00:01.9007934Z .../argon2@0.31.2/node_modules/argon2 install$ node-pre-gyp install --fallback-to-build
2025-07-20T05:00:02.0159362Z .../bcrypt@5.1.1/node_modules/bcrypt install: node-pre-gyp info it worked if it ends with ok
2025-07-20T05:00:02.0180420Z .../bcrypt@5.1.1/node_modules/bcrypt install: node-pre-gyp info using node-pre-gyp@1.0.11
2025-07-20T05:00:02.0190236Z .../bcrypt@5.1.1/node_modules/bcrypt install: node-pre-gyp info using node@18.20.8 | linux | x64
2025-07-20T05:00:02.0431158Z .../argon2@0.31.2/node_modules/argon2 install: node-pre-gyp info it worked if it ends with ok
2025-07-20T05:00:02.0470774Z .../argon2@0.31.2/node_modules/argon2 install: node-pre-gyp info using node-pre-gyp@1.0.11
2025-07-20T05:00:02.0476013Z .../argon2@0.31.2/node_modules/argon2 install: node-pre-gyp info using node@18.20.8 | linux | x64
2025-07-20T05:00:02.1406993Z .../bcrypt@5.1.1/node_modules/bcrypt install: node-pre-gyp info check checked for "/home/runner/work/Cygni/Cygni/node_modules/.pnpm/bcrypt@5.1.1/node_modules/bcrypt/lib/binding/napi-v3/bcrypt_lib.node" (not found)
2025-07-20T05:00:02.1419323Z .../bcrypt@5.1.1/node_modules/bcrypt install: node-pre-gyp http GET https://github.com/kelektiv/node.bcrypt.js/releases/download/v5.1.1/bcrypt_lib-v5.1.1-napi-v3-linux-x64-glibc.tar.gz
2025-07-20T05:00:02.1448306Z .../argon2@0.31.2/node_modules/argon2 install: node-pre-gyp info check checked for "/home/runner/work/Cygni/Cygni/node_modules/.pnpm/argon2@0.31.2/node_modules/argon2/lib/binding/napi-v3/argon2.node" (not found)
2025-07-20T05:00:02.1467295Z .../argon2@0.31.2/node_modules/argon2 install: node-pre-gyp http GET https://github.com/ranisalt/node-argon2/releases/download/v0.31.2/argon2-v0.31.2-napi-v3-linux-x64-glibc.tar.gz
2025-07-20T05:00:02.2411545Z .../bcrypt@5.1.1/node_modules/bcrypt install: node-pre-gyp info install unpacking napi-v3/bcrypt_lib.node
2025-07-20T05:00:02.2571130Z .../bcrypt@5.1.1/node_modules/bcrypt install: node-pre-gyp info extracted file count: 1 
2025-07-20T05:00:02.2572148Z .../bcrypt@5.1.1/node_modules/bcrypt install: node-pre-gyp info ok 
2025-07-20T05:00:02.2575003Z .../bcrypt@5.1.1/node_modules/bcrypt install: [bcrypt] Success: "/home/runner/work/Cygni/Cygni/node_modules/.pnpm/bcrypt@5.1.1/node_modules/bcrypt/lib/binding/napi-v3/bcrypt_lib.node" is installed via remote
2025-07-20T05:00:02.2749389Z .../bcrypt@5.1.1/node_modules/bcrypt install: Done
2025-07-20T05:00:02.3011011Z .../argon2@0.31.2/node_modules/argon2 install: node-pre-gyp info install unpacking napi-v3/argon2.node
2025-07-20T05:00:02.3165932Z .../argon2@0.31.2/node_modules/argon2 install: node-pre-gyp info extracted file count: 1 
2025-07-20T05:00:02.3168062Z .../argon2@0.31.2/node_modules/argon2 install: node-pre-gyp info ok 
2025-07-20T05:00:02.3169963Z .../argon2@0.31.2/node_modules/argon2 install: [argon2] Success: "/home/runner/work/Cygni/Cygni/node_modules/.pnpm/argon2@0.31.2/node_modules/argon2/lib/binding/napi-v3/argon2.node" is installed via remote
2025-07-20T05:00:02.3294825Z .../argon2@0.31.2/node_modules/argon2 install: Done
2025-07-20T05:00:02.6968577Z .../node_modules/@prisma/engines postinstall: Done
2025-07-20T05:00:02.7959932Z .../node_modules/unrs-resolver postinstall$ napi-postinstall unrs-resolver 1.11.1 check
2025-07-20T05:00:02.7963484Z .../esbuild@0.18.20/node_modules/esbuild postinstall$ node install.js
2025-07-20T05:00:02.7968465Z .../esbuild@0.21.5/node_modules/esbuild postinstall$ node install.js
2025-07-20T05:00:02.8436222Z .../node_modules/msgpackr-extract install$ node-gyp-build-optional-packages
2025-07-20T05:00:02.8653399Z .../prisma@5.22.0/node_modules/prisma preinstall$ node scripts/preinstall-entry.js
2025-07-20T05:00:02.8934361Z .../node_modules/unrs-resolver postinstall: Done
2025-07-20T05:00:02.8996318Z .../esbuild@0.18.20/node_modules/esbuild postinstall: Done
2025-07-20T05:00:02.9042730Z .../esbuild@0.21.5/node_modules/esbuild postinstall: Done
2025-07-20T05:00:02.9400527Z .../prisma@5.22.0/node_modules/prisma preinstall: Done
2025-07-20T05:00:02.9887348Z .../node_modules/msgpackr-extract install: Done
2025-07-20T05:00:03.0200758Z .../node_modules/@prisma/client postinstall$ node scripts/postinstall.js
2025-07-20T05:00:03.5143766Z .../node_modules/@prisma/client postinstall: prisma:warn We could not find your Prisma schema in the default locations (see: https://pris.ly/d/prisma-schema-location).
2025-07-20T05:00:03.5145752Z .../node_modules/@prisma/client postinstall: If you have a Prisma schema file in a custom path, you will need to run
2025-07-20T05:00:03.5147500Z .../node_modules/@prisma/client postinstall: `prisma generate --schema=./path/to/your/schema.prisma` to generate Prisma Client.
2025-07-20T05:00:03.5149179Z .../node_modules/@prisma/client postinstall: If you do not have a Prisma schema file yet, you can ignore this message.
2025-07-20T05:00:03.5317027Z .../node_modules/@prisma/client postinstall: Done
2025-07-20T05:00:03.8054239Z 
2025-07-20T05:00:03.8054760Z devDependencies:
2025-07-20T05:00:03.8055217Z + @types/node 20.19.9
2025-07-20T05:00:03.8055724Z + @typescript-eslint/eslint-plugin 6.21.0
2025-07-20T05:00:03.8056359Z + @typescript-eslint/parser 6.21.0
2025-07-20T05:00:03.8056912Z + eslint-config-prettier 10.1.8
2025-07-20T05:00:03.8057363Z + lint-staged 16.1.2
2025-07-20T05:00:03.8057869Z + prettier 3.6.2
2025-07-20T05:00:03.8058219Z + turbo 1.13.4
2025-07-20T05:00:03.8058417Z 
2025-07-20T05:00:03.8750783Z Done in 9.8s
2025-07-20T05:00:03.9578090Z ##[group]Run pnpm run prisma:generate
2025-07-20T05:00:03.9578419Z [36;1mpnpm run prisma:generate[0m
2025-07-20T05:00:03.9606520Z shell: /usr/bin/bash -e {0}
2025-07-20T05:00:03.9606741Z env:
2025-07-20T05:00:03.9606917Z   REGISTRY: ghcr.io
2025-07-20T05:00:03.9607120Z   IMAGE_NAME: patrg444/Cygni
2025-07-20T05:00:03.9607384Z   PNPM_HOME: /home/runner/setup-pnpm/node_modules/.bin
2025-07-20T05:00:03.9607668Z ##[endgroup]
2025-07-20T05:00:04.3921260Z 
2025-07-20T05:00:04.3922169Z > cloudexpress@0.1.0 prisma:generate /home/runner/work/Cygni/Cygni
2025-07-20T05:00:04.3922829Z > ./scripts/generate-prisma.sh
2025-07-20T05:00:04.3923051Z 
2025-07-20T05:00:04.3968376Z Generating Prisma clients...
2025-07-20T05:00:04.3982693Z Generating Prisma client for services/api
2025-07-20T05:00:09.6921728Z Prisma schema loaded from prisma/schema.prisma
2025-07-20T05:00:10.1214441Z 
2025-07-20T05:00:10.1215919Z ✔ Generated Prisma Client (v5.22.0) to ./../../node_modules/@prisma/client-api in 162ms
2025-07-20T05:00:10.1216603Z 
2025-07-20T05:00:10.1217203Z Start by importing your Prisma Client (See: https://pris.ly/d/importing-client)
2025-07-20T05:00:10.1217770Z 
2025-07-20T05:00:10.1218617Z Tip: Interested in query caching in just a few lines of code? Try Accelerate today! https://pris.ly/tip-3-accelerate
2025-07-20T05:00:10.1219318Z 
2025-07-20T05:00:10.3525186Z Generating Prisma client for services/builder
2025-07-20T05:00:14.1052683Z sh: 1: prisma: not found
2025-07-20T05:00:14.1248465Z Generating Prisma client for packages/api
2025-07-20T05:00:18.4621625Z Prisma schema loaded from prisma/schema.prisma
2025-07-20T05:00:18.8423217Z 
2025-07-20T05:00:18.8425098Z ✔ Generated Prisma Client (v5.22.0) to ./../../node_modules/.pnpm/@prisma+client@5.22.0_prisma@5.22.0/node_modules/@prisma/client in 134ms
2025-07-20T05:00:18.8425866Z 
2025-07-20T05:00:18.8426407Z Start by importing your Prisma Client (See: https://pris.ly/d/importing-client)
2025-07-20T05:00:18.8426881Z 
2025-07-20T05:00:18.8427712Z Help us improve the Prisma ORM for everyone. Share your feedback in a short 2-min survey: https://pris.ly/orm/survey/release-5-22
2025-07-20T05:00:18.8428455Z 
2025-07-20T05:00:19.0742237Z Prisma client generation complete!
2025-07-20T05:00:19.0852331Z ##[group]Run echo "=== Checking for test files ==="
2025-07-20T05:00:19.0852707Z [36;1mecho "=== Checking for test files ==="[0m
2025-07-20T05:00:19.0853105Z [36;1mfind . -name "*.test.*" -o -name "*.spec.*" | grep -v node_modules | head -20[0m
2025-07-20T05:00:19.0882046Z shell: /usr/bin/bash -e {0}
2025-07-20T05:00:19.0882270Z env:
2025-07-20T05:00:19.0882443Z   REGISTRY: ghcr.io
2025-07-20T05:00:19.0882645Z   IMAGE_NAME: patrg444/Cygni
2025-07-20T05:00:19.0883186Z   PNPM_HOME: /home/runner/setup-pnpm/node_modules/.bin
2025-07-20T05:00:19.0883472Z ##[endgroup]
2025-07-20T05:00:19.0931926Z === Checking for test files ===
2025-07-20T05:00:19.3229891Z ./examples/nextjs-starter/src/dummy.test.ts
2025-07-20T05:00:19.3230956Z ./packages/web-ui/src/dummy.test.ts
2025-07-20T05:00:19.3231601Z ./packages/cli/src/tests/framework-detector.test.ts
2025-07-20T05:00:19.3232249Z ./packages/cli/src/tests/deploy-helpers.test.ts
2025-07-20T05:00:19.3232943Z ./packages/cli/src/tests/runtime-validator.test.ts
2025-07-20T05:00:19.3233536Z ./packages/cli/src/tests/builder.test.ts
2025-07-20T05:00:19.3234232Z ./packages/cli/src/dummy.test.ts
2025-07-20T05:00:19.3234704Z ./packages/sdk/src/sdk.test.ts
2025-07-20T05:00:19.3235193Z ./packages/api/docker-compose.test.yml
2025-07-20T05:00:19.3235584Z ./packages/api/tests/unit/budget-monitor.test.ts
2025-07-20T05:00:19.3235938Z ./packages/api/tests/e2e/waitlist.test.ts
2025-07-20T05:00:19.3236290Z ./packages/api/tests/e2e/health-auth.test.ts
2025-07-20T05:00:19.3236634Z ./services/auth/src/auth.test.ts
2025-07-20T05:00:19.3236924Z ./services/builder/src/builder.test.ts
2025-07-20T05:00:19.3237226Z ./services/api/src/health.test.ts
2025-07-20T05:00:19.3259040Z ##[group]Run pnpm test || (echo "Tests failed. Running individual package tests..." && pnpm -r test)
2025-07-20T05:00:19.3259669Z [36;1mpnpm test || (echo "Tests failed. Running individual package tests..." && pnpm -r test)[0m
2025-07-20T05:00:19.3287194Z shell: /usr/bin/bash -e {0}
2025-07-20T05:00:19.3287428Z env:
2025-07-20T05:00:19.3287596Z   REGISTRY: ghcr.io
2025-07-20T05:00:19.3287808Z   IMAGE_NAME: patrg444/Cygni
2025-07-20T05:00:19.3288078Z   PNPM_HOME: /home/runner/setup-pnpm/node_modules/.bin
2025-07-20T05:00:19.3288359Z ##[endgroup]
2025-07-20T05:00:19.7560544Z 
2025-07-20T05:00:19.7561462Z > cloudexpress@0.1.0 test /home/runner/work/Cygni/Cygni
2025-07-20T05:00:19.7561957Z > npx turbo run test
2025-07-20T05:00:19.7562131Z 
2025-07-20T05:00:20.1579329Z 
2025-07-20T05:00:20.1579814Z Attention:
2025-07-20T05:00:20.1580570Z Turborepo now collects completely anonymous telemetry regarding usage.
2025-07-20T05:00:20.1581300Z This information is used to shape the Turborepo roadmap and prioritize features.
2025-07-20T05:00:20.1582214Z You can learn more, including how to opt-out if you'd not like to participate in this anonymous program, by visiting the following URL:
2025-07-20T05:00:20.1582878Z https://turbo.build/repo/docs/telemetry
2025-07-20T05:00:20.1583085Z 
2025-07-20T05:00:20.2157187Z • Packages in scope: @cloudexpress/api, @cloudexpress/auth, @cloudexpress/builder, @cloudexpress/services-api, @cloudexpress/web-ui, @cygni/cli, @cygni/sdk, cygni-nextjs-starter, express-demo, fullstack-demo
2025-07-20T05:00:20.2158777Z • Running test in 10 packages
2025-07-20T05:00:20.2159259Z • Remote caching disabled
2025-07-20T05:00:21.7133799Z ##[group]@cloudexpress/api:build
2025-07-20T05:00:21.7136095Z cache miss, executing d7d57639bfc623a5
2025-07-20T05:00:21.7136873Z 
2025-07-20T05:00:21.7137630Z > @cloudexpress/api@1.0.0 build /home/runner/work/Cygni/Cygni/packages/api
2025-07-20T05:00:21.7138837Z > echo 'Skipping build for packages/api - using services/api instead'
2025-07-20T05:00:21.7139601Z 
2025-07-20T05:00:21.7140209Z Skipping build for packages/api - using services/api instead
2025-07-20T05:00:21.7142623Z ##[endgroup]
2025-07-20T05:00:22.8716137Z [;31mfullstack-demo:build[;0m
2025-07-20T05:00:22.8718934Z cache miss, executing 836c423f5302bbfb
2025-07-20T05:00:22.8719527Z 
2025-07-20T05:00:22.8720440Z > fullstack-demo@1.0.0 build /home/runner/work/Cygni/Cygni/examples/fullstack-demo
2025-07-20T05:00:22.8721498Z > npm run build:frontend && npm run build:backend
2025-07-20T05:00:22.8722210Z 
2025-07-20T05:00:22.8722314Z 
2025-07-20T05:00:22.8723344Z > fullstack-demo@1.0.0 build:frontend
2025-07-20T05:00:22.8724161Z > cd frontend && npm run build
2025-07-20T05:00:22.8724621Z 
2025-07-20T05:00:22.8724723Z 
2025-07-20T05:00:22.8725216Z > frontend@1.0.0 build
2025-07-20T05:00:22.8726056Z > vite build
2025-07-20T05:00:22.8726364Z 
2025-07-20T05:00:22.8726674Z sh: 1: vite: not found
2025-07-20T05:00:22.8727341Z npm error Lifecycle script `build` failed with error:
2025-07-20T05:00:22.8728024Z npm error code 127
2025-07-20T05:00:22.8728859Z npm error path /home/runner/work/Cygni/Cygni/examples/fullstack-demo/frontend
2025-07-20T05:00:22.8729852Z npm error workspace frontend@1.0.0
2025-07-20T05:00:22.8730851Z npm error location /home/runner/work/Cygni/Cygni/examples/fullstack-demo/frontend
2025-07-20T05:00:22.8731746Z npm error command failed
2025-07-20T05:00:22.8732316Z npm error command sh -c vite build
2025-07-20T05:00:22.8733123Z  ELIFECYCLE  Command failed.
2025-07-20T05:00:22.8750576Z [ERROR] command finished with error: command (/home/runner/work/Cygni/Cygni/examples/fullstack-demo) /home/runner/setup-pnpm/node_modules/.bin/pnpm run build exited (1)
2025-07-20T05:00:22.8974709Z ##[group]@cloudexpress/api:test
2025-07-20T05:00:22.8979246Z cache miss, executing 65717c5af65827f0
2025-07-20T05:00:22.8980390Z ##[endgroup]
2025-07-20T05:00:22.9065661Z ##[group]@cloudexpress/services-api:build
2025-07-20T05:00:22.9066335Z cache miss, executing 4e62ac1d496e0320
2025-07-20T05:00:22.9067023Z 
2025-07-20T05:00:22.9067799Z > @cloudexpress/services-api@0.1.0 build /home/runner/work/Cygni/Cygni/services/api
2025-07-20T05:00:22.9068593Z > tsc
2025-07-20T05:00:22.9068852Z 
2025-07-20T05:00:22.9069361Z ##[endgroup]
2025-07-20T05:00:22.9099044Z ##[group]@cygni/sdk:build
2025-07-20T05:00:22.9099578Z cache miss, executing 7c13eef4e550ea9c
2025-07-20T05:00:22.9099902Z 
2025-07-20T05:00:22.9100818Z > @cygni/sdk@0.1.0 build /home/runner/work/Cygni/Cygni/packages/sdk
2025-07-20T05:00:22.9101388Z > tsc
2025-07-20T05:00:22.9101586Z 
2025-07-20T05:00:22.9101934Z ##[endgroup]
2025-07-20T05:00:22.9102422Z ##[group]@cloudexpress/auth:build
2025-07-20T05:00:22.9102883Z cache miss, executing b67affc02e0960ce
2025-07-20T05:00:22.9103148Z 
2025-07-20T05:00:22.9103607Z > @cloudexpress/auth@0.1.0 build /home/runner/work/Cygni/Cygni/services/auth
2025-07-20T05:00:22.9104604Z > tsc
2025-07-20T05:00:22.9104770Z 
2025-07-20T05:00:22.9105097Z ##[endgroup]
2025-07-20T05:00:22.9146760Z ##[group]@cygni/cli:build
2025-07-20T05:00:22.9147315Z cache miss, executing b16674cbdaf125c3
2025-07-20T05:00:22.9147610Z 
2025-07-20T05:00:22.9147945Z > @cygni/cli@0.1.0 build /home/runner/work/Cygni/Cygni/packages/cli
2025-07-20T05:00:22.9148348Z > tsc && chmod +x dist/index.js
2025-07-20T05:00:22.9148508Z 
2025-07-20T05:00:22.9148739Z ##[endgroup]
2025-07-20T05:00:22.9152523Z ##[group]@cloudexpress/builder:build
2025-07-20T05:00:22.9153080Z cache miss, executing e89deacc57de36f2
2025-07-20T05:00:22.9153372Z 
2025-07-20T05:00:22.9153683Z > @cloudexpress/builder@0.1.0 build /home/runner/work/Cygni/Cygni/services/builder
2025-07-20T05:00:22.9155398Z > tsc
2025-07-20T05:00:22.9155506Z 
2025-07-20T05:00:22.9155744Z ##[endgroup]
2025-07-20T05:00:23.0004571Z ##[group]@cloudexpress/web-ui:build
2025-07-20T05:00:23.0005248Z cache miss, executing 18dc8aad732b6e50
2025-07-20T05:00:23.0005611Z 
2025-07-20T05:00:23.0006162Z > @cloudexpress/web-ui@0.1.0 build /home/runner/work/Cygni/Cygni/packages/web-ui
2025-07-20T05:00:23.0006733Z > next build
2025-07-20T05:00:23.0006868Z 
2025-07-20T05:00:23.0007226Z ##[endgroup]
2025-07-20T05:00:23.0032156Z ##[error]fullstack-demo#build: command (/home/runner/work/Cygni/Cygni/examples/fullstack-demo) /home/runner/setup-pnpm/node_modules/.bin/pnpm run build exited (1)
2025-07-20T05:00:23.0042772Z 
2025-07-20T05:00:23.0043030Z  Tasks:    1 successful, 9 total
2025-07-20T05:00:23.0043486Z Cached:    0 cached, 9 total
2025-07-20T05:00:23.0043860Z   Time:    2.839s 
2025-07-20T05:00:23.0045200Z Failed:    fullstack-demo#build
2025-07-20T05:00:23.0045460Z 
2025-07-20T05:00:23.0070326Z  ERROR  run failed: command  exited (1)
2025-07-20T05:00:23.0765433Z  ELIFECYCLE  Test failed. See above for more details.
2025-07-20T05:00:23.0953475Z Tests failed. Running individual package tests...
2025-07-20T05:00:23.5606045Z Scope: 10 of 11 workspace projects
2025-07-20T05:00:23.5665982Z packages/cli test$ vitest
2025-07-20T05:00:23.5673928Z packages/api test$ echo 'Skipping tests for packages/api - using services/api instead'
2025-07-20T05:00:23.5678886Z packages/sdk test$ jest
2025-07-20T05:00:23.5683263Z examples/fullstack-demo test$ echo "No tests yet"
2025-07-20T05:00:23.5849298Z packages/api test: Skipping tests for packages/api - using services/api instead
2025-07-20T05:00:23.5864446Z examples/fullstack-demo test: No tests yet
2025-07-20T05:00:23.5874496Z packages/api test: Done
2025-07-20T05:00:23.5885367Z examples/fullstack-demo test: Done
2025-07-20T05:00:23.5891234Z packages/web-ui test$ vitest
2025-07-20T05:00:23.5896078Z services/api test$ vitest
2025-07-20T05:00:24.0223043Z packages/cli test: [33mThe CJS build of Vite's Node API is deprecated. See https://vite.dev/guide/troubleshooting.html#vite-cjs-node-api-deprecated for more details.[39m
2025-07-20T05:00:24.0726608Z services/api test: [7m[1m[36m RUN [39m[22m[27m [36mv0.34.6[39m [90m/home/runner/work/Cygni/Cygni/services/api[39m
2025-07-20T05:00:24.0729243Z packages/web-ui test: [7m[1m[36m RUN [39m[22m[27m [36mv0.34.6[39m [90m/home/runner/work/Cygni/Cygni/packages/web-ui[39m
2025-07-20T05:00:24.0734694Z packages/cli test: [7m[1m[36m RUN [39m[22m[27m [36mv0.34.6[39m [90m/home/runner/work/Cygni/Cygni/packages/cli[39m
2025-07-20T05:00:24.8250267Z services/api test:  [32m✓[39m src/health.test.ts [2m ([22m[2m1 test[22m[2m)[22m[90m 4[2mms[22m[39m
2025-07-20T05:00:24.8450983Z services/api test: [2m Test Files [22m [1m[32m1 passed[39m[22m[90m (1)[39m
2025-07-20T05:00:24.8453292Z services/api test: [2m      Tests [22m [1m[32m1 passed[39m[22m[90m (1)[39m
2025-07-20T05:00:24.8455715Z services/api test: [2m   Start at [22m 05:00:24
2025-07-20T05:00:24.8459325Z services/api test: [2m   Duration [22m 770ms[2m (transform 61ms, setup 1ms, collect 39ms, tests 4ms, environment 0ms, prepare 136ms)[22m
2025-07-20T05:00:24.8778330Z services/api test: Done
2025-07-20T05:00:24.8805016Z services/auth test$ vitest
2025-07-20T05:00:24.9719531Z packages/web-ui test:  [32m✓[39m src/dummy.test.ts [2m ([22m[2m1 test[22m[2m)[22m[90m 7[2mms[22m[39m
2025-07-20T05:00:25.0015829Z packages/web-ui test: [2m Test Files [22m [1m[32m1 passed[39m[22m[90m (1)[39m
2025-07-20T05:00:25.0065609Z packages/web-ui test: [2m      Tests [22m [1m[32m1 passed[39m[22m[90m (1)[39m
2025-07-20T05:00:25.0066900Z packages/web-ui test: [2m   Start at [22m 05:00:24
2025-07-20T05:00:25.0068497Z packages/web-ui test: [2m   Duration [22m 925ms[2m (transform 72ms, setup 0ms, collect 53ms, tests 7ms, environment 0ms, prepare 234ms)[22m
2025-07-20T05:00:25.0295132Z packages/web-ui test: Done
2025-07-20T05:00:25.0308150Z services/builder test$ vitest
2025-07-20T05:00:25.2816336Z packages/cli test: [90mstdout[2m | src/tests/builder.test.ts[2m > [22m[2mBuilder[2m > [22m[2mbuildProject[2m > [22m[2mshould auto-detect framework when not specified[22m[39m
2025-07-20T05:00:25.2829283Z packages/cli test: Detected framework: react
2025-07-20T05:00:25.2832278Z packages/cli test: [90mstdout[2m | src/tests/builder.test.ts[2m > [22m[2mBuilder[2m > [22m[2mbuildProject[2m > [22m[2mshould run pre-build commands when specified[22m[39m
2025-07-20T05:00:25.2833576Z packages/cli test: Running build command...
2025-07-20T05:00:25.2840457Z packages/cli test:  [32m✓[39m src/tests/builder.test.ts [2m ([22m[2m7 tests[22m[2m)[22m[90m 13[2mms[22m[39m
2025-07-20T05:00:25.3025398Z packages/cli test:  [32m✓[39m src/tests/framework-detector.test.ts [2m ([22m[2m12 tests[22m[2m)[22m[90m 56[2mms[22m[39m
2025-07-20T05:00:25.3769758Z packages/sdk test: PASS src/sdk.test.ts
2025-07-20T05:00:25.3774231Z packages/sdk test:   SDK
2025-07-20T05:00:25.3779533Z packages/sdk test:     ✓ should pass basic test (6 ms)
2025-07-20T05:00:25.3803843Z packages/sdk test: Test Suites: 1 passed, 1 total
2025-07-20T05:00:25.3809052Z packages/sdk test: Tests:       1 passed, 1 total
2025-07-20T05:00:25.3812601Z packages/sdk test: Snapshots:   0 total
2025-07-20T05:00:25.3834963Z packages/sdk test: Time:        0.844 s
2025-07-20T05:00:25.3836106Z packages/sdk test: Ran all test suites.
2025-07-20T05:00:25.4380770Z packages/sdk test: Done
2025-07-20T05:00:25.4820438Z services/auth test: [7m[1m[36m RUN [39m[22m[27m [36mv0.34.6[39m [90m/home/runner/work/Cygni/Cygni/services/auth[39m
2025-07-20T05:00:25.6395773Z services/builder test: [7m[1m[36m RUN [39m[22m[27m [36mv0.34.6[39m [90m/home/runner/work/Cygni/Cygni/services/builder[39m
2025-07-20T05:00:25.6746723Z packages/cli test:  [32m✓[39m src/tests/deploy-helpers.test.ts [2m ([22m[2m18 tests[22m[2m)[22m[90m 36[2mms[22m[39m
2025-07-20T05:00:25.9121628Z packages/cli test:  [32m✓[39m src/dummy.test.ts [2m ([22m[2m1 test[22m[2m)[22m[90m 14[2mms[22m[39m
2025-07-20T05:00:26.1112420Z packages/cli test:  [32m✓[39m src/tests/runtime-validator.test.ts [2m ([22m[2m8 tests[22m[2m)[22m[90m 133[2mms[22m[39m
2025-07-20T05:00:26.1416574Z packages/cli test: [2m Test Files [22m [1m[32m5 passed[39m[22m[90m (5)[39m
2025-07-20T05:00:26.1430840Z packages/cli test: [2m      Tests [22m [1m[32m46 passed[39m[22m[90m (46)[39m
2025-07-20T05:00:26.1431742Z packages/cli test: [2m   Start at [22m 05:00:24
2025-07-20T05:00:26.1433098Z packages/cli test: [2m   Duration [22m 2.06s[2m (transform 622ms, setup 1ms, collect 1.52s, tests 252ms, environment 1ms, prepare 1.19s)[22m
2025-07-20T05:00:26.1632954Z services/auth test:  [32m✓[39m src/auth.test.ts [2m ([22m[2m1 test[22m[2m)[22m[90m 4[2mms[22m[39m
2025-07-20T05:00:26.1650842Z packages/cli test: Done
2025-07-20T05:00:26.1735027Z services/auth test: [2m Test Files [22m [1m[32m1 passed[39m[22m[90m (1)[39m
2025-07-20T05:00:26.1743831Z services/auth test: [2m      Tests [22m [1m[32m1 passed[39m[22m[90m (1)[39m
2025-07-20T05:00:26.1748190Z services/auth test: [2m   Start at [22m 05:00:25
2025-07-20T05:00:26.1749769Z services/auth test: [2m   Duration [22m 694ms[2m (transform 75ms, setup 0ms, collect 44ms, tests 4ms, environment 1ms, prepare 213ms)[22m
2025-07-20T05:00:26.1935249Z services/auth test: Done
2025-07-20T05:00:26.2677593Z services/builder test:  [32m✓[39m src/builder.test.ts [2m ([22m[2m1 test[22m[2m)[22m[90m 3[2mms[22m[39m
2025-07-20T05:00:26.2770176Z services/builder test: [2m Test Files [22m [1m[32m1 passed[39m[22m[90m (1)[39m
2025-07-20T05:00:26.2772926Z services/builder test: [2m      Tests [22m [1m[32m1 passed[39m[22m[90m (1)[39m
2025-07-20T05:00:26.2775178Z services/builder test: [2m   Start at [22m 05:00:25
2025-07-20T05:00:26.2776649Z services/builder test: [2m   Duration [22m 636ms[2m (transform 38ms, setup 0ms, collect 30ms, tests 3ms, environment 0ms, prepare 86ms)[22m
2025-07-20T05:00:26.2942553Z services/builder test: Done
2025-07-20T05:00:26.3094511Z Post job cleanup.
2025-07-20T05:00:26.4807922Z [command]/usr/bin/tar --posix -cf cache.tzst --exclude cache.tzst -P -C /home/runner/work/Cygni/Cygni --files-from manifest.txt --use-compress-program zstdmt
2025-07-20T05:00:28.9617479Z Failed to save: Unable to reserve cache with key node-cache-Linux-x64-pnpm-79fc460ccc1207c813757f9fdf4413fead0a19281f1f71e89b6b1e7157e26185, another job may be creating this cache.
2025-07-20T05:00:29.0121595Z Post job cleanup.
2025-07-20T05:00:29.1003686Z Pruning is unnecessary.
2025-07-20T05:00:29.1116079Z Post job cleanup.
2025-07-20T05:00:29.2052011Z [command]/usr/bin/git version
2025-07-20T05:00:29.2091260Z git version 2.50.1
2025-07-20T05:00:29.2139689Z Temporarily overriding HOME='/home/runner/work/_temp/ca9b1445-9397-492f-9c01-6f03bd565285' before making global git config changes
2025-07-20T05:00:29.2141134Z Adding repository directory to the temporary git global config as a safe directory
2025-07-20T05:00:29.2156493Z [command]/usr/bin/git config --global --add safe.directory /home/runner/work/Cygni/Cygni
2025-07-20T05:00:29.2196252Z [command]/usr/bin/git config --local --name-only --get-regexp core\.sshCommand
2025-07-20T05:00:29.2231554Z [command]/usr/bin/git submodule foreach --recursive sh -c "git config --local --name-only --get-regexp 'core\.sshCommand' && git config --local --unset-all 'core.sshCommand' || :"
2025-07-20T05:00:29.2486126Z [command]/usr/bin/git config --local --name-only --get-regexp http\.https\:\/\/github\.com\/\.extraheader
2025-07-20T05:00:29.2509698Z http.https://github.com/.extraheader
2025-07-20T05:00:29.2528112Z [command]/usr/bin/git config --local --unset-all http.https://github.com/.extraheader
2025-07-20T05:00:29.2563181Z [command]/usr/bin/git submodule foreach --recursive sh -c "git config --local --name-only --get-regexp 'http\.https\:\/\/github\.com\/\.extraheader' && git config --local --unset-all 'http.https://github.com/.extraheader' || :"
2025-07-20T05:00:29.2905584Z Cleaning up orphan processes
