2025-07-20T04:47:57.0031656Z Current runner version: '2.326.0'
2025-07-20T04:47:57.0065254Z ##[group]Runner Image Provisioner
2025-07-20T04:47:57.0067092Z Hosted Compute Agent
2025-07-20T04:47:57.0068018Z Version: 20250711.363
2025-07-20T04:47:57.0069068Z Commit: 6785254374ce925a23743850c1cb91912ce5c14c
2025-07-20T04:47:57.0070342Z Build Date: 2025-07-11T20:04:25Z
2025-07-20T04:47:57.0071289Z ##[endgroup]
2025-07-20T04:47:57.0072185Z ##[group]Operating System
2025-07-20T04:47:57.0073224Z Ubuntu
2025-07-20T04:47:57.0074045Z 24.04.2
2025-07-20T04:47:57.0074799Z LTS
2025-07-20T04:47:57.0075857Z ##[endgroup]
2025-07-20T04:47:57.0076754Z ##[group]Runner Image
2025-07-20T04:47:57.0077778Z Image: ubuntu-24.04
2025-07-20T04:47:57.0078745Z Version: 20250710.1.0
2025-07-20T04:47:57.0080502Z Included Software: https://github.com/actions/runner-images/blob/ubuntu24/20250710.1/images/ubuntu/Ubuntu2404-Readme.md
2025-07-20T04:47:57.0083325Z Image Release: https://github.com/actions/runner-images/releases/tag/ubuntu24%2F20250710.1
2025-07-20T04:47:57.0085139Z ##[endgroup]
2025-07-20T04:47:57.0087455Z ##[group]GITHUB_TOKEN Permissions
2025-07-20T04:47:57.0090355Z Contents: read
2025-07-20T04:47:57.0091433Z Metadata: read
2025-07-20T04:47:57.0092365Z Packages: read
2025-07-20T04:47:57.0093210Z ##[endgroup]
2025-07-20T04:47:57.0096440Z Secret source: Actions
2025-07-20T04:47:57.0097515Z Prepare workflow directory
2025-07-20T04:47:57.0852166Z Prepare all required actions
2025-07-20T04:47:57.0910231Z Getting action download info
2025-07-20T04:47:57.2882806Z ##[group]Download immutable action package 'actions/checkout@v4'
2025-07-20T04:47:57.2884083Z Version: 4.2.2
2025-07-20T04:47:57.2885004Z Digest: sha256:ccb2698953eaebd21c7bf6268a94f9c26518a7e38e27e0b83c1fe1ad049819b1
2025-07-20T04:47:57.2886356Z Source commit SHA: 11bd71901bbe5b1630ceea73d27597364c9af683
2025-07-20T04:47:57.2887156Z ##[endgroup]
2025-07-20T04:47:57.3796810Z ##[group]Download immutable action package 'docker/setup-buildx-action@v3'
2025-07-20T04:47:57.3797653Z Version: 3.11.1
2025-07-20T04:47:57.3798551Z Digest: sha256:b58e632d2d812e161c8abeba6def9f56b420aa9ae41d825a8408241bcad0f303
2025-07-20T04:47:57.3799486Z Source commit SHA: e468171a9de216ec08956ac3ada2f0791b6bd435
2025-07-20T04:47:57.3800168Z ##[endgroup]
2025-07-20T04:47:57.6938648Z Complete job name: Build Test
2025-07-20T04:47:57.7551989Z ##[group]Run actions/checkout@v4
2025-07-20T04:47:57.7552821Z with:
2025-07-20T04:47:57.7553241Z   repository: patrg444/Cygni
2025-07-20T04:47:57.7553871Z   token: ***
2025-07-20T04:47:57.7554260Z   ssh-strict: true
2025-07-20T04:47:57.7554669Z   ssh-user: git
2025-07-20T04:47:57.7555077Z   persist-credentials: true
2025-07-20T04:47:57.7555536Z   clean: true
2025-07-20T04:47:57.7556110Z   sparse-checkout-cone-mode: true
2025-07-20T04:47:57.7556604Z   fetch-depth: 1
2025-07-20T04:47:57.7556990Z   fetch-tags: false
2025-07-20T04:47:57.7557391Z   show-progress: true
2025-07-20T04:47:57.7557796Z   lfs: false
2025-07-20T04:47:57.7558191Z   submodules: false
2025-07-20T04:47:57.7558613Z   set-safe-directory: true
2025-07-20T04:47:57.7559301Z env:
2025-07-20T04:47:57.7559680Z   REGISTRY: ghcr.io
2025-07-20T04:47:57.7560109Z   IMAGE_NAME: patrg444/Cygni
2025-07-20T04:47:57.7560557Z ##[endgroup]
2025-07-20T04:47:57.8671629Z Syncing repository: patrg444/Cygni
2025-07-20T04:47:57.8674319Z ##[group]Getting Git version info
2025-07-20T04:47:57.8675439Z Working directory is '/home/runner/work/Cygni/Cygni'
2025-07-20T04:47:57.8677392Z [command]/usr/bin/git version
2025-07-20T04:47:57.8718577Z git version 2.50.1
2025-07-20T04:47:57.8746023Z ##[endgroup]
2025-07-20T04:47:57.8769717Z Temporarily overriding HOME='/home/runner/work/_temp/7d27fa2a-0d2f-48ed-8a9e-1ccf47f9565e' before making global git config changes
2025-07-20T04:47:57.8772104Z Adding repository directory to the temporary git global config as a safe directory
2025-07-20T04:47:57.8775518Z [command]/usr/bin/git config --global --add safe.directory /home/runner/work/Cygni/Cygni
2025-07-20T04:47:57.8812990Z Deleting the contents of '/home/runner/work/Cygni/Cygni'
2025-07-20T04:47:57.8817131Z ##[group]Initializing the repository
2025-07-20T04:47:57.8821659Z [command]/usr/bin/git init /home/runner/work/Cygni/Cygni
2025-07-20T04:47:57.8896973Z hint: Using 'master' as the name for the initial branch. This default branch name
2025-07-20T04:47:57.8898783Z hint: is subject to change. To configure the initial branch name to use in all
2025-07-20T04:47:57.8900546Z hint: of your new repositories, which will suppress this warning, call:
2025-07-20T04:47:57.8901724Z hint:
2025-07-20T04:47:57.8902532Z hint: 	git config --global init.defaultBranch <name>
2025-07-20T04:47:57.8903534Z hint:
2025-07-20T04:47:57.8904479Z hint: Names commonly chosen instead of 'master' are 'main', 'trunk' and
2025-07-20T04:47:57.8906293Z hint: 'development'. The just-created branch can be renamed via this command:
2025-07-20T04:47:57.8907567Z hint:
2025-07-20T04:47:57.8908255Z hint: 	git branch -m <name>
2025-07-20T04:47:57.8909065Z hint:
2025-07-20T04:47:57.8910121Z hint: Disable this message with "git config set advice.defaultBranchName false"
2025-07-20T04:47:57.8911847Z Initialized empty Git repository in /home/runner/work/Cygni/Cygni/.git/
2025-07-20T04:47:57.8914455Z [command]/usr/bin/git remote add origin https://github.com/patrg444/Cygni
2025-07-20T04:47:57.8947308Z ##[endgroup]
2025-07-20T04:47:57.8948930Z ##[group]Disabling automatic garbage collection
2025-07-20T04:47:57.8950985Z [command]/usr/bin/git config --local gc.auto 0
2025-07-20T04:47:57.8983141Z ##[endgroup]
2025-07-20T04:47:57.8984272Z ##[group]Setting up auth
2025-07-20T04:47:57.8990338Z [command]/usr/bin/git config --local --name-only --get-regexp core\.sshCommand
2025-07-20T04:47:57.9021687Z [command]/usr/bin/git submodule foreach --recursive sh -c "git config --local --name-only --get-regexp 'core\.sshCommand' && git config --local --unset-all 'core.sshCommand' || :"
2025-07-20T04:47:57.9309619Z [command]/usr/bin/git config --local --name-only --get-regexp http\.https\:\/\/github\.com\/\.extraheader
2025-07-20T04:47:57.9342275Z [command]/usr/bin/git submodule foreach --recursive sh -c "git config --local --name-only --get-regexp 'http\.https\:\/\/github\.com\/\.extraheader' && git config --local --unset-all 'http.https://github.com/.extraheader' || :"
2025-07-20T04:47:57.9581630Z [command]/usr/bin/git config --local http.https://github.com/.extraheader AUTHORIZATION: basic ***
2025-07-20T04:47:57.9628600Z ##[endgroup]
2025-07-20T04:47:57.9630310Z ##[group]Fetching the repository
2025-07-20T04:47:57.9639455Z [command]/usr/bin/git -c protocol.version=2 fetch --no-tags --prune --no-recurse-submodules --depth=1 origin +e9793da0b90ef38c269d7b012a260d9a8f69c8ed:refs/remotes/origin/main
2025-07-20T04:47:58.1976458Z From https://github.com/patrg444/Cygni
2025-07-20T04:47:58.1977733Z  * [new ref]         e9793da0b90ef38c269d7b012a260d9a8f69c8ed -> origin/main
2025-07-20T04:47:58.2000262Z ##[endgroup]
2025-07-20T04:47:58.2002978Z ##[group]Determining the checkout info
2025-07-20T04:47:58.2004008Z ##[endgroup]
2025-07-20T04:47:58.2008462Z [command]/usr/bin/git sparse-checkout disable
2025-07-20T04:47:58.2044607Z [command]/usr/bin/git config --local --unset-all extensions.worktreeConfig
2025-07-20T04:47:58.2134261Z ##[group]Checking out the ref
2025-07-20T04:47:58.2136059Z [command]/usr/bin/git checkout --progress --force -B main refs/remotes/origin/main
2025-07-20T04:47:58.2398189Z Switched to a new branch 'main'
2025-07-20T04:47:58.2400999Z branch 'main' set up to track 'origin/main'.
2025-07-20T04:47:58.2408217Z ##[endgroup]
2025-07-20T04:47:58.2443139Z [command]/usr/bin/git log -1 --format=%H
2025-07-20T04:47:58.2469252Z e9793da0b90ef38c269d7b012a260d9a8f69c8ed
2025-07-20T04:47:58.2743937Z ##[group]Run docker/setup-buildx-action@v3
2025-07-20T04:47:58.2745067Z with:
2025-07-20T04:47:58.2745987Z   driver: docker-container
2025-07-20T04:47:58.2746926Z   install: false
2025-07-20T04:47:58.2747661Z   use: true
2025-07-20T04:47:58.2748375Z   keep-state: false
2025-07-20T04:47:58.2749169Z   cache-binary: true
2025-07-20T04:47:58.2749975Z   cleanup: true
2025-07-20T04:47:58.2750931Z env:
2025-07-20T04:47:58.2751598Z   REGISTRY: ghcr.io
2025-07-20T04:47:58.2752406Z   IMAGE_NAME: patrg444/Cygni
2025-07-20T04:47:58.2753310Z ##[endgroup]
2025-07-20T04:47:58.5578391Z ##[group]Docker info
2025-07-20T04:47:58.5600971Z [command]/usr/bin/docker version
2025-07-20T04:47:59.5825198Z Client: Docker Engine - Community
2025-07-20T04:47:59.5826065Z  Version:           28.0.4
2025-07-20T04:47:59.5826539Z  API version:       1.48
2025-07-20T04:47:59.5828736Z  Go version:        go1.23.7
2025-07-20T04:47:59.5830652Z  Git commit:        b8034c0
2025-07-20T04:47:59.5831277Z  Built:             Tue Mar 25 15:07:16 2025
2025-07-20T04:47:59.5831785Z  OS/Arch:           linux/amd64
2025-07-20T04:47:59.5832211Z  Context:           default
2025-07-20T04:47:59.5832527Z 
2025-07-20T04:47:59.5832726Z Server: Docker Engine - Community
2025-07-20T04:47:59.5833212Z  Engine:
2025-07-20T04:47:59.5833603Z   Version:          28.0.4
2025-07-20T04:47:59.5834346Z   API version:      1.48 (minimum version 1.24)
2025-07-20T04:47:59.5835072Z   Go version:       go1.23.7
2025-07-20T04:47:59.5835862Z   Git commit:       6430e49
2025-07-20T04:47:59.5837575Z   Built:            Tue Mar 25 15:07:16 2025
2025-07-20T04:47:59.5838091Z   OS/Arch:          linux/amd64
2025-07-20T04:47:59.5838523Z   Experimental:     false
2025-07-20T04:47:59.5838930Z  containerd:
2025-07-20T04:47:59.5840761Z   Version:          1.7.27
2025-07-20T04:47:59.5841444Z   GitCommit:        05044ec0a9a75232cad458027ca83437aae3f4da
2025-07-20T04:47:59.5842100Z  runc:
2025-07-20T04:47:59.5842788Z   Version:          1.2.5
2025-07-20T04:47:59.5843310Z   GitCommit:        v1.2.5-0-g59923ef
2025-07-20T04:47:59.5843802Z  docker-init:
2025-07-20T04:47:59.5844218Z   Version:          0.19.0
2025-07-20T04:47:59.5844657Z   GitCommit:        de40ad0
2025-07-20T04:47:59.5884281Z [command]/usr/bin/docker info
2025-07-20T04:48:02.2288882Z Client: Docker Engine - Community
2025-07-20T04:48:02.2289390Z  Version:    28.0.4
2025-07-20T04:48:02.2289723Z  Context:    default
2025-07-20T04:48:02.2290104Z  Debug Mode: false
2025-07-20T04:48:02.2290402Z  Plugins:
2025-07-20T04:48:02.2290698Z   buildx: Docker Buildx (Docker Inc.)
2025-07-20T04:48:02.2291090Z     Version:  v0.25.0
2025-07-20T04:48:02.2291564Z     Path:     /usr/libexec/docker/cli-plugins/docker-buildx
2025-07-20T04:48:02.2292055Z   compose: Docker Compose (Docker Inc.)
2025-07-20T04:48:02.2292307Z     Version:  v2.36.2
2025-07-20T04:48:02.2292573Z     Path:     /usr/libexec/docker/cli-plugins/docker-compose
2025-07-20T04:48:02.2292794Z 
2025-07-20T04:48:02.2292862Z Server:
2025-07-20T04:48:02.2293045Z  Containers: 0
2025-07-20T04:48:02.2293218Z   Running: 0
2025-07-20T04:48:02.2293377Z   Paused: 0
2025-07-20T04:48:02.2293539Z   Stopped: 0
2025-07-20T04:48:02.2293693Z  Images: 0
2025-07-20T04:48:02.2293860Z  Server Version: 28.0.4
2025-07-20T04:48:02.2294054Z  Storage Driver: overlay2
2025-07-20T04:48:02.2294263Z   Backing Filesystem: extfs
2025-07-20T04:48:02.2294465Z   Supports d_type: true
2025-07-20T04:48:02.2294675Z   Using metacopy: false
2025-07-20T04:48:02.2294862Z   Native Overlay Diff: false
2025-07-20T04:48:02.2295066Z   userxattr: false
2025-07-20T04:48:02.2295247Z  Logging Driver: json-file
2025-07-20T04:48:02.2295450Z  Cgroup Driver: systemd
2025-07-20T04:48:02.2295839Z  Cgroup Version: 2
2025-07-20T04:48:02.2308585Z  Plugins:
2025-07-20T04:48:02.2308987Z   Volume: local
2025-07-20T04:48:02.2309383Z   Network: bridge host ipvlan macvlan null overlay
2025-07-20T04:48:02.2310103Z   Log: awslogs fluentd gcplogs gelf journald json-file local splunk syslog
2025-07-20T04:48:02.2310701Z  Swarm: inactive
2025-07-20T04:48:02.2311613Z  Runtimes: io.containerd.runc.v2 runc
2025-07-20T04:48:02.2312094Z  Default Runtime: runc
2025-07-20T04:48:02.2312452Z  Init Binary: docker-init
2025-07-20T04:48:02.2312944Z  containerd version: 05044ec0a9a75232cad458027ca83437aae3f4da
2025-07-20T04:48:02.2313509Z  runc version: v1.2.5-0-g59923ef
2025-07-20T04:48:02.2313903Z  init version: de40ad0
2025-07-20T04:48:02.2314574Z  Security Options:
2025-07-20T04:48:02.2314900Z   apparmor
2025-07-20T04:48:02.2315338Z   seccomp
2025-07-20T04:48:02.2315605Z    Profile: builtin
2025-07-20T04:48:02.2316057Z   cgroupns
2025-07-20T04:48:02.2316245Z  Kernel Version: 6.11.0-1018-azure
2025-07-20T04:48:02.2316763Z  Operating System: Ubuntu 24.04.2 LTS
2025-07-20T04:48:02.2317110Z  OSType: linux
2025-07-20T04:48:02.2317373Z  Architecture: x86_64
2025-07-20T04:48:02.2317688Z  CPUs: 4
2025-07-20T04:48:02.2317991Z  Total Memory: 15.62GiB
2025-07-20T04:48:02.2318258Z  Name: pkrvmq0rgcvqdmg
2025-07-20T04:48:02.2318650Z  ID: 59ce2f9e-8373-49df-b904-c97e78d80d7f
2025-07-20T04:48:02.2318983Z  Docker Root Dir: /var/lib/docker
2025-07-20T04:48:02.2319305Z  Debug Mode: false
2025-07-20T04:48:02.2319583Z  Username: githubactions
2025-07-20T04:48:02.2319937Z  Experimental: false
2025-07-20T04:48:02.2320194Z  Insecure Registries:
2025-07-20T04:48:02.2323840Z   ::1/128
2025-07-20T04:48:02.2324152Z   127.0.0.0/8
2025-07-20T04:48:02.2324411Z  Live Restore Enabled: false
2025-07-20T04:48:02.2324623Z 
2025-07-20T04:48:02.2325205Z ##[endgroup]
2025-07-20T04:48:02.3821974Z ##[group]Buildx version
2025-07-20T04:48:02.3843196Z [command]/usr/bin/docker buildx version
2025-07-20T04:48:02.4566642Z github.com/docker/buildx v0.25.0 faaea65da4ba0e58a13cd9cadcb950c51cf3b3c9
2025-07-20T04:48:02.4613081Z ##[endgroup]
2025-07-20T04:48:02.4798710Z ##[group]Inspecting default docker context
2025-07-20T04:48:02.4954172Z [
2025-07-20T04:48:02.4954618Z   {
2025-07-20T04:48:02.4954899Z     "Name": "default",
2025-07-20T04:48:02.4955178Z     "Metadata": {},
2025-07-20T04:48:02.4955519Z     "Endpoints": {
2025-07-20T04:48:02.4955987Z       "docker": {
2025-07-20T04:48:02.4956332Z         "Host": "unix:///var/run/docker.sock",
2025-07-20T04:48:02.4956638Z         "SkipTLSVerify": false
2025-07-20T04:48:02.4957098Z       }
2025-07-20T04:48:02.4957384Z     },
2025-07-20T04:48:02.4957630Z     "TLSMaterial": {},
2025-07-20T04:48:02.4957980Z     "Storage": {
2025-07-20T04:48:02.4958256Z       "MetadataPath": "<IN MEMORY>",
2025-07-20T04:48:02.4958727Z       "TLSPath": "<IN MEMORY>"
2025-07-20T04:48:02.4959074Z     }
2025-07-20T04:48:02.4959385Z   }
2025-07-20T04:48:02.4959642Z ]
2025-07-20T04:48:02.4961182Z ##[endgroup]
2025-07-20T04:48:02.4961820Z ##[group]Creating a new builder instance
2025-07-20T04:48:02.6085580Z [command]/usr/bin/docker buildx create --name builder-b2940b40-c79e-4715-81de-8161a8459eb8 --driver docker-container --buildkitd-flags --allow-insecure-entitlement security.insecure --allow-insecure-entitlement network.host --use
2025-07-20T04:48:02.6835797Z builder-b2940b40-c79e-4715-81de-8161a8459eb8
2025-07-20T04:48:02.6868904Z ##[endgroup]
2025-07-20T04:48:02.6869839Z ##[group]Booting builder
2025-07-20T04:48:02.6908966Z [command]/usr/bin/docker buildx inspect --bootstrap --builder builder-b2940b40-c79e-4715-81de-8161a8459eb8
2025-07-20T04:48:02.7358061Z #1 [internal] booting buildkit
2025-07-20T04:48:02.8863650Z #1 pulling image moby/buildkit:buildx-stable-1
2025-07-20T04:48:04.9987151Z #1 pulling image moby/buildkit:buildx-stable-1 2.3s done
2025-07-20T04:48:05.1491233Z #1 creating container buildx_buildkit_builder-b2940b40-c79e-4715-81de-8161a8459eb80
2025-07-20T04:48:05.8326247Z #1 creating container buildx_buildkit_builder-b2940b40-c79e-4715-81de-8161a8459eb80 0.8s done
2025-07-20T04:48:05.8342263Z #1 DONE 3.1s
2025-07-20T04:48:05.8780292Z Name:          builder-b2940b40-c79e-4715-81de-8161a8459eb8
2025-07-20T04:48:05.8782407Z Driver:        docker-container
2025-07-20T04:48:05.8783291Z Last Activity: 2025-07-20 04:48:02 +0000 UTC
2025-07-20T04:48:05.8783830Z 
2025-07-20T04:48:05.8784367Z Nodes:
2025-07-20T04:48:05.8784940Z Name:                  builder-b2940b40-c79e-4715-81de-8161a8459eb80
2025-07-20T04:48:05.8785986Z Endpoint:              unix:///var/run/docker.sock
2025-07-20T04:48:05.8786618Z Status:                running
2025-07-20T04:48:05.8787847Z BuildKit daemon flags: --allow-insecure-entitlement security.insecure --allow-insecure-entitlement network.host
2025-07-20T04:48:05.8788879Z BuildKit version:      v0.22.0
2025-07-20T04:48:05.8789325Z Platforms:             linux/amd64, linux/amd64/v2, linux/amd64/v3, linux/386
2025-07-20T04:48:05.8789872Z Labels:
2025-07-20T04:48:05.8790243Z  org.mobyproject.buildkit.worker.executor:         oci
2025-07-20T04:48:05.8790840Z  org.mobyproject.buildkit.worker.hostname:         1b5ee7edb4b3
2025-07-20T04:48:05.8791503Z  org.mobyproject.buildkit.worker.network:          host
2025-07-20T04:48:05.8792079Z  org.mobyproject.buildkit.worker.oci.process-mode: sandbox
2025-07-20T04:48:05.8792695Z  org.mobyproject.buildkit.worker.selinux.enabled:  false
2025-07-20T04:48:05.8793193Z  org.mobyproject.buildkit.worker.snapshotter:      overlayfs
2025-07-20T04:48:05.8793677Z GC Policy rule#0:
2025-07-20T04:48:05.8793927Z  All:            false
2025-07-20T04:48:05.8794318Z  Filters:        type==source.local,type==exec.cachemount,type==source.git.checkout
2025-07-20T04:48:05.8794865Z  Keep Duration:  48h0m0s
2025-07-20T04:48:05.8795121Z  Max Used Space: 488.3MiB
2025-07-20T04:48:05.8795400Z GC Policy rule#1:
2025-07-20T04:48:05.8795935Z  All:            false
2025-07-20T04:48:05.8796259Z  Keep Duration:  1440h0m0s
2025-07-20T04:48:05.8796529Z  Reserved Space: 7.451GiB
2025-07-20T04:48:05.8796932Z  Max Used Space: 54.02GiB
2025-07-20T04:48:05.8797179Z  Min Free Space: 13.97GiB
2025-07-20T04:48:05.8797462Z GC Policy rule#2:
2025-07-20T04:48:05.8797724Z  All:            false
2025-07-20T04:48:05.8798017Z  Reserved Space: 7.451GiB
2025-07-20T04:48:05.8798333Z  Max Used Space: 54.02GiB
2025-07-20T04:48:05.8798606Z  Min Free Space: 13.97GiB
2025-07-20T04:48:05.8798909Z GC Policy rule#3:
2025-07-20T04:48:05.8799139Z  All:            true
2025-07-20T04:48:05.8799448Z  Reserved Space: 7.451GiB
2025-07-20T04:48:05.8799714Z  Max Used Space: 54.02GiB
2025-07-20T04:48:05.8799997Z  Min Free Space: 13.97GiB
2025-07-20T04:48:05.8829899Z ##[endgroup]
2025-07-20T04:48:05.9649486Z ##[group]Inspect builder
2025-07-20T04:48:05.9651926Z {
2025-07-20T04:48:05.9652330Z   "nodes": [
2025-07-20T04:48:05.9652736Z     {
2025-07-20T04:48:05.9653037Z       "name": "builder-b2940b40-c79e-4715-81de-8161a8459eb80",
2025-07-20T04:48:05.9653538Z       "endpoint": "unix:///var/run/docker.sock",
2025-07-20T04:48:05.9653889Z       "status": "running",
2025-07-20T04:48:05.9654505Z       "buildkitd-flags": "--allow-insecure-entitlement security.insecure --allow-insecure-entitlement network.host",
2025-07-20T04:48:05.9655291Z       "buildkit": "v0.22.0",
2025-07-20T04:48:05.9656502Z       "platforms": "linux/amd64,linux/amd64/v2,linux/amd64/v3,linux/386",
2025-07-20T04:48:05.9656920Z       "features": {
2025-07-20T04:48:05.9657289Z         "Automatically load images to the Docker Engine image store": true,
2025-07-20T04:48:05.9657802Z         "Cache export": true,
2025-07-20T04:48:05.9658074Z         "Direct push": true,
2025-07-20T04:48:05.9658443Z         "Docker exporter": true,
2025-07-20T04:48:05.9658987Z         "Multi-platform build": true,
2025-07-20T04:48:05.9659464Z         "OCI exporter": true
2025-07-20T04:48:05.9659786Z       },
2025-07-20T04:48:05.9660069Z       "labels": {
2025-07-20T04:48:05.9660399Z         "org.mobyproject.buildkit.worker.executor": "oci",
2025-07-20T04:48:05.9660822Z         "org.mobyproject.buildkit.worker.hostname": "1b5ee7edb4b3",
2025-07-20T04:48:05.9661332Z         "org.mobyproject.buildkit.worker.network": "host",
2025-07-20T04:48:05.9661770Z         "org.mobyproject.buildkit.worker.oci.process-mode": "sandbox",
2025-07-20T04:48:05.9662310Z         "org.mobyproject.buildkit.worker.selinux.enabled": "false",
2025-07-20T04:48:05.9663132Z         "org.mobyproject.buildkit.worker.snapshotter": "overlayfs"
2025-07-20T04:48:05.9663614Z       },
2025-07-20T04:48:05.9663872Z       "gcPolicy": [
2025-07-20T04:48:05.9664143Z         {
2025-07-20T04:48:05.9664412Z           "all": false,
2025-07-20T04:48:05.9664730Z           "filter": [
2025-07-20T04:48:05.9665016Z             "type==source.local",
2025-07-20T04:48:05.9665355Z             "type==exec.cachemount",
2025-07-20T04:48:05.9666039Z             "type==source.git.checkout"
2025-07-20T04:48:05.9666408Z           ],
2025-07-20T04:48:05.9666659Z           "keepDuration": "48h0m0s",
2025-07-20T04:48:05.9667019Z           "maxUsedSpace": "488.3MiB"
2025-07-20T04:48:05.9667263Z         },
2025-07-20T04:48:05.9667565Z         {
2025-07-20T04:48:05.9667807Z           "all": false,
2025-07-20T04:48:05.9668053Z           "keepDuration": "1440h0m0s",
2025-07-20T04:48:05.9668468Z           "reservedSpace": "7.451GiB",
2025-07-20T04:48:05.9668751Z           "maxUsedSpace": "54.02GiB",
2025-07-20T04:48:05.9669052Z           "minFreeSpace": "13.97GiB"
2025-07-20T04:48:05.9669374Z         },
2025-07-20T04:48:05.9669613Z         {
2025-07-20T04:48:05.9669822Z           "all": false,
2025-07-20T04:48:05.9670181Z           "reservedSpace": "7.451GiB",
2025-07-20T04:48:05.9670497Z           "maxUsedSpace": "54.02GiB",
2025-07-20T04:48:05.9670812Z           "minFreeSpace": "13.97GiB"
2025-07-20T04:48:05.9671159Z         },
2025-07-20T04:48:05.9671441Z         {
2025-07-20T04:48:05.9671813Z           "all": true,
2025-07-20T04:48:05.9672249Z           "reservedSpace": "7.451GiB",
2025-07-20T04:48:05.9672779Z           "maxUsedSpace": "54.02GiB",
2025-07-20T04:48:05.9673056Z           "minFreeSpace": "13.97GiB"
2025-07-20T04:48:05.9673386Z         }
2025-07-20T04:48:05.9673602Z       ]
2025-07-20T04:48:05.9673839Z     }
2025-07-20T04:48:05.9674107Z   ],
2025-07-20T04:48:05.9674432Z   "name": "builder-b2940b40-c79e-4715-81de-8161a8459eb8",
2025-07-20T04:48:05.9674811Z   "driver": "docker-container",
2025-07-20T04:48:05.9675098Z   "lastActivity": "2025-07-20T04:48:02.000Z"
2025-07-20T04:48:05.9675502Z }
2025-07-20T04:48:05.9676585Z ##[endgroup]
2025-07-20T04:48:05.9677151Z ##[group]BuildKit version
2025-07-20T04:48:05.9677529Z builder-b2940b40-c79e-4715-81de-8161a8459eb80: v0.22.0
2025-07-20T04:48:05.9678275Z ##[endgroup]
2025-07-20T04:48:05.9848516Z ##[group]Run echo "FROM node:20-alpine" > Dockerfile.test
2025-07-20T04:48:05.9849008Z [36;1mecho "FROM node:20-alpine" > Dockerfile.test[0m
2025-07-20T04:48:05.9849330Z [36;1mecho "WORKDIR /app" >> Dockerfile.test[0m
2025-07-20T04:48:05.9849609Z [36;1mecho "COPY . ." >> Dockerfile.test[0m
2025-07-20T04:48:05.9849908Z [36;1mecho "RUN echo 'Build successful'" >> Dockerfile.test[0m
2025-07-20T04:48:05.9850259Z [36;1mdocker build -f Dockerfile.test -t test-build .[0m
2025-07-20T04:48:05.9881862Z shell: /usr/bin/bash -e {0}
2025-07-20T04:48:05.9882086Z env:
2025-07-20T04:48:05.9882254Z   REGISTRY: ghcr.io
2025-07-20T04:48:05.9882451Z   IMAGE_NAME: patrg444/Cygni
2025-07-20T04:48:05.9882663Z ##[endgroup]
2025-07-20T04:48:06.3155089Z #0 building with "default" instance using docker driver
2025-07-20T04:48:06.3155456Z 
2025-07-20T04:48:06.3155821Z #1 [internal] load build definition from Dockerfile.test
2025-07-20T04:48:06.3156258Z #1 transferring dockerfile: 112B done
2025-07-20T04:48:06.3156642Z #1 DONE 0.0s
2025-07-20T04:48:06.3156869Z 
2025-07-20T04:48:06.3157163Z #2 [auth] library/node:pull token for registry-1.docker.io
2025-07-20T04:48:06.3157676Z #2 DONE 0.0s
2025-07-20T04:48:06.3157823Z 
2025-07-20T04:48:06.3158026Z #3 [internal] load metadata for docker.io/library/node:20-alpine
2025-07-20T04:48:06.4294386Z #3 DONE 0.3s
2025-07-20T04:48:06.5332255Z 
2025-07-20T04:48:06.5334023Z #4 [internal] load .dockerignore
2025-07-20T04:48:06.5334568Z #4 transferring context: 431B done
2025-07-20T04:48:06.5335365Z #4 DONE 0.0s
2025-07-20T04:48:06.5335561Z 
2025-07-20T04:48:06.5336351Z #5 [1/4] FROM docker.io/library/node:20-alpine@sha256:df02558528d3d3d0d621f112e232611aecfee7cbc654f6b375765f72bb262799
2025-07-20T04:48:06.5337320Z #5 resolve docker.io/library/node:20-alpine@sha256:df02558528d3d3d0d621f112e232611aecfee7cbc654f6b375765f72bb262799 done
2025-07-20T04:48:06.6516468Z #5 ...
2025-07-20T04:48:06.6517119Z 
2025-07-20T04:48:06.6517283Z #6 [internal] load build context
2025-07-20T04:48:06.6517983Z #6 transferring context: 2.89MB 0.1s done
2025-07-20T04:48:06.6518464Z #6 DONE 0.1s
2025-07-20T04:48:06.6518980Z 
2025-07-20T04:48:06.6519475Z #5 [1/4] FROM docker.io/library/node:20-alpine@sha256:df02558528d3d3d0d621f112e232611aecfee7cbc654f6b375765f72bb262799
2025-07-20T04:48:06.6520726Z #5 extracting sha256:9824c27679d3b27c5e1cb00a73adb6f4f8d556994111c12db3c5d61a0c843df8 0.1s done
2025-07-20T04:48:06.6521828Z #5 sha256:54225bd601967a0aa669ec9be621c24d8eeac874b698d55874018070898685c2 1.26MB / 1.26MB 0.1s done
2025-07-20T04:48:06.6522656Z #5 sha256:a9e48ad1219d4d11c6456a8db0fd5c11af46242d52edf84e17ab84a7bfd93809 445B / 445B 0.1s done
2025-07-20T04:48:06.6523454Z #5 sha256:df02558528d3d3d0d621f112e232611aecfee7cbc654f6b375765f72bb262799 7.67kB / 7.67kB done
2025-07-20T04:48:06.6524244Z #5 sha256:ae6ee91a652d927de01d550c29f863a52f1da390c89df95f3ceba256d1e62604 1.72kB / 1.72kB done
2025-07-20T04:48:06.6525027Z #5 sha256:7cdef5a331927fafa250be6166052d8599bf5eb7b014342538c2cc79b70a081f 6.42kB / 6.42kB done
2025-07-20T04:48:06.6526508Z #5 sha256:9824c27679d3b27c5e1cb00a73adb6f4f8d556994111c12db3c5d61a0c843df8 3.80MB / 3.80MB 0.1s done
2025-07-20T04:48:06.6527687Z #5 sha256:8c59d92d6fc9f01af4aaa86824be72b74bd4d940c4c46aa95d9710bfa46c975e 13.63MB / 42.99MB 0.2s
2025-07-20T04:48:06.7520668Z #5 sha256:8c59d92d6fc9f01af4aaa86824be72b74bd4d940c4c46aa95d9710bfa46c975e 20.97MB / 42.99MB 0.3s
2025-07-20T04:48:06.8521170Z #5 sha256:8c59d92d6fc9f01af4aaa86824be72b74bd4d940c4c46aa95d9710bfa46c975e 26.21MB / 42.99MB 0.4s
2025-07-20T04:48:06.9634631Z #5 sha256:8c59d92d6fc9f01af4aaa86824be72b74bd4d940c4c46aa95d9710bfa46c975e 42.99MB / 42.99MB 0.5s done
2025-07-20T04:48:06.9635942Z #5 extracting sha256:8c59d92d6fc9f01af4aaa86824be72b74bd4d940c4c46aa95d9710bfa46c975e
2025-07-20T04:48:08.1274376Z #5 extracting sha256:8c59d92d6fc9f01af4aaa86824be72b74bd4d940c4c46aa95d9710bfa46c975e 1.0s done
2025-07-20T04:48:08.1504201Z #5 extracting sha256:54225bd601967a0aa669ec9be621c24d8eeac874b698d55874018070898685c2
2025-07-20T04:48:08.3048078Z #5 extracting sha256:54225bd601967a0aa669ec9be621c24d8eeac874b698d55874018070898685c2 0.0s done
2025-07-20T04:48:08.3049222Z #5 extracting sha256:a9e48ad1219d4d11c6456a8db0fd5c11af46242d52edf84e17ab84a7bfd93809 done
2025-07-20T04:48:08.3049956Z #5 DONE 1.8s
2025-07-20T04:48:08.3050131Z 
2025-07-20T04:48:08.3050250Z #7 [2/4] WORKDIR /app
2025-07-20T04:48:08.3050559Z #7 DONE 0.0s
2025-07-20T04:48:08.3050715Z 
2025-07-20T04:48:08.3050841Z #8 [3/4] COPY . .
2025-07-20T04:48:08.3051104Z #8 DONE 0.1s
2025-07-20T04:48:08.4113929Z 
2025-07-20T04:48:08.4114577Z #9 [4/4] RUN echo 'Build successful'
2025-07-20T04:48:08.4115126Z #9 0.106 Build successful
2025-07-20T04:48:08.5679834Z #9 DONE 0.1s
2025-07-20T04:48:08.5680360Z 
2025-07-20T04:48:08.5680721Z #10 exporting to image
2025-07-20T04:48:08.5686228Z #10 exporting layers
2025-07-20T04:48:09.0114823Z #10 exporting layers 0.6s done
2025-07-20T04:48:09.0320936Z #10 writing image sha256:c33726c124357e4e01fc54baf8c15a9171c40feeffadb8853f9732a1ad5f127b done
2025-07-20T04:48:09.0321684Z #10 naming to docker.io/library/test-build done
2025-07-20T04:48:09.0321997Z #10 DONE 0.6s
2025-07-20T04:48:09.0460438Z Post job cleanup.
2025-07-20T04:48:09.3179265Z ##[group]Removing builder
2025-07-20T04:48:09.4138429Z [command]/usr/bin/docker buildx rm builder-b2940b40-c79e-4715-81de-8161a8459eb8
2025-07-20T04:48:09.5316111Z builder-b2940b40-c79e-4715-81de-8161a8459eb8 removed
2025-07-20T04:48:09.5350577Z ##[endgroup]
2025-07-20T04:48:09.5352193Z ##[group]Cleaning up certificates
2025-07-20T04:48:09.5359721Z ##[endgroup]
2025-07-20T04:48:09.5361746Z ##[group]Post cache
2025-07-20T04:48:09.5362613Z State not set
2025-07-20T04:48:09.5363547Z ##[endgroup]
2025-07-20T04:48:09.5490654Z Post job cleanup.
2025-07-20T04:48:09.6412315Z [command]/usr/bin/git version
2025-07-20T04:48:09.6449022Z git version 2.50.1
2025-07-20T04:48:09.6492125Z Temporarily overriding HOME='/home/runner/work/_temp/98fcd6b1-84e8-4fdd-9bdd-8dea76bf48a3' before making global git config changes
2025-07-20T04:48:09.6493329Z Adding repository directory to the temporary git global config as a safe directory
2025-07-20T04:48:09.6506045Z [command]/usr/bin/git config --global --add safe.directory /home/runner/work/Cygni/Cygni
2025-07-20T04:48:09.6539795Z [command]/usr/bin/git config --local --name-only --get-regexp core\.sshCommand
2025-07-20T04:48:09.6572156Z [command]/usr/bin/git submodule foreach --recursive sh -c "git config --local --name-only --get-regexp 'core\.sshCommand' && git config --local --unset-all 'core.sshCommand' || :"
2025-07-20T04:48:09.6794041Z [command]/usr/bin/git config --local --name-only --get-regexp http\.https\:\/\/github\.com\/\.extraheader
2025-07-20T04:48:09.6814141Z http.https://github.com/.extraheader
2025-07-20T04:48:09.6827034Z [command]/usr/bin/git config --local --unset-all http.https://github.com/.extraheader
2025-07-20T04:48:09.6856377Z [command]/usr/bin/git submodule foreach --recursive sh -c "git config --local --name-only --get-regexp 'http\.https\:\/\/github\.com\/\.extraheader' && git config --local --unset-all 'http.https://github.com/.extraheader' || :"
2025-07-20T04:48:09.7174012Z Cleaning up orphan processes
