2025-07-20T04:59:55.4585899Z ##[group]Run aquasecurity/trivy-action@master
2025-07-20T04:59:55.4586289Z with:
2025-07-20T04:59:55.4586498Z   scan-type: fs
2025-07-20T04:59:55.4586881Z   scan-ref: .
2025-07-20T04:59:55.4587102Z   format: sarif
2025-07-20T04:59:55.4587331Z   output: trivy-results.sarif
2025-07-20T04:59:55.4587598Z   ignore-unfixed: false
2025-07-20T04:59:55.4587843Z   vuln-type: os,library
2025-07-20T04:59:55.4588099Z   severity: UNKNOWN,LOW,MEDIUM,HIGH,CRITICAL
2025-07-20T04:59:55.4588490Z   cache-dir: /home/runner/work/Cygni/Cygni/.cache/trivy
2025-07-20T04:59:55.4588817Z   list-all-pkgs: false
2025-07-20T04:59:55.4589063Z   version: v0.64.1
2025-07-20T04:59:55.4589278Z   cache: true
2025-07-20T04:59:55.4589491Z   skip-setup-trivy: false
2025-07-20T04:59:55.4589910Z   token-setup-trivy: ***
2025-07-20T04:59:55.4590155Z env:
2025-07-20T04:59:55.4590353Z   REGISTRY: ghcr.io
2025-07-20T04:59:55.4590587Z   IMAGE_NAME: patrg444/Cygni
2025-07-20T04:59:55.4590833Z ##[endgroup]
2025-07-20T04:59:55.4731848Z ##[group]Run aquasecurity/setup-trivy@ff1b8b060f23b650436d419b5e13f67f5d4c3087
2025-07-20T04:59:55.4732340Z with:
2025-07-20T04:59:55.4732551Z   version: v0.64.1
2025-07-20T04:59:55.4732767Z   cache: true
2025-07-20T04:59:55.4733150Z   token: ***
2025-07-20T04:59:55.4733375Z   path: $HOME/.local/bin
2025-07-20T04:59:55.4733606Z env:
2025-07-20T04:59:55.4733804Z   REGISTRY: ghcr.io
2025-07-20T04:59:55.4734038Z   IMAGE_NAME: patrg444/Cygni
2025-07-20T04:59:55.4734285Z ##[endgroup]
2025-07-20T04:59:55.4766443Z ##[group]Run echo "dir=$HOME/.local/bin/trivy-bin" >> $GITHUB_OUTPUT
2025-07-20T04:59:55.4767241Z [36;1mecho "dir=$HOME/.local/bin/trivy-bin" >> $GITHUB_OUTPUT[0m
2025-07-20T04:59:55.4798771Z shell: /usr/bin/bash --noprofile --norc -e -o pipefail {0}
2025-07-20T04:59:55.4799160Z env:
2025-07-20T04:59:55.4799362Z   REGISTRY: ghcr.io
2025-07-20T04:59:55.4799613Z   IMAGE_NAME: patrg444/Cygni
2025-07-20T04:59:55.4799868Z ##[endgroup]
2025-07-20T04:59:55.4956557Z ##[group]Run actions/cache@v4
2025-07-20T04:59:55.4957073Z with:
2025-07-20T04:59:55.4957334Z   path: /home/runner/.local/bin/trivy-bin
2025-07-20T04:59:55.4957645Z   key: trivy-binary-v0.64.1-Linux-X64
2025-07-20T04:59:55.4957930Z   enableCrossOsArchive: false
2025-07-20T04:59:55.4958196Z   fail-on-cache-miss: false
2025-07-20T04:59:55.4958439Z   lookup-only: false
2025-07-20T04:59:55.4958664Z   save-always: false
2025-07-20T04:59:55.4958872Z env:
2025-07-20T04:59:55.4959072Z   REGISTRY: ghcr.io
2025-07-20T04:59:55.4959304Z   IMAGE_NAME: patrg444/Cygni
2025-07-20T04:59:55.4959557Z ##[endgroup]
2025-07-20T04:59:55.7303190Z Cache hit for: trivy-binary-v0.64.1-Linux-X64
2025-07-20T04:59:56.4843556Z Received 41645727 of 41645727 (100.0%), 64.5 MBs/sec
2025-07-20T04:59:56.4844867Z Cache Size: ~40 MB (41645727 B)
2025-07-20T04:59:56.4874296Z [command]/usr/bin/tar -xf /home/runner/work/_temp/f05a0999-cf0d-4ca0-8cc4-6e42e13afc8a/cache.tzst -P -C /home/runner/work/Cygni/Cygni --use-compress-program unzstd
2025-07-20T04:59:56.7292112Z Cache restored successfully
2025-07-20T04:59:56.7446349Z Cache restored from key: trivy-binary-v0.64.1-Linux-X64
2025-07-20T04:59:56.7591843Z ##[group]Run echo /home/runner/.local/bin/trivy-bin >> $GITHUB_PATH
2025-07-20T04:59:56.7592304Z [36;1mecho /home/runner/.local/bin/trivy-bin >> $GITHUB_PATH[0m
2025-07-20T04:59:56.7619732Z shell: /usr/bin/bash --noprofile --norc -e -o pipefail {0}
2025-07-20T04:59:56.7620061Z env:
2025-07-20T04:59:56.7620231Z   REGISTRY: ghcr.io
2025-07-20T04:59:56.7620433Z   IMAGE_NAME: patrg444/Cygni
2025-07-20T04:59:56.7620653Z ##[endgroup]
2025-07-20T04:59:56.7695846Z ##[group]Run echo "date=$(date +'%Y-%m-%d')" >> $GITHUB_OUTPUT
2025-07-20T04:59:56.7696392Z [36;1mecho "date=$(date +'%Y-%m-%d')" >> $GITHUB_OUTPUT[0m
2025-07-20T04:59:56.7723413Z shell: /usr/bin/bash --noprofile --norc -e -o pipefail {0}
2025-07-20T04:59:56.7723779Z env:
2025-07-20T04:59:56.7723948Z   REGISTRY: ghcr.io
2025-07-20T04:59:56.7724159Z   IMAGE_NAME: patrg444/Cygni
2025-07-20T04:59:56.7724380Z ##[endgroup]
2025-07-20T04:59:56.7829056Z ##[group]Run actions/cache@v4
2025-07-20T04:59:56.7829519Z with:
2025-07-20T04:59:56.7829739Z   path: /home/runner/work/Cygni/Cygni/.cache/trivy
2025-07-20T04:59:56.7830038Z   key: cache-trivy-2025-07-20
2025-07-20T04:59:56.7830275Z   restore-keys: cache-trivy-
2025-07-20T04:59:56.7830508Z   enableCrossOsArchive: false
2025-07-20T04:59:56.7830759Z   fail-on-cache-miss: false
2025-07-20T04:59:56.7830972Z   lookup-only: false
2025-07-20T04:59:56.7831169Z   save-always: false
2025-07-20T04:59:56.7831355Z env:
2025-07-20T04:59:56.7831543Z   REGISTRY: ghcr.io
2025-07-20T04:59:56.7831791Z   IMAGE_NAME: patrg444/Cygni
2025-07-20T04:59:56.7832018Z ##[endgroup]
2025-07-20T04:59:57.0214606Z Cache hit for: cache-trivy-2025-07-20
2025-07-20T04:59:57.8327654Z Received 48645079 of 48645079 (100.0%), 68.0 MBs/sec
2025-07-20T04:59:57.8329144Z Cache Size: ~46 MB (48645079 B)
2025-07-20T04:59:57.8361034Z [command]/usr/bin/tar -xf /home/runner/work/_temp/50193c71-6b42-43e9-a2e5-e4d0ae8e15ff/cache.tzst -P -C /home/runner/work/Cygni/Cygni --use-compress-program unzstd
2025-07-20T04:59:58.6765840Z Cache restored successfully
2025-07-20T04:59:58.6933453Z Cache restored from key: cache-trivy-2025-07-20
2025-07-20T04:59:58.7040722Z ##[group]Run echo "$GITHUB_ACTION_PATH" >> $GITHUB_PATH
2025-07-20T04:59:58.7041094Z [36;1mecho "$GITHUB_ACTION_PATH" >> $GITHUB_PATH[0m
2025-07-20T04:59:58.7069050Z shell: /usr/bin/bash --noprofile --norc -e -o pipefail {0}
2025-07-20T04:59:58.7069383Z env:
2025-07-20T04:59:58.7069560Z   REGISTRY: ghcr.io
2025-07-20T04:59:58.7069777Z   IMAGE_NAME: patrg444/Cygni
2025-07-20T04:59:58.7070175Z   GITHUB_ACTION_PATH: /home/runner/work/_actions/aquasecurity/trivy-action/master
2025-07-20T04:59:58.7070551Z ##[endgroup]
2025-07-20T04:59:58.7137351Z ##[group]Run rm -f trivy_envs.txt
2025-07-20T04:59:58.7137630Z [36;1mrm -f trivy_envs.txt[0m
2025-07-20T04:59:58.7137862Z [36;1mtouch trivy_envs.txt[0m
2025-07-20T04:59:58.7162629Z shell: /usr/bin/bash --noprofile --norc -e -o pipefail {0}
2025-07-20T04:59:58.7162952Z env:
2025-07-20T04:59:58.7163147Z   REGISTRY: ghcr.io
2025-07-20T04:59:58.7163361Z   IMAGE_NAME: patrg444/Cygni
2025-07-20T04:59:58.7163579Z ##[endgroup]
2025-07-20T04:59:58.7248715Z ##[group]Run # Note: There is currently no way to distinguish between undefined variables and empty strings in GitHub Actions.
2025-07-20T04:59:58.7249596Z [36;1m# Note: There is currently no way to distinguish between undefined variables and empty strings in GitHub Actions.[0m
2025-07-20T04:59:58.7250193Z [36;1m# This limitation affects how we handle default values and empty inputs.[0m
2025-07-20T04:59:58.7250733Z [36;1m# For more information, see: https://github.com/actions/runner/issues/924[0m
2025-07-20T04:59:58.7251093Z [36;1m[0m
2025-07-20T04:59:58.7251436Z [36;1m# The following logic implements the configuration priority described in the README:[0m
2025-07-20T04:59:58.7251846Z [36;1m#[0m
2025-07-20T04:59:58.7252021Z [36;1m# Inputs[0m
2025-07-20T04:59:58.7252215Z [36;1m# Environment Variables[0m
2025-07-20T04:59:58.7252463Z [36;1m# Config File[0m
2025-07-20T04:59:58.7252664Z [36;1m# Defaults[0m
2025-07-20T04:59:58.7252849Z [36;1m#[0m
2025-07-20T04:59:58.7253221Z [36;1m# As noted above defaults are awkward to handle as GitHub Actions will inject those values as the input[0m
2025-07-20T04:59:58.7253831Z [36;1m# if the caller doesn't provide them, thus if the input matches the default we don't set it as we[0m
2025-07-20T04:59:58.7254422Z [36;1m# can't tell the difference.  Plus if we did set it when it was the default value then it could potentially [0m
2025-07-20T04:59:58.7255074Z [36;1m# override an external environment variable, or something in the callers configuration file, which then wouldn't [0m
2025-07-20T04:59:58.7255983Z [36;1m# match the configuration priority that is documented.[0m
2025-07-20T04:59:58.7256308Z [36;1mset_env_var_if_provided() {[0m
2025-07-20T04:59:58.7256624Z [36;1m  local var_name="$1"[0m
2025-07-20T04:59:58.7257014Z [36;1m  local input_value="$2"[0m
2025-07-20T04:59:58.7257447Z [36;1m  local default_value="$3"[0m
2025-07-20T04:59:58.7257680Z [36;1m[0m
2025-07-20T04:59:58.7257936Z [36;1m  if [ ! -z "$input_value" ] && [ "$input_value" != "$default_value" ]; then[0m
2025-07-20T04:59:58.7258384Z [36;1m    # If action was provided with explicit input by the caller set that[0m
2025-07-20T04:59:58.7258784Z [36;1m    echo "export $var_name=$input_value" >> trivy_envs.txt[0m
2025-07-20T04:59:58.7259079Z [36;1m  fi[0m
2025-07-20T04:59:58.7259255Z [36;1m}[0m
2025-07-20T04:59:58.7259421Z [36;1m[0m
2025-07-20T04:59:58.7259682Z [36;1m# Set environment variables, handling those with default values[0m
2025-07-20T04:59:58.7260230Z [36;1m# cf. https://aquasecurity.github.io/trivy/latest/docs/configuration/#environment-variables[0m
2025-07-20T04:59:58.7260717Z [36;1mset_env_var_if_provided "TRIVY_INPUT" "" ""[0m
2025-07-20T04:59:58.7261037Z [36;1mset_env_var_if_provided "TRIVY_EXIT_CODE" "" ""[0m
2025-07-20T04:59:58.7261407Z [36;1mset_env_var_if_provided "TRIVY_IGNORE_UNFIXED" "false" "false"[0m
2025-07-20T04:59:58.7261840Z [36;1mset_env_var_if_provided "TRIVY_PKG_TYPES" "os,library" "os,library"[0m
2025-07-20T04:59:58.7262427Z [36;1mset_env_var_if_provided "TRIVY_SEVERITY" "UNKNOWN,LOW,MEDIUM,HIGH,CRITICAL" "UNKNOWN,LOW,MEDIUM,HIGH,CRITICAL"[0m
2025-07-20T04:59:58.7262972Z [36;1mset_env_var_if_provided "TRIVY_FORMAT" "sarif" "table"[0m
2025-07-20T04:59:58.7263322Z [36;1mset_env_var_if_provided "TRIVY_TEMPLATE" "" ""[0m
2025-07-20T04:59:58.7263685Z [36;1mset_env_var_if_provided "TRIVY_OUTPUT" "trivy-results.sarif" ""[0m
2025-07-20T04:59:58.7264064Z [36;1mset_env_var_if_provided "TRIVY_SKIP_DIRS" "" ""[0m
2025-07-20T04:59:58.7264396Z [36;1mset_env_var_if_provided "TRIVY_SKIP_FILES" "" ""[0m
2025-07-20T04:59:58.7264725Z [36;1mset_env_var_if_provided "TRIVY_TIMEOUT" "" ""[0m
2025-07-20T04:59:58.7265063Z [36;1mset_env_var_if_provided "TRIVY_IGNORE_POLICY" "" ""[0m
2025-07-20T04:59:58.7265392Z [36;1mset_env_var_if_provided "TRIVY_QUIET" "" ""[0m
2025-07-20T04:59:58.7265747Z [36;1mset_env_var_if_provided "TRIVY_LIST_ALL_PKGS" "false" "false"[0m
2025-07-20T04:59:58.7266104Z [36;1mset_env_var_if_provided "TRIVY_SCANNERS" "" ""[0m
2025-07-20T04:59:58.7266417Z [36;1mset_env_var_if_provided "TRIVY_CONFIG" "" ""[0m
2025-07-20T04:59:58.7266911Z [36;1mset_env_var_if_provided "TRIVY_TF_VARS" "" ""[0m
2025-07-20T04:59:58.7267270Z [36;1mset_env_var_if_provided "TRIVY_DOCKER_HOST" "" ""[0m
2025-07-20T04:59:58.7293039Z shell: /usr/bin/bash --noprofile --norc -e -o pipefail {0}
2025-07-20T04:59:58.7293493Z env:
2025-07-20T04:59:58.7293678Z   REGISTRY: ghcr.io
2025-07-20T04:59:58.7293885Z   IMAGE_NAME: patrg444/Cygni
2025-07-20T04:59:58.7294109Z ##[endgroup]
2025-07-20T04:59:58.7361639Z ##[group]Run entrypoint.sh
2025-07-20T04:59:58.7361898Z [36;1mentrypoint.sh[0m
2025-07-20T04:59:58.7387039Z shell: /usr/bin/bash --noprofile --norc -e -o pipefail {0}
2025-07-20T04:59:58.7387366Z env:
2025-07-20T04:59:58.7387539Z   REGISTRY: ghcr.io
2025-07-20T04:59:58.7387756Z   IMAGE_NAME: patrg444/Cygni
2025-07-20T04:59:58.7388007Z   INPUT_SCAN_TYPE: fs
2025-07-20T04:59:58.7388208Z   INPUT_IMAGE_REF: 
2025-07-20T04:59:58.7388391Z   INPUT_SCAN_REF: .
2025-07-20T04:59:58.7388590Z   INPUT_TRIVYIGNORES: 
2025-07-20T04:59:58.7388791Z   INPUT_GITHUB_PAT: 
2025-07-20T04:59:58.7389009Z   INPUT_LIMIT_SEVERITIES_FOR_SARIF: 
2025-07-20T04:59:58.7389322Z   TRIVY_CACHE_DIR: /home/runner/work/Cygni/Cygni/.cache/trivy
2025-07-20T04:59:58.7389625Z ##[endgroup]
2025-07-20T04:59:58.7447118Z Building SARIF report with all severities
2025-07-20T04:59:58.7447664Z Running Trivy with options: trivy fs .
2025-07-20T04:59:58.7969819Z 2025-07-20T04:59:58Z	INFO	[vulndb] Need to update DB
2025-07-20T04:59:58.7970418Z 2025-07-20T04:59:58Z	INFO	[vulndb] Downloading vulnerability DB...
2025-07-20T04:59:58.7971088Z 2025-07-20T04:59:58Z	INFO	[vulndb] Downloading artifact...	repo="mirror.gcr.io/aquasec/trivy-db:2"
2025-07-20T05:00:03.7745926Z 20.10 MiB / 66.99 MiB [------------------>__________________________________________] 30.01% ? p/s ?62.16 MiB / 66.99 MiB [-------------------------------------------------------->____] 92.79% ? p/s ?66.99 MiB / 66.99 MiB [----------------------------------------------------------->] 100.00% ? p/s ?66.99 MiB / 66.99 MiB [---------------------------------------------->] 100.00% 78.12 MiB p/s ETA 0s66.99 MiB / 66.99 MiB [---------------------------------------------->] 100.00% 78.12 MiB p/s ETA 0s66.99 MiB / 66.99 MiB [---------------------------------------------->] 100.00% 78.12 MiB p/s ETA 0s66.99 MiB / 66.99 MiB [---------------------------------------------->] 100.00% 73.08 MiB p/s ETA 0s66.99 MiB / 66.99 MiB [---------------------------------------------->] 100.00% 73.08 MiB p/s ETA 0s66.99 MiB / 66.99 MiB [---------------------------------------------->] 100.00% 73.08 MiB p/s ETA 0s66.99 MiB / 66.99 MiB [---------------------------------------------->] 100.00% 68.37 MiB p/s ETA 0s66.99 MiB / 66.99 MiB [---------------------------------------------->] 100.00% 68.37 MiB p/s ETA 0s66.99 MiB / 66.99 MiB [---------------------------------------------->] 100.00% 68.37 MiB p/s ETA 0s66.99 MiB / 66.99 MiB [-------------------------------------------------] 100.00% 29.73 MiB p/s 2.5s2025-07-20T05:00:03Z	INFO	[vulndb] Artifact successfully downloaded	repo="mirror.gcr.io/aquasec/trivy-db:2"
2025-07-20T05:00:03.7751242Z 2025-07-20T05:00:03Z	INFO	[vuln] Vulnerability scanning is enabled
2025-07-20T05:00:03.7751967Z 2025-07-20T05:00:03Z	INFO	[secret] Secret scanning is enabled
2025-07-20T05:00:03.7752847Z 2025-07-20T05:00:03Z	INFO	[secret] If your scanning is slow, please try '--scanners vuln' to disable secret scanning
2025-07-20T05:00:03.7754190Z 2025-07-20T05:00:03Z	INFO	[secret] Please see also https://trivy.dev/v0.64/docs/scanner/secret#recommendation for faster secret detection
2025-07-20T05:00:03.8944805Z 2025-07-20T05:00:03Z	INFO	[pnpm] To collect the license information of packages, "pnpm install" needs to be performed beforehand	dir="node_modules"
2025-07-20T05:00:03.9222764Z 2025-07-20T05:00:03Z	INFO	[npm] To collect the license information of packages, "npm install" needs to be performed beforehand	dir="examples/express-demo/node_modules"
2025-07-20T05:00:03.9254864Z 2025-07-20T05:00:03Z	INFO	[npm] To collect the license information of packages, "npm install" needs to be performed beforehand	dir="node_modules"
2025-07-20T05:00:03.9557007Z 2025-07-20T05:00:03Z	INFO	Suppressing dependencies for development and testing. To display them, try the '--include-dev-deps' flag.
2025-07-20T05:00:03.9560320Z 2025-07-20T05:00:03Z	INFO	Number of language-specific files	num=3
2025-07-20T05:00:03.9561260Z 2025-07-20T05:00:03Z	INFO	[npm] Detecting vulnerabilities...
2025-07-20T05:00:03.9675310Z 2025-07-20T05:00:03Z	INFO	[pnpm] Detecting vulnerabilities...
2025-07-20T05:00:03.9883152Z ##[group]Run rm -f trivy_envs.txt
2025-07-20T05:00:03.9883449Z [36;1mrm -f trivy_envs.txt[0m
2025-07-20T05:00:03.9910795Z shell: /usr/bin/bash --noprofile --norc -e -o pipefail {0}
2025-07-20T05:00:03.9911114Z env:
2025-07-20T05:00:03.9911306Z   REGISTRY: ghcr.io
2025-07-20T05:00:03.9911511Z   IMAGE_NAME: patrg444/Cygni
2025-07-20T05:00:03.9911731Z ##[endgroup]
