2025-07-20T04:46:59.5989353Z ##[group]Run aquasecurity/trivy-action@master
2025-07-20T04:46:59.5989727Z with:
2025-07-20T04:46:59.5989937Z   scan-type: fs
2025-07-20T04:46:59.5990145Z   scan-ref: .
2025-07-20T04:46:59.5990352Z   format: sarif
2025-07-20T04:46:59.5990572Z   output: trivy-results.sarif
2025-07-20T04:46:59.5990844Z   ignore-unfixed: false
2025-07-20T04:46:59.5991079Z   vuln-type: os,library
2025-07-20T04:46:59.5991345Z   severity: UNKNOWN,LOW,MEDIUM,HIGH,CRITICAL
2025-07-20T04:46:59.5991693Z   cache-dir: /home/runner/work/Cygni/Cygni/.cache/trivy
2025-07-20T04:46:59.5992015Z   list-all-pkgs: false
2025-07-20T04:46:59.5992265Z   version: v0.64.1
2025-07-20T04:46:59.5992472Z   cache: true
2025-07-20T04:46:59.5992694Z   skip-setup-trivy: false
2025-07-20T04:46:59.5993110Z   token-setup-trivy: ***
2025-07-20T04:46:59.5993354Z env:
2025-07-20T04:46:59.5993555Z   REGISTRY: ghcr.io
2025-07-20T04:46:59.5993786Z   IMAGE_NAME: patrg444/Cygni
2025-07-20T04:46:59.5994037Z ##[endgroup]
2025-07-20T04:46:59.6130036Z ##[group]Run aquasecurity/setup-trivy@ff1b8b060f23b650436d419b5e13f67f5d4c3087
2025-07-20T04:46:59.6130510Z with:
2025-07-20T04:46:59.6130718Z   version: v0.64.1
2025-07-20T04:46:59.6130931Z   cache: true
2025-07-20T04:46:59.6131310Z   token: ***
2025-07-20T04:46:59.6131535Z   path: $HOME/.local/bin
2025-07-20T04:46:59.6131772Z env:
2025-07-20T04:46:59.6131973Z   REGISTRY: ghcr.io
2025-07-20T04:46:59.6132202Z   IMAGE_NAME: patrg444/Cygni
2025-07-20T04:46:59.6132452Z ##[endgroup]
2025-07-20T04:46:59.6164478Z ##[group]Run echo "dir=$HOME/.local/bin/trivy-bin" >> $GITHUB_OUTPUT
2025-07-20T04:46:59.6165028Z [36;1mecho "dir=$HOME/.local/bin/trivy-bin" >> $GITHUB_OUTPUT[0m
2025-07-20T04:46:59.6196848Z shell: /usr/bin/bash --noprofile --norc -e -o pipefail {0}
2025-07-20T04:46:59.6197235Z env:
2025-07-20T04:46:59.6197433Z   REGISTRY: ghcr.io
2025-07-20T04:46:59.6197678Z   IMAGE_NAME: patrg444/Cygni
2025-07-20T04:46:59.6197932Z ##[endgroup]
2025-07-20T04:46:59.6347104Z ##[group]Run actions/cache@v4
2025-07-20T04:46:59.6347402Z with:
2025-07-20T04:46:59.6347649Z   path: /home/runner/.local/bin/trivy-bin
2025-07-20T04:46:59.6347951Z   key: trivy-binary-v0.64.1-Linux-X64
2025-07-20T04:46:59.6348236Z   enableCrossOsArchive: false
2025-07-20T04:46:59.6348506Z   fail-on-cache-miss: false
2025-07-20T04:46:59.6348751Z   lookup-only: false
2025-07-20T04:46:59.6348970Z   save-always: false
2025-07-20T04:46:59.6349193Z env:
2025-07-20T04:46:59.6349382Z   REGISTRY: ghcr.io
2025-07-20T04:46:59.6349613Z   IMAGE_NAME: patrg444/Cygni
2025-07-20T04:46:59.6349856Z ##[endgroup]
2025-07-20T04:46:59.8518620Z Cache not found for input keys: trivy-binary-v0.64.1-Linux-X64
2025-07-20T04:46:59.8644030Z ##[group]Run actions/checkout@v4
2025-07-20T04:46:59.8644336Z with:
2025-07-20T04:46:59.8644673Z   repository: aquasecurity/trivy
2025-07-20T04:46:59.8644961Z   sparse-checkout: contrib

2025-07-20T04:46:59.8645558Z   path: trivy
2025-07-20T04:46:59.8645883Z   fetch-depth: 1
2025-07-20T04:46:59.8646195Z   github-server-url: https://github.com
2025-07-20T04:46:59.8646749Z   token: ***
2025-07-20T04:46:59.8647059Z   ssh-strict: true
2025-07-20T04:46:59.8647333Z   ssh-user: git
2025-07-20T04:46:59.8647612Z   persist-credentials: true
2025-07-20T04:46:59.8647958Z   clean: true
2025-07-20T04:46:59.8648204Z   sparse-checkout-cone-mode: true
2025-07-20T04:46:59.8648531Z   fetch-tags: false
2025-07-20T04:46:59.8648807Z   show-progress: true
2025-07-20T04:46:59.8649103Z   lfs: false
2025-07-20T04:46:59.8649392Z   submodules: false
2025-07-20T04:46:59.8649669Z   set-safe-directory: true
2025-07-20T04:46:59.8649975Z env:
2025-07-20T04:46:59.8673074Z   REGISTRY: ghcr.io
2025-07-20T04:46:59.8673316Z   IMAGE_NAME: patrg444/Cygni
2025-07-20T04:46:59.8673535Z ##[endgroup]
2025-07-20T04:46:59.9600379Z Syncing repository: aquasecurity/trivy
2025-07-20T04:46:59.9609797Z ##[group]Getting Git version info
2025-07-20T04:46:59.9611944Z Working directory is '/home/runner/work/Cygni/Cygni/trivy'
2025-07-20T04:46:59.9655894Z [command]/usr/bin/git version
2025-07-20T04:46:59.9693353Z git version 2.50.1
2025-07-20T04:46:59.9722046Z ##[endgroup]
2025-07-20T04:46:59.9743740Z Temporarily overriding HOME='/home/runner/work/_temp/60783068-ffb2-476e-b704-9764370fdb5e' before making global git config changes
2025-07-20T04:46:59.9745340Z Adding repository directory to the temporary git global config as a safe directory
2025-07-20T04:46:59.9749947Z [command]/usr/bin/git config --global --add safe.directory /home/runner/work/Cygni/Cygni/trivy
2025-07-20T04:46:59.9782226Z ##[group]Initializing the repository
2025-07-20T04:46:59.9788000Z [command]/usr/bin/git init /home/runner/work/Cygni/Cygni/trivy
2025-07-20T04:46:59.9827353Z hint: Using 'master' as the name for the initial branch. This default branch name
2025-07-20T04:46:59.9828548Z hint: is subject to change. To configure the initial branch name to use in all
2025-07-20T04:46:59.9829790Z hint: of your new repositories, which will suppress this warning, call:
2025-07-20T04:46:59.9830443Z hint:
2025-07-20T04:46:59.9830901Z hint: 	git config --global init.defaultBranch <name>
2025-07-20T04:46:59.9831447Z hint:
2025-07-20T04:46:59.9831999Z hint: Names commonly chosen instead of 'master' are 'main', 'trunk' and
2025-07-20T04:46:59.9832930Z hint: 'development'. The just-created branch can be renamed via this command:
2025-07-20T04:46:59.9833576Z hint:
2025-07-20T04:46:59.9833939Z hint: 	git branch -m <name>
2025-07-20T04:46:59.9834342Z hint:
2025-07-20T04:46:59.9834958Z hint: Disable this message with "git config set advice.defaultBranchName false"
2025-07-20T04:46:59.9836180Z Initialized empty Git repository in /home/runner/work/Cygni/Cygni/trivy/.git/
2025-07-20T04:46:59.9840811Z [command]/usr/bin/git remote add origin https://github.com/aquasecurity/trivy
2025-07-20T04:46:59.9869479Z ##[endgroup]
2025-07-20T04:46:59.9870149Z ##[group]Disabling automatic garbage collection
2025-07-20T04:46:59.9874579Z [command]/usr/bin/git config --local gc.auto 0
2025-07-20T04:46:59.9904254Z ##[endgroup]
2025-07-20T04:46:59.9904885Z ##[group]Setting up auth
2025-07-20T04:46:59.9911810Z [command]/usr/bin/git config --local --name-only --get-regexp core\.sshCommand
2025-07-20T04:46:59.9940753Z [command]/usr/bin/git submodule foreach --recursive sh -c "git config --local --name-only --get-regexp 'core\.sshCommand' && git config --local --unset-all 'core.sshCommand' || :"
2025-07-20T04:47:00.0175685Z [command]/usr/bin/git config --local --name-only --get-regexp http\.https\:\/\/github\.com\/\.extraheader
2025-07-20T04:47:00.0208015Z [command]/usr/bin/git submodule foreach --recursive sh -c "git config --local --name-only --get-regexp 'http\.https\:\/\/github\.com\/\.extraheader' && git config --local --unset-all 'http.https://github.com/.extraheader' || :"
2025-07-20T04:47:00.0442174Z [command]/usr/bin/git config --local http.https://github.com/.extraheader AUTHORIZATION: basic ***
2025-07-20T04:47:00.0477250Z ##[endgroup]
2025-07-20T04:47:00.0477794Z ##[group]Determining the default branch
2025-07-20T04:47:00.0480576Z Retrieving the default branch name
2025-07-20T04:47:00.2527475Z Default branch 'main'
2025-07-20T04:47:00.2528951Z ##[endgroup]
2025-07-20T04:47:00.2529926Z ##[group]Fetching the repository
2025-07-20T04:47:00.2539358Z [command]/usr/bin/git -c protocol.version=2 fetch --no-tags --prune --no-recurse-submodules --filter=blob:none --depth=1 origin +refs/heads/main:refs/remotes/origin/main
2025-07-20T04:47:00.4584292Z From https://github.com/aquasecurity/trivy
2025-07-20T04:47:00.4584879Z  * [new branch]      main       -> origin/main
2025-07-20T04:47:00.4613505Z ##[endgroup]
2025-07-20T04:47:00.4614151Z ##[group]Determining the checkout info
2025-07-20T04:47:00.4615386Z ##[endgroup]
2025-07-20T04:47:00.4615935Z ##[group]Setting up sparse checkout
2025-07-20T04:47:00.4620410Z [command]/usr/bin/git sparse-checkout set contrib
2025-07-20T04:47:00.4656213Z ##[endgroup]
2025-07-20T04:47:00.4657394Z ##[group]Checking out the ref
2025-07-20T04:47:00.4660080Z [command]/usr/bin/git checkout --progress --force -B main refs/remotes/origin/main
2025-07-20T04:47:00.6428643Z Switched to a new branch 'main'
2025-07-20T04:47:00.6431117Z branch 'main' set up to track 'origin/main'.
2025-07-20T04:47:00.6440041Z ##[endgroup]
2025-07-20T04:47:00.6480801Z [command]/usr/bin/git log -1 --format=%H
2025-07-20T04:47:00.6505916Z 362be17f7e725143a838ce1a35be43e2c356c1a4
2025-07-20T04:47:00.6618713Z ##[group]Run echo "installing Trivy binary"
2025-07-20T04:47:00.6619057Z [36;1mecho "installing Trivy binary"[0m
2025-07-20T04:47:00.6619464Z [36;1mbash ./trivy/contrib/install.sh -b /home/runner/.local/bin/trivy-bin v0.64.1[0m
2025-07-20T04:47:00.6619951Z [36;1mcp -r ./trivy/contrib /home/runner/.local/bin/trivy-bin/contrib[0m
2025-07-20T04:47:00.6620294Z [36;1mrm -rf ./trivy[0m
2025-07-20T04:47:00.6647935Z shell: /usr/bin/bash --noprofile --norc -e -o pipefail {0}
2025-07-20T04:47:00.6648268Z env:
2025-07-20T04:47:00.6648439Z   REGISTRY: ghcr.io
2025-07-20T04:47:00.6648649Z   IMAGE_NAME: patrg444/Cygni
2025-07-20T04:47:00.6648858Z ##[endgroup]
2025-07-20T04:47:00.6694885Z installing Trivy binary
2025-07-20T04:47:00.6821601Z aquasecurity/trivy info checking GitHub for tag 'v0.64.1'
2025-07-20T04:47:00.7282372Z aquasecurity/trivy info found version: 0.64.1 for v0.64.1/Linux/64bit
2025-07-20T04:47:01.9935997Z aquasecurity/trivy info installed /home/runner/.local/bin/trivy-bin/trivy
2025-07-20T04:47:02.0384644Z ##[group]Run echo /home/runner/.local/bin/trivy-bin >> $GITHUB_PATH
2025-07-20T04:47:02.0385318Z [36;1mecho /home/runner/.local/bin/trivy-bin >> $GITHUB_PATH[0m
2025-07-20T04:47:02.0412687Z shell: /usr/bin/bash --noprofile --norc -e -o pipefail {0}
2025-07-20T04:47:02.0413015Z env:
2025-07-20T04:47:02.0413186Z   REGISTRY: ghcr.io
2025-07-20T04:47:02.0413383Z   IMAGE_NAME: patrg444/Cygni
2025-07-20T04:47:02.0413599Z ##[endgroup]
2025-07-20T04:47:02.0484993Z ##[group]Run echo "date=$(date +'%Y-%m-%d')" >> $GITHUB_OUTPUT
2025-07-20T04:47:02.0486835Z [36;1mecho "date=$(date +'%Y-%m-%d')" >> $GITHUB_OUTPUT[0m
2025-07-20T04:47:02.0513705Z shell: /usr/bin/bash --noprofile --norc -e -o pipefail {0}
2025-07-20T04:47:02.0514096Z env:
2025-07-20T04:47:02.0514323Z   REGISTRY: ghcr.io
2025-07-20T04:47:02.0514524Z   IMAGE_NAME: patrg444/Cygni
2025-07-20T04:47:02.0514741Z ##[endgroup]
2025-07-20T04:47:02.0616144Z ##[group]Run actions/cache@v4
2025-07-20T04:47:02.0616380Z with:
2025-07-20T04:47:02.0616580Z   path: /home/runner/work/Cygni/Cygni/.cache/trivy
2025-07-20T04:47:02.0616870Z   key: cache-trivy-2025-07-20
2025-07-20T04:47:02.0617099Z   restore-keys: cache-trivy-
2025-07-20T04:47:02.0617317Z   enableCrossOsArchive: false
2025-07-20T04:47:02.0617543Z   fail-on-cache-miss: false
2025-07-20T04:47:02.0617772Z   lookup-only: false
2025-07-20T04:47:02.0617964Z   save-always: false
2025-07-20T04:47:02.0618133Z env:
2025-07-20T04:47:02.0618288Z   REGISTRY: ghcr.io
2025-07-20T04:47:02.0618474Z   IMAGE_NAME: patrg444/Cygni
2025-07-20T04:47:02.0618681Z ##[endgroup]
2025-07-20T04:47:02.2608869Z Cache hit for: cache-trivy-2025-07-20
2025-07-20T04:47:02.6791242Z Received 48645079 of 48645079 (100.0%), 127.1 MBs/sec
2025-07-20T04:47:02.6792399Z Cache Size: ~46 MB (48645079 B)
2025-07-20T04:47:02.6828734Z [command]/usr/bin/tar -xf /home/runner/work/_temp/ce8a8d30-99dd-4595-afb3-0aa96ee0e1c6/cache.tzst -P -C /home/runner/work/Cygni/Cygni --use-compress-program unzstd
2025-07-20T04:47:03.4999705Z Cache restored successfully
2025-07-20T04:47:03.5166972Z Cache restored from key: cache-trivy-2025-07-20
2025-07-20T04:47:03.5262453Z ##[group]Run echo "$GITHUB_ACTION_PATH" >> $GITHUB_PATH
2025-07-20T04:47:03.5262827Z [36;1mecho "$GITHUB_ACTION_PATH" >> $GITHUB_PATH[0m
2025-07-20T04:47:03.5290636Z shell: /usr/bin/bash --noprofile --norc -e -o pipefail {0}
2025-07-20T04:47:03.5291221Z env:
2025-07-20T04:47:03.5291392Z   REGISTRY: ghcr.io
2025-07-20T04:47:03.5291597Z   IMAGE_NAME: patrg444/Cygni
2025-07-20T04:47:03.5291957Z   GITHUB_ACTION_PATH: /home/runner/work/_actions/aquasecurity/trivy-action/master
2025-07-20T04:47:03.5292324Z ##[endgroup]
2025-07-20T04:47:03.5361008Z ##[group]Run rm -f trivy_envs.txt
2025-07-20T04:47:03.5361285Z [36;1mrm -f trivy_envs.txt[0m
2025-07-20T04:47:03.5361688Z [36;1mtouch trivy_envs.txt[0m
2025-07-20T04:47:03.5387301Z shell: /usr/bin/bash --noprofile --norc -e -o pipefail {0}
2025-07-20T04:47:03.5387612Z env:
2025-07-20T04:47:03.5387783Z   REGISTRY: ghcr.io
2025-07-20T04:47:03.5387983Z   IMAGE_NAME: patrg444/Cygni
2025-07-20T04:47:03.5388205Z ##[endgroup]
2025-07-20T04:47:03.5473307Z ##[group]Run # Note: There is currently no way to distinguish between undefined variables and empty strings in GitHub Actions.
2025-07-20T04:47:03.5474098Z [36;1m# Note: There is currently no way to distinguish between undefined variables and empty strings in GitHub Actions.[0m
2025-07-20T04:47:03.5474697Z [36;1m# This limitation affects how we handle default values and empty inputs.[0m
2025-07-20T04:47:03.5475378Z [36;1m# For more information, see: https://github.com/actions/runner/issues/924[0m
2025-07-20T04:47:03.5475742Z [36;1m[0m
2025-07-20T04:47:03.5476074Z [36;1m# The following logic implements the configuration priority described in the README:[0m
2025-07-20T04:47:03.5476472Z [36;1m#[0m
2025-07-20T04:47:03.5476633Z [36;1m# Inputs[0m
2025-07-20T04:47:03.5476830Z [36;1m# Environment Variables[0m
2025-07-20T04:47:03.5477061Z [36;1m# Config File[0m
2025-07-20T04:47:03.5477253Z [36;1m# Defaults[0m
2025-07-20T04:47:03.5477436Z [36;1m#[0m
2025-07-20T04:47:03.5477798Z [36;1m# As noted above defaults are awkward to handle as GitHub Actions will inject those values as the input[0m
2025-07-20T04:47:03.5478393Z [36;1m# if the caller doesn't provide them, thus if the input matches the default we don't set it as we[0m
2025-07-20T04:47:03.5478992Z [36;1m# can't tell the difference.  Plus if we did set it when it was the default value then it could potentially [0m
2025-07-20T04:47:03.5479655Z [36;1m# override an external environment variable, or something in the callers configuration file, which then wouldn't [0m
2025-07-20T04:47:03.5480193Z [36;1m# match the configuration priority that is documented.[0m
2025-07-20T04:47:03.5480506Z [36;1mset_env_var_if_provided() {[0m
2025-07-20T04:47:03.5480750Z [36;1m  local var_name="$1"[0m
2025-07-20T04:47:03.5480983Z [36;1m  local input_value="$2"[0m
2025-07-20T04:47:03.5481226Z [36;1m  local default_value="$3"[0m
2025-07-20T04:47:03.5481442Z [36;1m[0m
2025-07-20T04:47:03.5481700Z [36;1m  if [ ! -z "$input_value" ] && [ "$input_value" != "$default_value" ]; then[0m
2025-07-20T04:47:03.5482130Z [36;1m    # If action was provided with explicit input by the caller set that[0m
2025-07-20T04:47:03.5482526Z [36;1m    echo "export $var_name=$input_value" >> trivy_envs.txt[0m
2025-07-20T04:47:03.5482824Z [36;1m  fi[0m
2025-07-20T04:47:03.5482995Z [36;1m}[0m
2025-07-20T04:47:03.5483152Z [36;1m[0m
2025-07-20T04:47:03.5483412Z [36;1m# Set environment variables, handling those with default values[0m
2025-07-20T04:47:03.5483942Z [36;1m# cf. https://aquasecurity.github.io/trivy/latest/docs/configuration/#environment-variables[0m
2025-07-20T04:47:03.5484427Z [36;1mset_env_var_if_provided "TRIVY_INPUT" "" ""[0m
2025-07-20T04:47:03.5484743Z [36;1mset_env_var_if_provided "TRIVY_EXIT_CODE" "" ""[0m
2025-07-20T04:47:03.5485246Z [36;1mset_env_var_if_provided "TRIVY_IGNORE_UNFIXED" "false" "false"[0m
2025-07-20T04:47:03.5485724Z [36;1mset_env_var_if_provided "TRIVY_PKG_TYPES" "os,library" "os,library"[0m
2025-07-20T04:47:03.5486300Z [36;1mset_env_var_if_provided "TRIVY_SEVERITY" "UNKNOWN,LOW,MEDIUM,HIGH,CRITICAL" "UNKNOWN,LOW,MEDIUM,HIGH,CRITICAL"[0m
2025-07-20T04:47:03.5486833Z [36;1mset_env_var_if_provided "TRIVY_FORMAT" "sarif" "table"[0m
2025-07-20T04:47:03.5487333Z [36;1mset_env_var_if_provided "TRIVY_TEMPLATE" "" ""[0m
2025-07-20T04:47:03.5487696Z [36;1mset_env_var_if_provided "TRIVY_OUTPUT" "trivy-results.sarif" ""[0m
2025-07-20T04:47:03.5488066Z [36;1mset_env_var_if_provided "TRIVY_SKIP_DIRS" "" ""[0m
2025-07-20T04:47:03.5488384Z [36;1mset_env_var_if_provided "TRIVY_SKIP_FILES" "" ""[0m
2025-07-20T04:47:03.5488706Z [36;1mset_env_var_if_provided "TRIVY_TIMEOUT" "" ""[0m
2025-07-20T04:47:03.5489151Z [36;1mset_env_var_if_provided "TRIVY_IGNORE_POLICY" "" ""[0m
2025-07-20T04:47:03.5489464Z [36;1mset_env_var_if_provided "TRIVY_QUIET" "" ""[0m
2025-07-20T04:47:03.5489811Z [36;1mset_env_var_if_provided "TRIVY_LIST_ALL_PKGS" "false" "false"[0m
2025-07-20T04:47:03.5490169Z [36;1mset_env_var_if_provided "TRIVY_SCANNERS" "" ""[0m
2025-07-20T04:47:03.5490478Z [36;1mset_env_var_if_provided "TRIVY_CONFIG" "" ""[0m
2025-07-20T04:47:03.5490782Z [36;1mset_env_var_if_provided "TRIVY_TF_VARS" "" ""[0m
2025-07-20T04:47:03.5491208Z [36;1mset_env_var_if_provided "TRIVY_DOCKER_HOST" "" ""[0m
2025-07-20T04:47:03.5516963Z shell: /usr/bin/bash --noprofile --norc -e -o pipefail {0}
2025-07-20T04:47:03.5517278Z env:
2025-07-20T04:47:03.5517459Z   REGISTRY: ghcr.io
2025-07-20T04:47:03.5517663Z   IMAGE_NAME: patrg444/Cygni
2025-07-20T04:47:03.5517877Z ##[endgroup]
2025-07-20T04:47:03.5584676Z ##[group]Run entrypoint.sh
2025-07-20T04:47:03.5584924Z [36;1mentrypoint.sh[0m
2025-07-20T04:47:03.5610238Z shell: /usr/bin/bash --noprofile --norc -e -o pipefail {0}
2025-07-20T04:47:03.5610561Z env:
2025-07-20T04:47:03.5610727Z   REGISTRY: ghcr.io
2025-07-20T04:47:03.5610934Z   IMAGE_NAME: patrg444/Cygni
2025-07-20T04:47:03.5611165Z   INPUT_SCAN_TYPE: fs
2025-07-20T04:47:03.5611353Z   INPUT_IMAGE_REF: 
2025-07-20T04:47:03.5611534Z   INPUT_SCAN_REF: .
2025-07-20T04:47:03.5611728Z   INPUT_TRIVYIGNORES: 
2025-07-20T04:47:03.5611918Z   INPUT_GITHUB_PAT: 
2025-07-20T04:47:03.5612126Z   INPUT_LIMIT_SEVERITIES_FOR_SARIF: 
2025-07-20T04:47:03.5612435Z   TRIVY_CACHE_DIR: /home/runner/work/Cygni/Cygni/.cache/trivy
2025-07-20T04:47:03.5612746Z ##[endgroup]
2025-07-20T04:47:03.5670370Z Building SARIF report with all severities
2025-07-20T04:47:03.5670932Z Running Trivy with options: trivy fs .
2025-07-20T04:47:03.6207840Z 2025-07-20T04:47:03Z	INFO	[vulndb] Need to update DB
2025-07-20T04:47:03.6208353Z 2025-07-20T04:47:03Z	INFO	[vulndb] Downloading vulnerability DB...
2025-07-20T04:47:03.6224146Z 2025-07-20T04:47:03Z	INFO	[vulndb] Downloading artifact...	repo="mirror.gcr.io/aquasec/trivy-db:2"
2025-07-20T04:47:08.4004596Z 63.83 MiB / 66.99 MiB [---------------------------------------------------------->__] 95.28% ? p/s ?66.99 MiB / 66.99 MiB [----------------------------------------------------------->] 100.00% ? p/s ?66.99 MiB / 66.99 MiB [----------------------------------------------------------->] 100.00% ? p/s ?66.99 MiB / 66.99 MiB [----------------------------------------------->] 100.00% 5.26 MiB p/s ETA 0s66.99 MiB / 66.99 MiB [----------------------------------------------->] 100.00% 5.26 MiB p/s ETA 0s66.99 MiB / 66.99 MiB [----------------------------------------------->] 100.00% 5.26 MiB p/s ETA 0s66.99 MiB / 66.99 MiB [----------------------------------------------->] 100.00% 4.92 MiB p/s ETA 0s66.99 MiB / 66.99 MiB [----------------------------------------------->] 100.00% 4.92 MiB p/s ETA 0s66.99 MiB / 66.99 MiB [----------------------------------------------->] 100.00% 4.92 MiB p/s ETA 0s66.99 MiB / 66.99 MiB [----------------------------------------------->] 100.00% 4.61 MiB p/s ETA 0s66.99 MiB / 66.99 MiB [----------------------------------------------->] 100.00% 4.61 MiB p/s ETA 0s66.99 MiB / 66.99 MiB [-------------------------------------------------] 100.00% 32.73 MiB p/s 2.2s2025-07-20T04:47:08Z	INFO	[vulndb] Artifact successfully downloaded	repo="mirror.gcr.io/aquasec/trivy-db:2"
2025-07-20T04:47:08.4010484Z 2025-07-20T04:47:08Z	INFO	[vuln] Vulnerability scanning is enabled
2025-07-20T04:47:08.4011326Z 2025-07-20T04:47:08Z	INFO	[secret] Secret scanning is enabled
2025-07-20T04:47:08.4012601Z 2025-07-20T04:47:08Z	INFO	[secret] If your scanning is slow, please try '--scanners vuln' to disable secret scanning
2025-07-20T04:47:08.4013949Z 2025-07-20T04:47:08Z	INFO	[secret] Please see also https://trivy.dev/v0.64/docs/scanner/secret#recommendation for faster secret detection
2025-07-20T04:47:08.6289854Z 2025-07-20T04:47:08Z	INFO	[pnpm] To collect the license information of packages, "pnpm install" needs to be performed beforehand	dir="node_modules"
2025-07-20T04:47:08.6598178Z 2025-07-20T04:47:08Z	INFO	[npm] To collect the license information of packages, "npm install" needs to be performed beforehand	dir="examples/express-demo/node_modules"
2025-07-20T04:47:08.6626536Z 2025-07-20T04:47:08Z	INFO	[npm] To collect the license information of packages, "npm install" needs to be performed beforehand	dir="node_modules"
2025-07-20T04:47:08.6934601Z 2025-07-20T04:47:08Z	INFO	Suppressing dependencies for development and testing. To display them, try the '--include-dev-deps' flag.
2025-07-20T04:47:08.6935919Z 2025-07-20T04:47:08Z	INFO	Number of language-specific files	num=3
2025-07-20T04:47:08.6936586Z 2025-07-20T04:47:08Z	INFO	[npm] Detecting vulnerabilities...
2025-07-20T04:47:08.7041644Z 2025-07-20T04:47:08Z	INFO	[pnpm] Detecting vulnerabilities...
2025-07-20T04:47:08.7251653Z ##[group]Run rm -f trivy_envs.txt
2025-07-20T04:47:08.7251953Z [36;1mrm -f trivy_envs.txt[0m
2025-07-20T04:47:08.7279864Z shell: /usr/bin/bash --noprofile --norc -e -o pipefail {0}
2025-07-20T04:47:08.7280179Z env:
2025-07-20T04:47:08.7280435Z   REGISTRY: ghcr.io
2025-07-20T04:47:08.7280779Z   IMAGE_NAME: patrg444/Cygni
2025-07-20T04:47:08.7281139Z ##[endgroup]
