2025-07-20T04:40:48.9824190Z ##[group]Run aquasecurity/trivy-action@master
2025-07-20T04:40:48.9824577Z with:
2025-07-20T04:40:48.9824780Z   scan-type: fs
2025-07-20T04:40:48.9824995Z   scan-ref: .
2025-07-20T04:40:48.9825199Z   format: sarif
2025-07-20T04:40:48.9825424Z   output: trivy-results.sarif
2025-07-20T04:40:48.9825679Z   ignore-unfixed: false
2025-07-20T04:40:48.9825916Z   vuln-type: os,library
2025-07-20T04:40:48.9826174Z   severity: UNKNOWN,LOW,MEDIUM,HIGH,CRITICAL
2025-07-20T04:40:48.9826512Z   cache-dir: /home/runner/work/Cygni/Cygni/.cache/trivy
2025-07-20T04:40:48.9826849Z   list-all-pkgs: false
2025-07-20T04:40:48.9827100Z   version: v0.64.1
2025-07-20T04:40:48.9827311Z   cache: true
2025-07-20T04:40:48.9827521Z   skip-setup-trivy: false
2025-07-20T04:40:48.9827943Z   token-setup-trivy: ***
2025-07-20T04:40:48.9828183Z env:
2025-07-20T04:40:48.9828372Z   REGISTRY: ghcr.io
2025-07-20T04:40:48.9828604Z   IMAGE_NAME: patrg444/Cygni
2025-07-20T04:40:48.9828841Z ##[endgroup]
2025-07-20T04:40:48.9964693Z ##[group]Run aquasecurity/setup-trivy@ff1b8b060f23b650436d419b5e13f67f5d4c3087
2025-07-20T04:40:48.9965152Z with:
2025-07-20T04:40:48.9965358Z   version: v0.64.1
2025-07-20T04:40:48.9965567Z   cache: true
2025-07-20T04:40:48.9965917Z   token: ***
2025-07-20T04:40:48.9966141Z   path: $HOME/.local/bin
2025-07-20T04:40:48.9966370Z env:
2025-07-20T04:40:48.9966572Z   REGISTRY: ghcr.io
2025-07-20T04:40:48.9966800Z   IMAGE_NAME: patrg444/Cygni
2025-07-20T04:40:48.9967050Z ##[endgroup]
2025-07-20T04:40:48.9997722Z ##[group]Run echo "dir=$HOME/.local/bin/trivy-bin" >> $GITHUB_OUTPUT
2025-07-20T04:40:48.9998289Z [36;1mecho "dir=$HOME/.local/bin/trivy-bin" >> $GITHUB_OUTPUT[0m
2025-07-20T04:40:49.0030052Z shell: /usr/bin/bash --noprofile --norc -e -o pipefail {0}
2025-07-20T04:40:49.0030454Z env:
2025-07-20T04:40:49.0030659Z   REGISTRY: ghcr.io
2025-07-20T04:40:49.0030896Z   IMAGE_NAME: patrg444/Cygni
2025-07-20T04:40:49.0031153Z ##[endgroup]
2025-07-20T04:40:49.0178730Z ##[group]Run actions/cache@v4
2025-07-20T04:40:49.0179012Z with:
2025-07-20T04:40:49.0179253Z   path: /home/runner/.local/bin/trivy-bin
2025-07-20T04:40:49.0179562Z   key: trivy-binary-v0.64.1-Linux-X64
2025-07-20T04:40:49.0180111Z   enableCrossOsArchive: false
2025-07-20T04:40:49.0180393Z   fail-on-cache-miss: false
2025-07-20T04:40:49.0180641Z   lookup-only: false
2025-07-20T04:40:49.0180878Z   save-always: false
2025-07-20T04:40:49.0181112Z env:
2025-07-20T04:40:49.0181310Z   REGISTRY: ghcr.io
2025-07-20T04:40:49.0181544Z   IMAGE_NAME: patrg444/Cygni
2025-07-20T04:40:49.0181783Z ##[endgroup]
2025-07-20T04:40:49.2172070Z Cache hit for: trivy-binary-v0.64.1-Linux-X64
2025-07-20T04:40:49.5221521Z Received 41645666 of 41645666 (100.0%), 152.8 MBs/sec
2025-07-20T04:40:49.5223041Z Cache Size: ~40 MB (41645666 B)
2025-07-20T04:40:49.5249081Z [command]/usr/bin/tar -xf /home/runner/work/_temp/b6709da6-73e2-455b-afb5-fd5192e6586b/cache.tzst -P -C /home/runner/work/Cygni/Cygni --use-compress-program unzstd
2025-07-20T04:40:49.7570854Z Cache restored successfully
2025-07-20T04:40:49.7724019Z Cache restored from key: trivy-binary-v0.64.1-Linux-X64
2025-07-20T04:40:49.7840754Z ##[group]Run echo /home/runner/.local/bin/trivy-bin >> $GITHUB_PATH
2025-07-20T04:40:49.7841238Z [36;1mecho /home/runner/.local/bin/trivy-bin >> $GITHUB_PATH[0m
2025-07-20T04:40:49.7869284Z shell: /usr/bin/bash --noprofile --norc -e -o pipefail {0}
2025-07-20T04:40:49.7869872Z env:
2025-07-20T04:40:49.7870163Z   REGISTRY: ghcr.io
2025-07-20T04:40:49.7870501Z   IMAGE_NAME: patrg444/Cygni
2025-07-20T04:40:49.7870819Z ##[endgroup]
2025-07-20T04:40:49.7979041Z ##[group]Run echo "date=$(date +'%Y-%m-%d')" >> $GITHUB_OUTPUT
2025-07-20T04:40:49.7979633Z [36;1mecho "date=$(date +'%Y-%m-%d')" >> $GITHUB_OUTPUT[0m
2025-07-20T04:40:49.8007528Z shell: /usr/bin/bash --noprofile --norc -e -o pipefail {0}
2025-07-20T04:40:49.8007896Z env:
2025-07-20T04:40:49.8008100Z   REGISTRY: ghcr.io
2025-07-20T04:40:49.8008336Z   IMAGE_NAME: patrg444/Cygni
2025-07-20T04:40:49.8008599Z ##[endgroup]
2025-07-20T04:40:49.8114782Z ##[group]Run actions/cache@v4
2025-07-20T04:40:49.8115259Z with:
2025-07-20T04:40:49.8115517Z   path: /home/runner/work/Cygni/Cygni/.cache/trivy
2025-07-20T04:40:49.8115858Z   key: cache-trivy-2025-07-20
2025-07-20T04:40:49.8116129Z   restore-keys: cache-trivy-
2025-07-20T04:40:49.8116397Z   enableCrossOsArchive: false
2025-07-20T04:40:49.8116659Z   fail-on-cache-miss: false
2025-07-20T04:40:49.8116905Z   lookup-only: false
2025-07-20T04:40:49.8117124Z   save-always: false
2025-07-20T04:40:49.8117334Z env:
2025-07-20T04:40:49.8117523Z   REGISTRY: ghcr.io
2025-07-20T04:40:49.8117747Z   IMAGE_NAME: patrg444/Cygni
2025-07-20T04:40:49.8118003Z ##[endgroup]
2025-07-20T04:40:50.0023121Z Cache hit for: cache-trivy-2025-07-20
2025-07-20T04:40:50.5231309Z Received 48645079 of 48645079 (100.0%), 103.8 MBs/sec
2025-07-20T04:40:50.5232239Z Cache Size: ~46 MB (48645079 B)
2025-07-20T04:40:50.5259407Z [command]/usr/bin/tar -xf /home/runner/work/_temp/2c89a846-780d-40ad-86c4-781de88ff11c/cache.tzst -P -C /home/runner/work/Cygni/Cygni --use-compress-program unzstd
2025-07-20T04:40:51.4684950Z Cache restored successfully
2025-07-20T04:40:51.4852506Z Cache restored from key: cache-trivy-2025-07-20
2025-07-20T04:40:51.4952499Z ##[group]Run echo "$GITHUB_ACTION_PATH" >> $GITHUB_PATH
2025-07-20T04:40:51.4952879Z [36;1mecho "$GITHUB_ACTION_PATH" >> $GITHUB_PATH[0m
2025-07-20T04:40:51.4982052Z shell: /usr/bin/bash --noprofile --norc -e -o pipefail {0}
2025-07-20T04:40:51.4982400Z env:
2025-07-20T04:40:51.4982577Z   REGISTRY: ghcr.io
2025-07-20T04:40:51.4982796Z   IMAGE_NAME: patrg444/Cygni
2025-07-20T04:40:51.4983166Z   GITHUB_ACTION_PATH: /home/runner/work/_actions/aquasecurity/trivy-action/master
2025-07-20T04:40:51.4983554Z ##[endgroup]
2025-07-20T04:40:51.5050715Z ##[group]Run rm -f trivy_envs.txt
2025-07-20T04:40:51.5051008Z [36;1mrm -f trivy_envs.txt[0m
2025-07-20T04:40:51.5051277Z [36;1mtouch trivy_envs.txt[0m
2025-07-20T04:40:51.5076456Z shell: /usr/bin/bash --noprofile --norc -e -o pipefail {0}
2025-07-20T04:40:51.5076807Z env:
2025-07-20T04:40:51.5077002Z   REGISTRY: ghcr.io
2025-07-20T04:40:51.5077211Z   IMAGE_NAME: patrg444/Cygni
2025-07-20T04:40:51.5077428Z ##[endgroup]
2025-07-20T04:40:51.5163649Z ##[group]Run # Note: There is currently no way to distinguish between undefined variables and empty strings in GitHub Actions.
2025-07-20T04:40:51.5164479Z [36;1m# Note: There is currently no way to distinguish between undefined variables and empty strings in GitHub Actions.[0m
2025-07-20T04:40:51.5165079Z [36;1m# This limitation affects how we handle default values and empty inputs.[0m
2025-07-20T04:40:51.5165598Z [36;1m# For more information, see: https://github.com/actions/runner/issues/924[0m
2025-07-20T04:40:51.5165977Z [36;1m[0m
2025-07-20T04:40:51.5166321Z [36;1m# The following logic implements the configuration priority described in the README:[0m
2025-07-20T04:40:51.5166714Z [36;1m#[0m
2025-07-20T04:40:51.5166892Z [36;1m# Inputs[0m
2025-07-20T04:40:51.5167126Z [36;1m# Environment Variables[0m
2025-07-20T04:40:51.5167419Z [36;1m# Config File[0m
2025-07-20T04:40:51.5167618Z [36;1m# Defaults[0m
2025-07-20T04:40:51.5167809Z [36;1m#[0m
2025-07-20T04:40:51.5168182Z [36;1m# As noted above defaults are awkward to handle as GitHub Actions will inject those values as the input[0m
2025-07-20T04:40:51.5168792Z [36;1m# if the caller doesn't provide them, thus if the input matches the default we don't set it as we[0m
2025-07-20T04:40:51.5169408Z [36;1m# can't tell the difference.  Plus if we did set it when it was the default value then it could potentially [0m
2025-07-20T04:40:51.5170459Z [36;1m# override an external environment variable, or something in the callers configuration file, which then wouldn't [0m
2025-07-20T04:40:51.5171019Z [36;1m# match the configuration priority that is documented.[0m
2025-07-20T04:40:51.5171344Z [36;1mset_env_var_if_provided() {[0m
2025-07-20T04:40:51.5171593Z [36;1m  local var_name="$1"[0m
2025-07-20T04:40:51.5171831Z [36;1m  local input_value="$2"[0m
2025-07-20T04:40:51.5172232Z [36;1m  local default_value="$3"[0m
2025-07-20T04:40:51.5172470Z [36;1m[0m
2025-07-20T04:40:51.5172738Z [36;1m  if [ ! -z "$input_value" ] && [ "$input_value" != "$default_value" ]; then[0m
2025-07-20T04:40:51.5173168Z [36;1m    # If action was provided with explicit input by the caller set that[0m
2025-07-20T04:40:51.5173578Z [36;1m    echo "export $var_name=$input_value" >> trivy_envs.txt[0m
2025-07-20T04:40:51.5173873Z [36;1m  fi[0m
2025-07-20T04:40:51.5174051Z [36;1m}[0m
2025-07-20T04:40:51.5174220Z [36;1m[0m
2025-07-20T04:40:51.5174489Z [36;1m# Set environment variables, handling those with default values[0m
2025-07-20T04:40:51.5175037Z [36;1m# cf. https://aquasecurity.github.io/trivy/latest/docs/configuration/#environment-variables[0m
2025-07-20T04:40:51.5175526Z [36;1mset_env_var_if_provided "TRIVY_INPUT" "" ""[0m
2025-07-20T04:40:51.5175852Z [36;1mset_env_var_if_provided "TRIVY_EXIT_CODE" "" ""[0m
2025-07-20T04:40:51.5176230Z [36;1mset_env_var_if_provided "TRIVY_IGNORE_UNFIXED" "false" "false"[0m
2025-07-20T04:40:51.5176671Z [36;1mset_env_var_if_provided "TRIVY_PKG_TYPES" "os,library" "os,library"[0m
2025-07-20T04:40:51.5177258Z [36;1mset_env_var_if_provided "TRIVY_SEVERITY" "UNKNOWN,LOW,MEDIUM,HIGH,CRITICAL" "UNKNOWN,LOW,MEDIUM,HIGH,CRITICAL"[0m
2025-07-20T04:40:51.5177801Z [36;1mset_env_var_if_provided "TRIVY_FORMAT" "sarif" "table"[0m
2025-07-20T04:40:51.5178151Z [36;1mset_env_var_if_provided "TRIVY_TEMPLATE" "" ""[0m
2025-07-20T04:40:51.5178525Z [36;1mset_env_var_if_provided "TRIVY_OUTPUT" "trivy-results.sarif" ""[0m
2025-07-20T04:40:51.5178906Z [36;1mset_env_var_if_provided "TRIVY_SKIP_DIRS" "" ""[0m
2025-07-20T04:40:51.5179241Z [36;1mset_env_var_if_provided "TRIVY_SKIP_FILES" "" ""[0m
2025-07-20T04:40:51.5179564Z [36;1mset_env_var_if_provided "TRIVY_TIMEOUT" "" ""[0m
2025-07-20T04:40:51.5180083Z [36;1mset_env_var_if_provided "TRIVY_IGNORE_POLICY" "" ""[0m
2025-07-20T04:40:51.5180421Z [36;1mset_env_var_if_provided "TRIVY_QUIET" "" ""[0m
2025-07-20T04:40:51.5180776Z [36;1mset_env_var_if_provided "TRIVY_LIST_ALL_PKGS" "false" "false"[0m
2025-07-20T04:40:51.5181145Z [36;1mset_env_var_if_provided "TRIVY_SCANNERS" "" ""[0m
2025-07-20T04:40:51.5181463Z [36;1mset_env_var_if_provided "TRIVY_CONFIG" "" ""[0m
2025-07-20T04:40:51.5181791Z [36;1mset_env_var_if_provided "TRIVY_TF_VARS" "" ""[0m
2025-07-20T04:40:51.5182137Z [36;1mset_env_var_if_provided "TRIVY_DOCKER_HOST" "" ""[0m
2025-07-20T04:40:51.5206960Z shell: /usr/bin/bash --noprofile --norc -e -o pipefail {0}
2025-07-20T04:40:51.5207299Z env:
2025-07-20T04:40:51.5207483Z   REGISTRY: ghcr.io
2025-07-20T04:40:51.5207700Z   IMAGE_NAME: patrg444/Cygni
2025-07-20T04:40:51.5207917Z ##[endgroup]
2025-07-20T04:40:51.5275637Z ##[group]Run entrypoint.sh
2025-07-20T04:40:51.5275899Z [36;1mentrypoint.sh[0m
2025-07-20T04:40:51.5300739Z shell: /usr/bin/bash --noprofile --norc -e -o pipefail {0}
2025-07-20T04:40:51.5301085Z env:
2025-07-20T04:40:51.5301274Z   REGISTRY: ghcr.io
2025-07-20T04:40:51.5301491Z   IMAGE_NAME: patrg444/Cygni
2025-07-20T04:40:51.5301733Z   INPUT_SCAN_TYPE: fs
2025-07-20T04:40:51.5301935Z   INPUT_IMAGE_REF: 
2025-07-20T04:40:51.5302117Z   INPUT_SCAN_REF: .
2025-07-20T04:40:51.5302320Z   INPUT_TRIVYIGNORES: 
2025-07-20T04:40:51.5302525Z   INPUT_GITHUB_PAT: 
2025-07-20T04:40:51.5302737Z   INPUT_LIMIT_SEVERITIES_FOR_SARIF: 
2025-07-20T04:40:51.5303053Z   TRIVY_CACHE_DIR: /home/runner/work/Cygni/Cygni/.cache/trivy
2025-07-20T04:40:51.5303356Z ##[endgroup]
2025-07-20T04:40:51.5359261Z Building SARIF report with all severities
2025-07-20T04:40:51.5871171Z 2025-07-20T04:40:51Z	INFO	[vulndb] Need to update DB
2025-07-20T04:40:51.5872157Z 2025-07-20T04:40:51Z	INFO	[vulndb] Downloading vulnerability DB...
2025-07-20T04:40:51.5872798Z 2025-07-20T04:40:51Z	INFO	[vulndb] Downloading artifact...	repo="mirror.gcr.io/aquasec/trivy-db:2"
2025-07-20T04:40:51.5873349Z Running Trivy with options: trivy fs .
2025-07-20T04:40:55.4687479Z 43.72 MiB / 66.99 MiB [--------------------------------------->_____________________] 65.26% ? p/s ?66.99 MiB / 66.99 MiB [----------------------------------------------------------->] 100.00% ? p/s ?66.99 MiB / 66.99 MiB [----------------------------------------------------------->] 100.00% ? p/s ?66.99 MiB / 66.99 MiB [---------------------------------------------->] 100.00% 38.72 MiB p/s ETA 0s66.99 MiB / 66.99 MiB [---------------------------------------------->] 100.00% 38.72 MiB p/s ETA 0s66.99 MiB / 66.99 MiB [---------------------------------------------->] 100.00% 38.72 MiB p/s ETA 0s66.99 MiB / 66.99 MiB [---------------------------------------------->] 100.00% 36.22 MiB p/s ETA 0s66.99 MiB / 66.99 MiB [---------------------------------------------->] 100.00% 36.22 MiB p/s ETA 0s66.99 MiB / 66.99 MiB [---------------------------------------------->] 100.00% 36.22 MiB p/s ETA 0s66.99 MiB / 66.99 MiB [---------------------------------------------->] 100.00% 33.89 MiB p/s ETA 0s66.99 MiB / 66.99 MiB [---------------------------------------------->] 100.00% 33.89 MiB p/s ETA 0s66.99 MiB / 66.99 MiB [-------------------------------------------------] 100.00% 31.85 MiB p/s 2.3s2025-07-20T04:40:55Z	INFO	[vulndb] Artifact successfully downloaded	repo="mirror.gcr.io/aquasec/trivy-db:2"
2025-07-20T04:40:55.4692988Z 2025-07-20T04:40:55Z	INFO	[vuln] Vulnerability scanning is enabled
2025-07-20T04:40:55.4693716Z 2025-07-20T04:40:55Z	INFO	[secret] Secret scanning is enabled
2025-07-20T04:40:55.4694623Z 2025-07-20T04:40:55Z	INFO	[secret] If your scanning is slow, please try '--scanners vuln' to disable secret scanning
2025-07-20T04:40:55.4695977Z 2025-07-20T04:40:55Z	INFO	[secret] Please see also https://trivy.dev/v0.64/docs/scanner/secret#recommendation for faster secret detection
2025-07-20T04:40:55.6469481Z 2025-07-20T04:40:55Z	INFO	[npm] To collect the license information of packages, "npm install" needs to be performed beforehand	dir="examples/express-demo/node_modules"
2025-07-20T04:40:55.6476021Z 2025-07-20T04:40:55Z	INFO	[npm] To collect the license information of packages, "npm install" needs to be performed beforehand	dir="node_modules"
2025-07-20T04:40:55.6613335Z 2025-07-20T04:40:55Z	INFO	[pnpm] To collect the license information of packages, "pnpm install" needs to be performed beforehand	dir="node_modules"
2025-07-20T04:40:55.7085944Z 2025-07-20T04:40:55Z	INFO	Suppressing dependencies for development and testing. To display them, try the '--include-dev-deps' flag.
2025-07-20T04:40:55.7087315Z 2025-07-20T04:40:55Z	INFO	Number of language-specific files	num=3
2025-07-20T04:40:55.7088157Z 2025-07-20T04:40:55Z	INFO	[npm] Detecting vulnerabilities...
2025-07-20T04:40:55.7202598Z 2025-07-20T04:40:55Z	INFO	[pnpm] Detecting vulnerabilities...
2025-07-20T04:40:55.7436089Z ##[group]Run rm -f trivy_envs.txt
2025-07-20T04:40:55.7436400Z [36;1mrm -f trivy_envs.txt[0m
2025-07-20T04:40:55.7464551Z shell: /usr/bin/bash --noprofile --norc -e -o pipefail {0}
2025-07-20T04:40:55.7464872Z env:
2025-07-20T04:40:55.7465049Z   REGISTRY: ghcr.io
2025-07-20T04:40:55.7465255Z   IMAGE_NAME: patrg444/Cygni
2025-07-20T04:40:55.7465496Z ##[endgroup]
