2025-07-20T00:30:05.1643429Z ##[group]Run aquasecurity/trivy-action@master
2025-07-20T00:30:05.1643806Z with:
2025-07-20T00:30:05.1644016Z   scan-type: fs
2025-07-20T00:30:05.1644247Z   scan-ref: .
2025-07-20T00:30:05.1644452Z   format: sarif
2025-07-20T00:30:05.1644684Z   output: trivy-results.sarif
2025-07-20T00:30:05.1644958Z   ignore-unfixed: false
2025-07-20T00:30:05.1645198Z   vuln-type: os,library
2025-07-20T00:30:05.1645461Z   severity: UNKNOWN,LOW,MEDIUM,HIGH,CRITICAL
2025-07-20T00:30:05.1645808Z   cache-dir: /home/runner/work/Cygni/Cygni/.cache/trivy
2025-07-20T00:30:05.1646132Z   list-all-pkgs: false
2025-07-20T00:30:05.1646384Z   version: v0.64.1
2025-07-20T00:30:05.1646607Z   cache: true
2025-07-20T00:30:05.1646821Z   skip-setup-trivy: false
2025-07-20T00:30:05.1647266Z   token-setup-trivy: ***
2025-07-20T00:30:05.1647515Z env:
2025-07-20T00:30:05.1647713Z   REGISTRY: ghcr.io
2025-07-20T00:30:05.1648174Z   IMAGE_NAME: patrg444/Cygni
2025-07-20T00:30:05.1648431Z ##[endgroup]
2025-07-20T00:30:05.1782620Z ##[group]Run aquasecurity/setup-trivy@ff1b8b060f23b650436d419b5e13f67f5d4c3087
2025-07-20T00:30:05.1783079Z with:
2025-07-20T00:30:05.1783283Z   version: v0.64.1
2025-07-20T00:30:05.1783500Z   cache: true
2025-07-20T00:30:05.1783865Z   token: ***
2025-07-20T00:30:05.1784093Z   path: $HOME/.local/bin
2025-07-20T00:30:05.1784329Z env:
2025-07-20T00:30:05.1784526Z   REGISTRY: ghcr.io
2025-07-20T00:30:05.1784764Z   IMAGE_NAME: patrg444/Cygni
2025-07-20T00:30:05.1785014Z ##[endgroup]
2025-07-20T00:30:05.1816338Z ##[group]Run echo "dir=$HOME/.local/bin/trivy-bin" >> $GITHUB_OUTPUT
2025-07-20T00:30:05.1816878Z [36;1mecho "dir=$HOME/.local/bin/trivy-bin" >> $GITHUB_OUTPUT[0m
2025-07-20T00:30:05.1848662Z shell: /usr/bin/bash --noprofile --norc -e -o pipefail {0}
2025-07-20T00:30:05.1849057Z env:
2025-07-20T00:30:05.1849275Z   REGISTRY: ghcr.io
2025-07-20T00:30:05.1849516Z   IMAGE_NAME: patrg444/Cygni
2025-07-20T00:30:05.1849768Z ##[endgroup]
2025-07-20T00:30:05.1995523Z ##[group]Run actions/cache@v4
2025-07-20T00:30:05.1995801Z with:
2025-07-20T00:30:05.1996051Z   path: /home/runner/.local/bin/trivy-bin
2025-07-20T00:30:05.1996365Z   key: trivy-binary-v0.64.1-Linux-X64
2025-07-20T00:30:05.1996664Z   enableCrossOsArchive: false
2025-07-20T00:30:05.1996948Z   fail-on-cache-miss: false
2025-07-20T00:30:05.1997201Z   lookup-only: false
2025-07-20T00:30:05.1997443Z   save-always: false
2025-07-20T00:30:05.1997663Z env:
2025-07-20T00:30:05.1998063Z   REGISTRY: ghcr.io
2025-07-20T00:30:05.1998330Z   IMAGE_NAME: patrg444/Cygni
2025-07-20T00:30:05.1998586Z ##[endgroup]
2025-07-20T00:30:05.4302244Z Cache hit for: trivy-binary-v0.64.1-Linux-X64
2025-07-20T00:30:05.9214625Z Received 41645666 of 41645666 (100.0%), 117.2 MBs/sec
2025-07-20T00:30:05.9215555Z Cache Size: ~40 MB (41645666 B)
2025-07-20T00:30:05.9245597Z [command]/usr/bin/tar -xf /home/runner/work/_temp/993a7320-a559-4df6-a697-b9968e2e7112/cache.tzst -P -C /home/runner/work/Cygni/Cygni --use-compress-program unzstd
2025-07-20T00:30:06.1803057Z Cache restored successfully
2025-07-20T00:30:06.1988683Z Cache restored from key: trivy-binary-v0.64.1-Linux-X64
2025-07-20T00:30:06.2135472Z ##[group]Run echo /home/runner/.local/bin/trivy-bin >> $GITHUB_PATH
2025-07-20T00:30:06.2135939Z [36;1mecho /home/runner/.local/bin/trivy-bin >> $GITHUB_PATH[0m
2025-07-20T00:30:06.2163490Z shell: /usr/bin/bash --noprofile --norc -e -o pipefail {0}
2025-07-20T00:30:06.2163817Z env:
2025-07-20T00:30:06.2163997Z   REGISTRY: ghcr.io
2025-07-20T00:30:06.2164202Z   IMAGE_NAME: patrg444/Cygni
2025-07-20T00:30:06.2164425Z ##[endgroup]
2025-07-20T00:30:06.2238850Z ##[group]Run echo "date=$(date +'%Y-%m-%d')" >> $GITHUB_OUTPUT
2025-07-20T00:30:06.2239410Z [36;1mecho "date=$(date +'%Y-%m-%d')" >> $GITHUB_OUTPUT[0m
2025-07-20T00:30:06.2266519Z shell: /usr/bin/bash --noprofile --norc -e -o pipefail {0}
2025-07-20T00:30:06.2266908Z env:
2025-07-20T00:30:06.2267085Z   REGISTRY: ghcr.io
2025-07-20T00:30:06.2267308Z   IMAGE_NAME: patrg444/Cygni
2025-07-20T00:30:06.2267535Z ##[endgroup]
2025-07-20T00:30:06.2371258Z ##[group]Run actions/cache@v4
2025-07-20T00:30:06.2371702Z with:
2025-07-20T00:30:06.2371926Z   path: /home/runner/work/Cygni/Cygni/.cache/trivy
2025-07-20T00:30:06.2372217Z   key: cache-trivy-2025-07-20
2025-07-20T00:30:06.2372453Z   restore-keys: cache-trivy-
2025-07-20T00:30:06.2372690Z   enableCrossOsArchive: false
2025-07-20T00:30:06.2372929Z   fail-on-cache-miss: false
2025-07-20T00:30:06.2373144Z   lookup-only: false
2025-07-20T00:30:06.2373344Z   save-always: false
2025-07-20T00:30:06.2373531Z env:
2025-07-20T00:30:06.2373732Z   REGISTRY: ghcr.io
2025-07-20T00:30:06.2373970Z   IMAGE_NAME: patrg444/Cygni
2025-07-20T00:30:06.2374197Z ##[endgroup]
2025-07-20T00:30:06.4359904Z Cache hit for: cache-trivy-2025-07-20
2025-07-20T00:30:06.7718759Z Received 48645079 of 48645079 (100.0%), 157.8 MBs/sec
2025-07-20T00:30:06.7719681Z Cache Size: ~46 MB (48645079 B)
2025-07-20T00:30:06.7750565Z [command]/usr/bin/tar -xf /home/runner/work/_temp/48108bcc-009e-4b80-954d-fd8f45af85d1/cache.tzst -P -C /home/runner/work/Cygni/Cygni --use-compress-program unzstd
2025-07-20T00:30:07.5383776Z Cache restored successfully
2025-07-20T00:30:07.5551157Z Cache restored from key: cache-trivy-2025-07-20
2025-07-20T00:30:07.5653420Z ##[group]Run echo "$GITHUB_ACTION_PATH" >> $GITHUB_PATH
2025-07-20T00:30:07.5653800Z [36;1mecho "$GITHUB_ACTION_PATH" >> $GITHUB_PATH[0m
2025-07-20T00:30:07.5681874Z shell: /usr/bin/bash --noprofile --norc -e -o pipefail {0}
2025-07-20T00:30:07.5682200Z env:
2025-07-20T00:30:07.5682379Z   REGISTRY: ghcr.io
2025-07-20T00:30:07.5682591Z   IMAGE_NAME: patrg444/Cygni
2025-07-20T00:30:07.5682978Z   GITHUB_ACTION_PATH: /home/runner/work/_actions/aquasecurity/trivy-action/master
2025-07-20T00:30:07.5683345Z ##[endgroup]
2025-07-20T00:30:07.5748374Z ##[group]Run rm -f trivy_envs.txt
2025-07-20T00:30:07.5748672Z [36;1mrm -f trivy_envs.txt[0m
2025-07-20T00:30:07.5748908Z [36;1mtouch trivy_envs.txt[0m
2025-07-20T00:30:07.5773890Z shell: /usr/bin/bash --noprofile --norc -e -o pipefail {0}
2025-07-20T00:30:07.5774207Z env:
2025-07-20T00:30:07.5774404Z   REGISTRY: ghcr.io
2025-07-20T00:30:07.5774621Z   IMAGE_NAME: patrg444/Cygni
2025-07-20T00:30:07.5774844Z ##[endgroup]
2025-07-20T00:30:07.5858897Z ##[group]Run # Note: There is currently no way to distinguish between undefined variables and empty strings in GitHub Actions.
2025-07-20T00:30:07.5859710Z [36;1m# Note: There is currently no way to distinguish between undefined variables and empty strings in GitHub Actions.[0m
2025-07-20T00:30:07.5860309Z [36;1m# This limitation affects how we handle default values and empty inputs.[0m
2025-07-20T00:30:07.5860827Z [36;1m# For more information, see: https://github.com/actions/runner/issues/924[0m
2025-07-20T00:30:07.5861204Z [36;1m[0m
2025-07-20T00:30:07.5861546Z [36;1m# The following logic implements the configuration priority described in the README:[0m
2025-07-20T00:30:07.5861941Z [36;1m#[0m
2025-07-20T00:30:07.5862118Z [36;1m# Inputs[0m
2025-07-20T00:30:07.5862316Z [36;1m# Environment Variables[0m
2025-07-20T00:30:07.5862567Z [36;1m# Config File[0m
2025-07-20T00:30:07.5862777Z [36;1m# Defaults[0m
2025-07-20T00:30:07.5862973Z [36;1m#[0m
2025-07-20T00:30:07.5863347Z [36;1m# As noted above defaults are awkward to handle as GitHub Actions will inject those values as the input[0m
2025-07-20T00:30:07.5863956Z [36;1m# if the caller doesn't provide them, thus if the input matches the default we don't set it as we[0m
2025-07-20T00:30:07.5864556Z [36;1m# can't tell the difference.  Plus if we did set it when it was the default value then it could potentially [0m
2025-07-20T00:30:07.5865422Z [36;1m# override an external environment variable, or something in the callers configuration file, which then wouldn't [0m
2025-07-20T00:30:07.5865963Z [36;1m# match the configuration priority that is documented.[0m
2025-07-20T00:30:07.5866285Z [36;1mset_env_var_if_provided() {[0m
2025-07-20T00:30:07.5866541Z [36;1m  local var_name="$1"[0m
2025-07-20T00:30:07.5866783Z [36;1m  local input_value="$2"[0m
2025-07-20T00:30:07.5867173Z [36;1m  local default_value="$3"[0m
2025-07-20T00:30:07.5867411Z [36;1m[0m
2025-07-20T00:30:07.5867676Z [36;1m  if [ ! -z "$input_value" ] && [ "$input_value" != "$default_value" ]; then[0m
2025-07-20T00:30:07.5868303Z [36;1m    # If action was provided with explicit input by the caller set that[0m
2025-07-20T00:30:07.5868721Z [36;1m    echo "export $var_name=$input_value" >> trivy_envs.txt[0m
2025-07-20T00:30:07.5869026Z [36;1m  fi[0m
2025-07-20T00:30:07.5869211Z [36;1m}[0m
2025-07-20T00:30:07.5869383Z [36;1m[0m
2025-07-20T00:30:07.5869651Z [36;1m# Set environment variables, handling those with default values[0m
2025-07-20T00:30:07.5870196Z [36;1m# cf. https://aquasecurity.github.io/trivy/latest/docs/configuration/#environment-variables[0m
2025-07-20T00:30:07.5870698Z [36;1mset_env_var_if_provided "TRIVY_INPUT" "" ""[0m
2025-07-20T00:30:07.5871029Z [36;1mset_env_var_if_provided "TRIVY_EXIT_CODE" "" ""[0m
2025-07-20T00:30:07.5871400Z [36;1mset_env_var_if_provided "TRIVY_IGNORE_UNFIXED" "false" "false"[0m
2025-07-20T00:30:07.5871837Z [36;1mset_env_var_if_provided "TRIVY_PKG_TYPES" "os,library" "os,library"[0m
2025-07-20T00:30:07.5872426Z [36;1mset_env_var_if_provided "TRIVY_SEVERITY" "UNKNOWN,LOW,MEDIUM,HIGH,CRITICAL" "UNKNOWN,LOW,MEDIUM,HIGH,CRITICAL"[0m
2025-07-20T00:30:07.5872977Z [36;1mset_env_var_if_provided "TRIVY_FORMAT" "sarif" "table"[0m
2025-07-20T00:30:07.5873330Z [36;1mset_env_var_if_provided "TRIVY_TEMPLATE" "" ""[0m
2025-07-20T00:30:07.5873713Z [36;1mset_env_var_if_provided "TRIVY_OUTPUT" "trivy-results.sarif" ""[0m
2025-07-20T00:30:07.5874091Z [36;1mset_env_var_if_provided "TRIVY_SKIP_DIRS" "" ""[0m
2025-07-20T00:30:07.5874431Z [36;1mset_env_var_if_provided "TRIVY_SKIP_FILES" "" ""[0m
2025-07-20T00:30:07.5874768Z [36;1mset_env_var_if_provided "TRIVY_TIMEOUT" "" ""[0m
2025-07-20T00:30:07.5875101Z [36;1mset_env_var_if_provided "TRIVY_IGNORE_POLICY" "" ""[0m
2025-07-20T00:30:07.5875433Z [36;1mset_env_var_if_provided "TRIVY_QUIET" "" ""[0m
2025-07-20T00:30:07.5875791Z [36;1mset_env_var_if_provided "TRIVY_LIST_ALL_PKGS" "false" "false"[0m
2025-07-20T00:30:07.5876159Z [36;1mset_env_var_if_provided "TRIVY_SCANNERS" "" ""[0m
2025-07-20T00:30:07.5876473Z [36;1mset_env_var_if_provided "TRIVY_CONFIG" "" ""[0m
2025-07-20T00:30:07.5876784Z [36;1mset_env_var_if_provided "TRIVY_TF_VARS" "" ""[0m
2025-07-20T00:30:07.5877178Z [36;1mset_env_var_if_provided "TRIVY_DOCKER_HOST" "" ""[0m
2025-07-20T00:30:07.5902715Z shell: /usr/bin/bash --noprofile --norc -e -o pipefail {0}
2025-07-20T00:30:07.5903038Z env:
2025-07-20T00:30:07.5903220Z   REGISTRY: ghcr.io
2025-07-20T00:30:07.5903435Z   IMAGE_NAME: patrg444/Cygni
2025-07-20T00:30:07.5903656Z ##[endgroup]
2025-07-20T00:30:07.5969063Z ##[group]Run entrypoint.sh
2025-07-20T00:30:07.5969313Z [36;1mentrypoint.sh[0m
2025-07-20T00:30:07.5994003Z shell: /usr/bin/bash --noprofile --norc -e -o pipefail {0}
2025-07-20T00:30:07.5994314Z env:
2025-07-20T00:30:07.5994487Z   REGISTRY: ghcr.io
2025-07-20T00:30:07.5994695Z   IMAGE_NAME: patrg444/Cygni
2025-07-20T00:30:07.5994926Z   INPUT_SCAN_TYPE: fs
2025-07-20T00:30:07.5995123Z   INPUT_IMAGE_REF: 
2025-07-20T00:30:07.5995306Z   INPUT_SCAN_REF: .
2025-07-20T00:30:07.5995511Z   INPUT_TRIVYIGNORES: 
2025-07-20T00:30:07.5995714Z   INPUT_GITHUB_PAT: 
2025-07-20T00:30:07.5995920Z   INPUT_LIMIT_SEVERITIES_FOR_SARIF: 
2025-07-20T00:30:07.5996224Z   TRIVY_CACHE_DIR: /home/runner/work/Cygni/Cygni/.cache/trivy
2025-07-20T00:30:07.5996521Z ##[endgroup]
2025-07-20T00:30:07.6053187Z Building SARIF report with all severities
2025-07-20T00:30:07.6053720Z Running Trivy with options: trivy fs .
2025-07-20T00:30:07.6609680Z 2025-07-20T00:30:07Z	INFO	[vuln] Vulnerability scanning is enabled
2025-07-20T00:30:07.6610608Z 2025-07-20T00:30:07Z	INFO	[secret] Secret scanning is enabled
2025-07-20T00:30:07.6611707Z 2025-07-20T00:30:07Z	INFO	[secret] If your scanning is slow, please try '--scanners vuln' to disable secret scanning
2025-07-20T00:30:07.6613412Z 2025-07-20T00:30:07Z	INFO	[secret] Please see also https://trivy.dev/v0.64/docs/scanner/secret#recommendation for faster secret detection
2025-07-20T00:30:07.7565262Z 2025-07-20T00:30:07Z	INFO	[npm] To collect the license information of packages, "npm install" needs to be performed beforehand	dir="node_modules"
2025-07-20T00:30:07.7710378Z 2025-07-20T00:30:07Z	INFO	[pnpm] To collect the license information of packages, "pnpm install" needs to be performed beforehand	dir="node_modules"
2025-07-20T00:30:07.8263774Z 2025-07-20T00:30:07Z	INFO	Suppressing dependencies for development and testing. To display them, try the '--include-dev-deps' flag.
2025-07-20T00:30:07.8265028Z 2025-07-20T00:30:07Z	INFO	Number of language-specific files	num=2
2025-07-20T00:30:07.8265729Z 2025-07-20T00:30:07Z	INFO	[npm] Detecting vulnerabilities...
2025-07-20T00:30:07.8360798Z 2025-07-20T00:30:07Z	INFO	[pnpm] Detecting vulnerabilities...
2025-07-20T00:30:07.8582083Z ##[group]Run rm -f trivy_envs.txt
2025-07-20T00:30:07.8582388Z [36;1mrm -f trivy_envs.txt[0m
2025-07-20T00:30:07.8610548Z shell: /usr/bin/bash --noprofile --norc -e -o pipefail {0}
2025-07-20T00:30:07.8610879Z env:
2025-07-20T00:30:07.8611056Z   REGISTRY: ghcr.io
2025-07-20T00:30:07.8611267Z   IMAGE_NAME: patrg444/Cygni
2025-07-20T00:30:07.8611487Z ##[endgroup]
